<html>
<body>
<pre>
<h1>µVision Build Log</h1>
<h2>Tool Versions:</h2>
IDE-Version: µVision V5.24.2.0
Copyright (C) 2017 ARM Ltd and ARM Germany GmbH. All rights reserved.
License Information: bui Anh Khoa, abc, LIC=ZB4Y8-3T5U3-PA4DH-W94SG-1DVAT-6DK30
 
Tool Versions:
Toolchain:       MDK-ARM Plus  Version: 5.24.1
Toolchain Path:  C:\Keil_v5\ARM\ARMCC\Bin
C Compiler:      Armcc.exe V5.06 update 5 (build 528)
Assembler:       Armasm.exe V5.06 update 5 (build 528)
Linker/Locator:  ArmLink.exe V5.06 update 5 (build 528)
Library Manager: ArmAr.exe V5.06 update 5 (build 528)
Hex Converter:   FromElf.exe V5.06 update 5 (build 528)
CPU DLL:         SARMCM3.DLL V5.24.1
Dialog DLL:      DCM.DLL V1.16.0.0
    Target DLL: STLink\ST-LINKIII-KEIL.dll
Dialog DLL:      TCM.DLL V1.32.0.0
 
<h2>Project:</h2>
C:\Users\Anh Khoa\Documents\RFID door\firmware\STM32F4xx_Ethernet_Example\Project\Standalone\udp_echo_client\MDK-ARM\Project.uvproj
Project File Date:  06/15/2018

<h2>Output:</h2>
*** Using Compiler 'V5.06 update 5 (build 528)', folder: 'C:\Keil_v5\ARM\ARMCC\Bin'
Rebuild target 'Discover-More'
compiling stm32f4xx_it.c...
compiling system_stm32f4xx.c...
compiling stm32f4x7_eth_bsp.c...
compiling stm32f4_discovery_lcd.c...
compiling stm32f4_discovery.c...
compiling udp_echoclient.c...
compiling netconf.c...
compiling main.c...
compiling stm32f4xx_usart.c...
compiling stm32f4xx_exti.c...
compiling misc.c...
compiling stm32f4xx_rcc.c...
compiling stm32f4xx_gpio.c...
compiling stm32f4xx_dma.c...
compiling stm32f4xx_fsmc.c...
compiling stm32f4xx_sdio.c...
compiling netbuf.c...
compiling err.c...
compiling api_msg.c...
compiling api_lib.c...
compiling netdb.c...
compiling tcpip.c...
compiling dns.c...
compiling stm32f4xx_syscfg.c...
compiling dhcp.c...
compiling sockets.c...
compiling netifapi.c...
compiling stm32f4x7_eth.c...
compiling ethernetif.c...
compiling init.c...
compiling memp.c...
compiling netif.c...
compiling raw.c...
compiling stats.c...
compiling pbuf.c...
compiling mem.c...
..\..\..\..\Utilities\lwip_v1.3.2\src\core\mem.c(184): warning:  #550-D: variable "mem_sem"  was set but never used
  static sys_sem_t mem_sem;
..\..\..\..\Utilities\lwip_v1.3.2\src\core\mem.c: 1 warning, 0 errors
compiling sys.c...
compiling tcp.c...
compiling igmp.c...
compiling tcp_in.c...
compiling autoip.c...
compiling udp.c...
compiling icmp.c...
compiling tcp_out.c...
..\..\..\..\Utilities\lwip_v1.3.2\src\core\tcp_out.c(465): warning:  #550-D: variable "tcphdr"  was set but never used
    struct tcp_hdr *tcphdr;
..\..\..\..\Utilities\lwip_v1.3.2\src\core\tcp_out.c(935): warning:  #550-D: variable "tcphdr"  was set but never used
    struct tcp_hdr *tcphdr;
..\..\..\..\Utilities\lwip_v1.3.2\src\core\tcp_out.c: 2 warnings, 0 errors
compiling inet.c...
compiling inet_chksum.c...
compiling loopif.c...
compiling ip_addr.c...
assembling startup_stm32f4xx.s...
compiling ip.c...
compiling slipif.c...
compiling ip_frag.c...
compiling etharp.c...
linking...
Program Size: Code=37890 RO-data=5266 RW-data=316 ZI-data=85476  
".\Discover-More\Project.axf" - 0 Error(s), 3 Warning(s).
Build Time Elapsed:  00:00:08
</pre>
</body>
</html>
