Component: ARM Compiler 5.06 update 5 (build 528) Tool: armlink [4d35e2]

==============================================================================

Section Cross References

    main.o(i.Delay) refers to main.o(.data) for .data
    main.o(i.Init_peripheral) refers to stm32f4xx_rcc.o(i.RCC_AHB1PeriphClockCmd) for RCC_AHB1PeriphClockCmd
    main.o(i.Init_peripheral) refers to stm32f4xx_rcc.o(i.RCC_APB1PeriphClockCmd) for RCC_APB1PeriphClockCmd
    main.o(i.Init_peripheral) refers to stm32f4xx_rcc.o(i.RCC_APB2PeriphClockCmd) for RCC_APB2PeriphClockCmd
    main.o(i.Init_peripheral) refers to stm32f4xx_gpio.o(i.GPIO_Init) for GPIO_Init
    main.o(i.Init_peripheral) refers to stm32f4xx_gpio.o(i.GPIO_PinAFConfig) for GPIO_PinAFConfig
    main.o(i.Init_peripheral) refers to stm32f4xx_tim.o(i.TIM_TimeBaseInit) for TIM_TimeBaseInit
    main.o(i.Init_peripheral) refers to stm32f4xx_tim.o(i.TIM_Cmd) for TIM_Cmd
    main.o(i.Init_peripheral) refers to stm32f4xx_tim.o(i.TIM_ITConfig) for TIM_ITConfig
    main.o(i.Init_peripheral) refers to stm32f4xx_usart.o(i.USART_Init) for USART_Init
    main.o(i.Init_peripheral) refers to stm32f4xx_usart.o(i.USART_ITConfig) for USART_ITConfig
    main.o(i.Init_peripheral) refers to stm32f4xx_usart.o(i.USART_Cmd) for USART_Cmd
    main.o(i.Init_peripheral) refers to stm32f4xx_gpio.o(i.GPIO_SetBits) for GPIO_SetBits
    main.o(i.Init_peripheral) refers to stm32f4xx_spi.o(i.SPI_Init) for SPI_Init
    main.o(i.Init_peripheral) refers to stm32f4xx_spi.o(i.SPI_Cmd) for SPI_Cmd
    main.o(i.Init_peripheral) refers to misc.o(i.NVIC_Init) for NVIC_Init
    main.o(i.Init_peripheral) refers to main.o(.data) for .data
    main.o(i.LCD_LED_Init) refers to stm32f4_discovery_lcd.o(i.STM32f4_Discovery_LCD_Init) for STM32f4_Discovery_LCD_Init
    main.o(i.LCD_LED_Init) refers to stm32f4_discovery_lcd.o(i.LCD_Clear) for LCD_Clear
    main.o(i.LCD_LED_Init) refers to stm32f4_discovery_lcd.o(i.LCD_SetBackColor) for LCD_SetBackColor
    main.o(i.LCD_LED_Init) refers to stm32f4_discovery_lcd.o(i.LCD_SetTextColor) for LCD_SetTextColor
    main.o(i.LCD_LED_Init) refers to stm32f4_discovery_lcd.o(i.LCD_GetFont) for LCD_GetFont
    main.o(i.LCD_LED_Init) refers to stm32f4_discovery_lcd.o(i.LCD_DisplayStringLine) for LCD_DisplayStringLine
    main.o(i.TIM4_IRQHandler) refers to stm32f4xx_tim.o(i.TIM_GetITStatus) for TIM_GetITStatus
    main.o(i.TIM4_IRQHandler) refers to stm32f4xx_tim.o(i.TIM_ClearITPendingBit) for TIM_ClearITPendingBit
    main.o(i.TIM4_IRQHandler) refers to main.o(.data) for .data
    main.o(i.Time_Update) refers to main.o(.data) for .data
    main.o(i.USART1_IRQHandler) refers to stm32f4xx_usart.o(i.USART_GetITStatus) for USART_GetITStatus
    main.o(i.USART1_IRQHandler) refers to stm32f4xx_usart.o(i.USART_ReceiveData) for USART_ReceiveData
    main.o(i.USART1_IRQHandler) refers to stm32f4xx_gpio.o(i.GPIO_ToggleBits) for GPIO_ToggleBits
    main.o(i.USART1_IRQHandler) refers to at_command.o(i.CheckAT) for CheckAT
    main.o(i.USART1_IRQHandler) refers to main.o(.bss) for .bss
    main.o(i.USART1_IRQHandler) refers to main.o(.data) for .data
    main.o(i.USART2_IRQHandler) refers to stm32f4xx_usart.o(i.USART_GetITStatus) for USART_GetITStatus
    main.o(i.USART2_IRQHandler) refers to stm32f4xx_gpio.o(i.GPIO_ToggleBits) for GPIO_ToggleBits
    main.o(i.USART2_IRQHandler) refers to stm32f4xx_usart.o(i.USART_ReceiveData) for USART_ReceiveData
    main.o(i.USART2_IRQHandler) refers to at_command.o(i.CheckAT) for CheckAT
    main.o(i.USART2_IRQHandler) refers to main.o(.bss) for .bss
    main.o(i.USART2_IRQHandler) refers to main.o(.data) for .data
    main.o(i.main) refers to main.o(i.LCD_LED_Init) for LCD_LED_Init
    main.o(i.main) refers to stm32f4x7_eth_bsp.o(i.ETH_BSP_Config) for ETH_BSP_Config
    main.o(i.main) refers to netconf.o(i.LwIP_Init) for LwIP_Init
    main.o(i.main) refers to httpd.o(i.httpd_init) for httpd_init
    main.o(i.main) refers to tcp_echoserver.o(i.tcp_echoserver_init) for tcp_echoserver_init
    main.o(i.main) refers to main.o(i.Init_peripheral) for Init_peripheral
    main.o(i.main) refers to 25lc256.o(i.EEPROM_readByte) for EEPROM_readByte
    main.o(i.main) refers to netconf.o(i.LwIP_Pkt_Handle) for LwIP_Pkt_Handle
    main.o(i.main) refers to netconf.o(i.LwIP_Periodic_Handle) for LwIP_Periodic_Handle
    main.o(i.main) refers to memcpya.o(.text) for __aeabi_memcpy4
    main.o(i.main) refers to u_print.o(i.U_Print_Char) for U_Print_Char
    main.o(i.main) refers to strcat.o(.text) for strcat
    main.o(i.main) refers to tcp_out.o(i.tcp_write) for tcp_write
    main.o(i.main) refers to stm32f4xx_gpio.o(i.GPIO_ToggleBits) for GPIO_ToggleBits
    main.o(i.main) refers to function.o(i.Check_Open_Door) for Check_Open_Door
    main.o(i.main) refers to stm32f4xx_gpio.o(i.GPIO_SetBits) for GPIO_SetBits
    main.o(i.main) refers to function.o(i.OpenDoor) for OpenDoor
    main.o(i.main) refers to main.o(i.Delay) for Delay
[...]
    _memset$wrapper                          0x080001f7   Thumb Code    18  memseta.o(.text)
    strcat                                   0x08000209   Thumb Code    24  strcat.o(.text)
    strstr                                   0x08000221   Thumb Code    36  strstr.o(.text)
    strchr                                   0x08000245   Thumb Code    20  strchr.o(.text)
    strlen                                   0x08000259   Thumb Code    14  strlen.o(.text)
    strcmp                                   0x08000267   Thumb Code    28  strcmp.o(.text)
    memcmp                                   0x08000283   Thumb Code    26  memcmp.o(.text)
    strcpy                                   0x0800029d   Thumb Code    18  strcpy.o(.text)
    strncmp                                  0x080002af   Thumb Code    30  strncmp.o(.text)
    __aeabi_dmul                             0x080002cd   Thumb Code   228  dmul.o(.text)
    __aeabi_ui2d                             0x080003b1   Thumb Code    26  dfltui.o(.text)
    __aeabi_d2uiz                            0x080003cb   Thumb Code    50  dfixui.o(.text)
    __aeabi_cdrcmple                         0x080003fd   Thumb Code    48  cdrcmple.o(.text)
    __aeabi_uidiv                            0x0800042d   Thumb Code     0  uidiv.o(.text)
    __aeabi_uidivmod                         0x0800042d   Thumb Code    44  uidiv.o(.text)
    __aeabi_uldivmod                         0x08000459   Thumb Code    98  uldiv.o(.text)
    __aeabi_llsr                             0x080004bb   Thumb Code    32  llushr.o(.text)
    _ll_ushift_r                             0x080004bb   Thumb Code     0  llushr.o(.text)
    __I$use$fp                               0x080004db   Thumb Code     0  iusefp.o(.text)
    _double_round                            0x080004db   Thumb Code    30  depilogue.o(.text)
    _double_epilogue                         0x080004f9   Thumb Code   156  depilogue.o(.text)
    __aeabi_dadd                             0x08000595   Thumb Code   322  dadd.o(.text)
    __aeabi_dsub                             0x080006d7   Thumb Code     6  dadd.o(.text)
    __aeabi_drsub                            0x080006dd   Thumb Code     6  dadd.o(.text)
    __aeabi_ddiv                             0x080006e3   Thumb Code   222  ddiv.o(.text)
    __aeabi_d2ulz                            0x080007c1   Thumb Code    48  dfixul.o(.text)
    __default_new_handler()                  0x080007f1   Thumb Code     4  arm_newhandler_noexceptions.o(.text)
    __scatterload                            0x080007f5   Thumb Code    28  init.o(.text)
    __scatterload_rt2                        0x080007f5   Thumb Code     0  init.o(.text)
    __aeabi_llsl                             0x08000819   Thumb Code    30  llshl.o(.text)
    __semihosting_library_function           0x08000819   Thumb Code     0  semi.o(.text)
    _ll_shift_l                              0x08000819   Thumb Code     0  llshl.o(.text)
    __aeabi_lasr                             0x08000837   Thumb Code    36  llsshr.o(.text)
    _ll_sshift_r                             0x08000837   Thumb Code     0  llsshr.o(.text)
    __I$use$semihosting$fputc                0x0800085b   Thumb Code     0  iusesemip.o(.text)
    __rt_new_handler_addr                    0x0800085d   Thumb Code     4  cpp_memory.o(.text)
    __rt_eh_globals_addr                     0x08000861   Thumb Code    12  cpp_memory.o(.text)
    std::terminate()                         0x08000871   Thumb Code    26  arm_exceptions_terminate.o(.text)
    __cxa_get_globals                        0x08000893   Thumb Code    62  arm_exceptions_globs.o(.text)
    __ARM_exceptions_buffer_init             0x080008dd   Thumb Code    18  arm_exceptions_mem.o(.text)
    __ARM_exceptions_buffer_allocate         0x080008ef   Thumb Code    22  arm_exceptions_mem.o(.text)
    __ARM_exceptions_buffer_free             0x08000905   Thumb Code    20  arm_exceptions_mem.o(.text)
    __decompress                             0x08000919   Thumb Code     0  __dczerorl2.o(.text)
    __decompress1                            0x08000919   Thumb Code    86  __dczerorl2.o(.text)
    ADC_Cmd                                  0x0800096f   Thumb Code    24  stm32f4xx_adc.o(i.ADC_Cmd)
    ADC_CommonInit                           0x08000989   Thumb Code    30  stm32f4xx_adc.o(i.ADC_CommonInit)
    ADC_GetConversionValue                   0x08000a31   Thumb Code     6  stm32f4xx_adc.o(i.ADC_GetConversionValue)
    ADC_Handler                              0x08000a39   Thumb Code   138  httpd_cgi_ssi.o(i.ADC_Handler)
    ADC_Init                                 0x08000ad5   Thumb Code    66  stm32f4xx_adc.o(i.ADC_Init)
    ADC_RegularChannelConfig                 0x08000b21   Thumb Code   116  stm32f4xx_adc.o(i.ADC_RegularChannelConfig)
    ADC_SoftwareStartConv                    0x08000b95   Thumb Code    10  stm32f4xx_adc.o(i.ADC_SoftwareStartConv)
    ADC_StructInit                           0x08000b9f   Thumb Code    20  stm32f4xx_adc.o(i.ADC_StructInit)
    BusFault_Handler                         0x08000bb3   Thumb Code     2  stm32f4xx_it.o(i.BusFault_Handler)
    CheckAT                                  0x08000bb5   Thumb Code   134  at_command.o(i.CheckAT)
    Check_Open_Door                          0x08000ca9   Thumb Code   184  function.o(i.Check_Open_Door)
    CloseDoor                                0x08000d79   Thumb Code    56  function.o(i.CloseDoor)
    DebugMon_Handler                         0x08000db5   Thumb Code     2  stm32f4xx_it.o(i.DebugMon_Handler)
    Delay                                    0x08000db9   Thumb Code    16  main.o(i.Delay)
    EEPROM_readByte                          0x08000dcd   Thumb Code    50  25lc256.o(i.EEPROM_readByte)
    EEPROM_readStatus                        0x08000e05   Thumb Code    42  25lc256.o(i.EEPROM_readStatus)
    EEPROM_send16BitAddress                  0x08000e35   Thumb Code    20  25lc256.o(i.EEPROM_send16BitAddress)
    EEPROM_writeByte                         0x08000e49   Thumb Code    60  25lc256.o(i.EEPROM_writeByte)
    EEPROM_writeEnable                       0x08000e89   Thumb Code    34  25lc256.o(i.EEPROM_writeEnable)
    ETH_BSP_Config                           0x08000eb1   Thumb Code   122  stm32f4x7_eth_bsp.o(i.ETH_BSP_Config)
    ETH_CheckFrameReceived                   0x08000f5d   Thumb Code   100  stm32f4x7_eth.o(i.ETH_CheckFrameReceived)
    ETH_DMAReceptionCmd                      0x08000fc5   Thumb Code    26  stm32f4x7_eth.o(i.ETH_DMAReceptionCmd)
    ETH_DMARxDescChainInit                   0x08000fe5   Thumb Code    80  stm32f4x7_eth.o(i.ETH_DMARxDescChainInit)
    ETH_DMATransmissionCmd                   0x08001041   Thumb Code    26  stm32f4x7_eth.o(i.ETH_DMATransmissionCmd)
    ETH_DMATxDescChainInit                   0x08001061   Thumb Code    62  stm32f4x7_eth.o(i.ETH_DMATxDescChainInit)
    ETH_DMATxDescChecksumInsertionConfig     0x080010a9   Thumb Code     8  stm32f4x7_eth.o(i.ETH_DMATxDescChecksumInsertionConfig)
    ETH_DeInit                               0x080010b1   Thumb Code    24  stm32f4x7_eth.o(i.ETH_DeInit)
    ETH_FlushTransmitFIFO                    0x080010e1   Thumb Code    12  stm32f4x7_eth.o(i.ETH_FlushTransmitFIFO)
    ETH_GetSoftwareResetStatus               0x08001215   Thumb Code    14  stm32f4x7_eth.o(i.ETH_GetSoftwareResetStatus)
    ETH_Get_Received_Frame                   0x08001229   Thumb Code    56  stm32f4x7_eth.o(i.ETH_Get_Received_Frame)
    ETH_Init                                 0x08001265   Thumb Code   560  stm32f4x7_eth.o(i.ETH_Init)
    ETH_MACAddressConfig                     0x080014cd   Thumb Code    38  stm32f4x7_eth.o(i.ETH_MACAddressConfig)
    ETH_MACReceptionCmd                      0x08001575   Thumb Code    26  stm32f4x7_eth.o(i.ETH_MACReceptionCmd)
    ETH_MACTransmissionCmd                   0x08001595   Thumb Code    26  stm32f4x7_eth.o(i.ETH_MACTransmissionCmd)
    ETH_Prepare_Transmit_Descriptors         0x080015b5   Thumb Code   166  stm32f4x7_eth.o(i.ETH_Prepare_Transmit_Descriptors)
    ETH_ReadPHYRegister                      0x08001665   Thumb Code    80  stm32f4x7_eth.o(i.ETH_ReadPHYRegister)
    ETH_SoftwareReset                        0x080016bd   Thumb Code    12  stm32f4x7_eth.o(i.ETH_SoftwareReset)
    ETH_Start                                0x080016cd   Thumb Code    34  stm32f4x7_eth.o(i.ETH_Start)
    ETH_StructInit                           0x080016ef   Thumb Code   154  stm32f4x7_eth.o(i.ETH_StructInit)
    ETH_WritePHYRegister                     0x08001789   Thumb Code    80  stm32f4x7_eth.o(i.ETH_WritePHYRegister)
    FSMC_NORSRAMCmd                          0x080017e1   Thumb Code    30  stm32f4xx_fsmc.o(i.FSMC_NORSRAMCmd)
    FSMC_NORSRAMInit                         0x08001805   Thumb Code   202  stm32f4xx_fsmc.o(i.FSMC_NORSRAMInit)
    GPIO_Init                                0x080018cf   Thumb Code   124  stm32f4xx_gpio.o(i.GPIO_Init)
    GPIO_PinAFConfig                         0x0800194b   Thumb Code    32  stm32f4xx_gpio.o(i.GPIO_PinAFConfig)
    GPIO_ResetBits                           0x0800196b   Thumb Code     4  stm32f4xx_gpio.o(i.GPIO_ResetBits)
    GPIO_SetBits                             0x0800196f   Thumb Code     4  stm32f4xx_gpio.o(i.GPIO_SetBits)
    GPIO_ToggleBits                          0x08001973   Thumb Code     8  stm32f4xx_gpio.o(i.GPIO_ToggleBits)
    HardFault_Handler                        0x0800197b   Thumb Code     2  stm32f4xx_it.o(i.HardFault_Handler)
    IDADD_READ_DOOR                          0x0800197d   Thumb Code    16  function.o(i.IDADD_READ_DOOR)
    IDADD_READ_RFID                          0x0800198d   Thumb Code    44  function.o(i.IDADD_READ_RFID)
    IDADD_READ_TIME                          0x080019b9   Thumb Code    56  function.o(i.IDADD_READ_TIME)
    ID_DEL                                   0x080019f1   Thumb Code   142  function.o(i.ID_DEL)
    Init_peripheral                          0x08001a89   Thumb Code   646  main.o(i.Init_peripheral)
    LCD_Clear                                0x08001d39   Thumb Code    34  stm32f4_discovery_lcd.o(i.LCD_Clear)
    LCD_CtrlLinesConfig                      0x08001d61   Thumb Code   356  stm32f4_discovery_lcd.o(i.LCD_CtrlLinesConfig)
    LCD_DisplayChar                          0x08001ecd   Thumb Code    26  stm32f4_discovery_lcd.o(i.LCD_DisplayChar)
    LCD_DisplayStringLine                    0x08001eed   Thumb Code    50  stm32f4_discovery_lcd.o(i.LCD_DisplayStringLine)
    LCD_DrawChar                             0x08001f25   Thumb Code   120  stm32f4_discovery_lcd.o(i.LCD_DrawChar)
    LCD_FSMCConfig                           0x08001fa1   Thumb Code    86  stm32f4_discovery_lcd.o(i.LCD_FSMCConfig)
    LCD_GetFont                              0x08001ff9   Thumb Code     6  stm32f4_discovery_lcd.o(i.LCD_GetFont)
    LCD_LED_Init                             0x08002005   Thumb Code    90  main.o(i.LCD_LED_Init)
    LCD_SetBackColor                         0x080020c1   Thumb Code    12  stm32f4_discovery_lcd.o(i.LCD_SetBackColor)
    LCD_SetCursor                            0x080020d1   Thumb Code    24  stm32f4_discovery_lcd.o(i.LCD_SetCursor)
    LCD_SetFont                              0x080020e9   Thumb Code     6  stm32f4_discovery_lcd.o(i.LCD_SetFont)
    LCD_SetTextColor                         0x080020f5   Thumb Code    12  stm32f4_discovery_lcd.o(i.LCD_SetTextColor)
    LCD_WriteRAM                             0x08002105   Thumb Code     6  stm32f4_discovery_lcd.o(i.LCD_WriteRAM)
    LCD_WriteRAM_Prepare                     0x08002111   Thumb Code    10  stm32f4_discovery_lcd.o(i.LCD_WriteRAM_Prepare)
    LCD_WriteReg                             0x0800211d   Thumb Code    12  stm32f4_discovery_lcd.o(i.LCD_WriteReg)
    LEDS_CGI_Handler                         0x0800212d   Thumb Code    46  httpd_cgi_ssi.o(i.LEDS_CGI_Handler)
    LwIP_Init                                0x08002175   Thumb Code   150  netconf.o(i.LwIP_Init)
    LwIP_Periodic_Handle                     0x08002245   Thumb Code    50  netconf.o(i.LwIP_Periodic_Handle)
    LwIP_Pkt_Handle                          0x0800227d   Thumb Code     6  netconf.o(i.LwIP_Pkt_Handle)
    MemManage_Handler                        0x08002289   Thumb Code     2  stm32f4xx_it.o(i.MemManage_Handler)
    NMI_Handler                              0x0800228b   Thumb Code     2  stm32f4xx_it.o(i.NMI_Handler)
    NVIC_Init                                0x0800228d   Thumb Code    98  misc.o(i.NVIC_Init)
    OpenDoor                                 0x080022f5   Thumb Code    56  function.o(i.OpenDoor)
    PendSV_Handler                           0x08002331   Thumb Code     2  stm32f4xx_it.o(i.PendSV_Handler)
    RCC_AHB1PeriphClockCmd                   0x08002335   Thumb Code    22  stm32f4xx_rcc.o(i.RCC_AHB1PeriphClockCmd)
    RCC_AHB1PeriphResetCmd                   0x08002351   Thumb Code    22  stm32f4xx_rcc.o(i.RCC_AHB1PeriphResetCmd)
    RCC_AHB3PeriphClockCmd                   0x0800236d   Thumb Code    22  stm32f4xx_rcc.o(i.RCC_AHB3PeriphClockCmd)
    RCC_APB1PeriphClockCmd                   0x08002389   Thumb Code    22  stm32f4xx_rcc.o(i.RCC_APB1PeriphClockCmd)
    RCC_APB2PeriphClockCmd                   0x080023a5   Thumb Code    22  stm32f4xx_rcc.o(i.RCC_APB2PeriphClockCmd)
    RCC_GetClocksFreq                        0x080023c1   Thumb Code   148  stm32f4xx_rcc.o(i.RCC_GetClocksFreq)
    SPI_Cmd                                  0x08002461   Thumb Code    24  stm32f4xx_spi.o(i.SPI_Cmd)
    SPI_I2S_GetFlagStatus                    0x08002479   Thumb Code    14  stm32f4xx_spi.o(i.SPI_I2S_GetFlagStatus)
    SPI_I2S_ReceiveData                      0x08002487   Thumb Code     4  stm32f4xx_spi.o(i.SPI_I2S_ReceiveData)
    SPI_I2S_SendData                         0x0800248b   Thumb Code     4  stm32f4xx_spi.o(i.SPI_I2S_SendData)
    SPI_Init                                 0x0800248f   Thumb Code    56  stm32f4xx_spi.o(i.SPI_Init)
    SPI_ReadWrite                            0x080024c9   Thumb Code    48  25lc256.o(i.SPI_ReadWrite)
    STM32f4_Discovery_LCD_Init               0x080024fd   Thumb Code   344  stm32f4_discovery_lcd.o(i.STM32f4_Discovery_LCD_Init)
    STM_EVAL_LEDOff                          0x0800265d   Thumb Code    16  stm32f4_discovery.o(i.STM_EVAL_LEDOff)
    STM_EVAL_LEDOn                           0x08002675   Thumb Code    16  stm32f4_discovery.o(i.STM_EVAL_LEDOn)
    SVC_Handler                              0x0800268d   Thumb Code     2  stm32f4xx_it.o(i.SVC_Handler)
    SYSCFG_ETH_MediaInterfaceConfig          0x08002691   Thumb Code     6  stm32f4xx_syscfg.o(i.SYSCFG_ETH_MediaInterfaceConfig)
    SysTick_CLKSourceConfig                  0x08002755   Thumb Code    28  misc.o(i.SysTick_CLKSourceConfig)
    SysTick_Handler                          0x08002771   Thumb Code     4  stm32f4xx_it.o(i.SysTick_Handler)
    SystemInit                               0x08002775   Thumb Code    62  system_stm32f4xx.o(i.SystemInit)
    TIM4_IRQHandler                          0x080027c5   Thumb Code    34  main.o(i.TIM4_IRQHandler)
    TIM_ClearITPendingBit                    0x080027f1   Thumb Code     6  stm32f4xx_tim.o(i.TIM_ClearITPendingBit)
    TIM_Cmd                                  0x080027f7   Thumb Code    24  stm32f4xx_tim.o(i.TIM_Cmd)
    TIM_GetITStatus                          0x0800280f   Thumb Code    24  stm32f4xx_tim.o(i.TIM_GetITStatus)
    TIM_ITConfig                             0x08002827   Thumb Code    20  stm32f4xx_tim.o(i.TIM_ITConfig)
    TIM_TimeBaseInit                         0x0800283d   Thumb Code    96  stm32f4xx_tim.o(i.TIM_TimeBaseInit)
    Time_Update                              0x080028b9   Thumb Code    10  main.o(i.Time_Update)
    USART1_IRQHandler                        0x080028c9   Thumb Code    80  main.o(i.USART1_IRQHandler)
    USART2_IRQHandler                        0x08002929   Thumb Code    94  main.o(i.USART2_IRQHandler)
    USART_ClearFlag                          0x08002999   Thumb Code     8  stm32f4xx_usart.o(i.USART_ClearFlag)
    USART_Cmd                                0x080029a1   Thumb Code    24  stm32f4xx_usart.o(i.USART_Cmd)
    USART_GetFlagStatus                      0x080029b9   Thumb Code    14  stm32f4xx_usart.o(i.USART_GetFlagStatus)
    USART_GetITStatus                        0x080029c7   Thumb Code    64  stm32f4xx_usart.o(i.USART_GetITStatus)
    USART_ITConfig                           0x08002a07   Thumb Code    54  stm32f4xx_usart.o(i.USART_ITConfig)
    USART_Init                               0x08002a3d   Thumb Code   180  stm32f4xx_usart.o(i.USART_Init)
    USART_ReceiveData                        0x08002af9   Thumb Code     8  stm32f4xx_usart.o(i.USART_ReceiveData)
    USART_SendData                           0x08002b01   Thumb Code     8  stm32f4xx_usart.o(i.USART_SendData)
    U_Print                                  0x08002b09   Thumb Code    72  u_print.o(i.U_Print)
    U_Print_Char                             0x08002b55   Thumb Code    46  u_print.o(i.U_Print_Char)
    UsageFault_Handler                       0x08002b83   Thumb Code     2  stm32f4xx_it.o(i.UsageFault_Handler)
    std::strstr(char*, const char*)          0x08002b85   Thumb Code     4  at_command.o(i._ZSt6strstrPcPKc)
    operator new[] (unsigned)                0x08002b89   Thumb Code     8  array_new.o(i._Znaj)
    operator new(unsigned)                   0x08002b91   Thumb Code    34  new.o(i._Znwj)
    __0printf                                0x08002bb9   Thumb Code    22  printfa.o(i.__0printf)
    __1printf                                0x08002bb9   Thumb Code     0  printfa.o(i.__0printf)
    __2printf                                0x08002bb9   Thumb Code     0  printfa.o(i.__0printf)
    __c89printf                              0x08002bb9   Thumb Code     0  printfa.o(i.__0printf)
    printf                                   0x08002bb9   Thumb Code     0  printfa.o(i.__0printf)
    __0sprintf                               0x08002bd9   Thumb Code    34  printfa.o(i.__0sprintf)
    __1sprintf                               0x08002bd9   Thumb Code     0  printfa.o(i.__0sprintf)
    __2sprintf                               0x08002bd9   Thumb Code     0  printfa.o(i.__0sprintf)
    __c89sprintf                             0x08002bd9   Thumb Code     0  printfa.o(i.__0sprintf)
    sprintf                                  0x08002bd9   Thumb Code     0  printfa.o(i.__0sprintf)
    __scatterload_copy                       0x08002c01   Thumb Code    14  handlers.o(i.__scatterload_copy)
    __scatterload_null                       0x08002c0f   Thumb Code     2  handlers.o(i.__scatterload_null)
    __scatterload_zeroinit                   0x08002c11   Thumb Code    14  handlers.o(i.__scatterload_zeroinit)
    autoip_arp_reply                         0x08003505   Thumb Code   140  autoip.o(i.autoip_arp_reply)
    autoip_start                             0x08003605   Thumb Code    96  autoip.o(i.autoip_start)
    dhcp_arp_reply                           0x080036cd   Thumb Code    30  dhcp.o(i.dhcp_arp_reply)
    etharp_arp_input                         0x08003935   Thumb Code   296  etharp.o(i.etharp_arp_input)
    etharp_ip_input                          0x08003a61   Thumb Code    42  etharp.o(i.etharp_ip_input)
    etharp_output                            0x08003a8d   Thumb Code   178  etharp.o(i.etharp_output)
    etharp_query                             0x08003b45   Thumb Code   280  etharp.o(i.etharp_query)
    etharp_raw                               0x08003c61   Thumb Code   178  etharp.o(i.etharp_raw)
    etharp_request                           0x08003d19   Thumb Code    32  etharp.o(i.etharp_request)
    etharp_tmr                               0x08003d71   Thumb Code    74  etharp.o(i.etharp_tmr)
    ethernet_input                           0x08003dc1   Thumb Code    90  etharp.o(i.ethernet_input)
    ethernetif_init                          0x08003e1d   Thumb Code    30  ethernetif.o(i.ethernetif_init)
    ethernetif_input                         0x08003e45   Thumb Code    42  ethernetif.o(i.ethernetif_input)
    fputc                                    0x08004019   Thumb Code    18  fputc.o(i.fputc)
    fs_bytes_left                            0x08004049   Thumb Code     8  fs.o(i.fs_bytes_left)
    fs_close                                 0x08004051   Thumb Code     4  fs.o(i.fs_close)
    fs_open                                  0x080040ad   Thumb Code    72  fs.o(i.fs_open)
    fs_read                                  0x080040f9   Thumb Code    50  fs.o(i.fs_read)
    htonl                                    0x080041e1   Thumb Code    24  inet.o(i.htonl)
    htons                                    0x080041f9   Thumb Code    10  inet.o(i.htons)
    http_set_cgi_handlers                    0x08004a45   Thumb Code     8  httpd.o(i.http_set_cgi_handlers)
    http_set_ssi_handler                     0x08004a51   Thumb Code    10  httpd.o(i.http_set_ssi_handler)
    httpd_cgi_init                           0x08004ae9   Thumb Code    18  httpd_cgi_ssi.o(i.httpd_cgi_init)
    httpd_init                               0x08004b05   Thumb Code    20  httpd.o(i.httpd_init)
    httpd_ssi_init                           0x08004b5d   Thumb Code    12  httpd_cgi_ssi.o(i.httpd_ssi_init)
    icmp_dest_unreach                        0x08004b71   Thumb Code     8  icmp.o(i.icmp_dest_unreach)
    icmp_input                               0x08004b79   Thumb Code   324  icmp.o(i.icmp_input)
    icmp_time_exceeded                       0x08004d25   Thumb Code     8  icmp.o(i.icmp_time_exceeded)
    inet_chksum                              0x08004d2d   Thumb Code    12  inet_chksum.o(i.inet_chksum)
    inet_chksum_pbuf                         0x08004d39   Thumb Code    72  inet_chksum.o(i.inet_chksum_pbuf)
    ip_addr_isbroadcast                      0x08004d81   Thumb Code    62  ip_addr.o(i.ip_addr_isbroadcast)
    ip_frag                                  0x08004dc1   Thumb Code   312  ip_frag.o(i.ip_frag)
    ip_input                                 0x08004efd   Thumb Code   436  ip.o(i.ip_input)
    ip_output                                0x080050b9   Thumb Code    52  ip.o(i.ip_output)
    ip_output_if                             0x080050ed   Thumb Code   210  ip.o(i.ip_output_if)
    ip_reass                                 0x080051c5   Thumb Code   376  ip_frag.o(i.ip_reass)
    ip_route                                 0x08005595   Thumb Code    62  ip.o(i.ip_route)
    main                                     0x08005745   Thumb Code  1012  main.o(i.main)
    malloc                                   0x08005b95   Thumb Code    92  malloc.o(i.malloc)
    mem_free                                 0x08005c01   Thumb Code    38  mem.o(i.mem_free)
    mem_init                                 0x08005c2d   Thumb Code    44  mem.o(i.mem_init)
    mem_malloc                               0x08005c61   Thumb Code   180  mem.o(i.mem_malloc)
    mem_realloc                              0x08005d19   Thumb Code   198  mem.o(i.mem_realloc)
    memp_free                                0x08005de5   Thumb Code    18  memp.o(i.memp_free)
    memp_init                                0x08005dfd   Thumb Code    78  memp.o(i.memp_init)
    memp_malloc                              0x08005e55   Thumb Code    28  memp.o(i.memp_malloc)
    netif_add                                0x08005e75   Thumb Code    70  netif.o(i.netif_add)
    netif_is_up                              0x08005ec1   Thumb Code    10  netif.o(i.netif_is_up)
    netif_set_addr                           0x08005ecb   Thumb Code    34  netif.o(i.netif_set_addr)
    netif_set_default                        0x08005eed   Thumb Code     6  netif.o(i.netif_set_default)
    netif_set_down                           0x08005ef9   Thumb Code    18  netif.o(i.netif_set_down)
    netif_set_gw                             0x08005f0b   Thumb Code    14  netif.o(i.netif_set_gw)
    netif_set_ipaddr                         0x08005f19   Thumb Code    96  netif.o(i.netif_set_ipaddr)
    netif_set_netmask                        0x08005f81   Thumb Code    14  netif.o(i.netif_set_netmask)
    netif_set_up                             0x08005f8f   Thumb Code    28  netif.o(i.netif_set_up)
    ntohl                                    0x08005fab   Thumb Code     4  inet.o(i.ntohl)
    ntohs                                    0x08005faf   Thumb Code     4  inet.o(i.ntohs)
    pbuf_alloc                               0x08005fb3   Thumb Code   298  pbuf.o(i.pbuf_alloc)
    pbuf_cat                                 0x080060dd   Thumb Code    40  pbuf.o(i.pbuf_cat)
    pbuf_chain                               0x08006105   Thumb Code    20  pbuf.o(i.pbuf_chain)
    pbuf_clen                                0x08006119   Thumb Code    18  pbuf.o(i.pbuf_clen)
    pbuf_copy                                0x0800612b   Thumb Code   150  pbuf.o(i.pbuf_copy)
    pbuf_copy_partial                        0x080061c1   Thumb Code   108  pbuf.o(i.pbuf_copy_partial)
    pbuf_free                                0x0800622d   Thumb Code    82  pbuf.o(i.pbuf_free)
    pbuf_header                              0x0800627f   Thumb Code   104  pbuf.o(i.pbuf_header)
    pbuf_realloc                             0x080062e7   Thumb Code    78  pbuf.o(i.pbuf_realloc)
    pbuf_ref                                 0x08006335   Thumb Code    12  pbuf.o(i.pbuf_ref)
    raw_input                                0x08006395   Thumb Code    98  raw.o(i.raw_input)
    tcp_abandon                              0x08006441   Thumb Code   146  tcp.o(i.tcp_abandon)
    tcp_accept                               0x080064d9   Thumb Code     4  tcp.o(i.tcp_accept)
    tcp_alloc                                0x080064e5   Thumb Code   152  tcp.o(i.tcp_alloc)
    tcp_arg                                  0x08006589   Thumb Code     4  tcp.o(i.tcp_arg)
    tcp_bind                                 0x0800658d   Thumb Code   196  tcp.o(i.tcp_bind)
    tcp_close                                0x08006655   Thumb Code   204  tcp.o(i.tcp_close)
    tcp_echoserver_init                      0x080067d1   Thumb Code    62  tcp_echoserver.o(i.tcp_echoserver_init)
    tcp_eff_send_mss                         0x080069f1   Thumb Code    32  tcp.o(i.tcp_eff_send_mss)
    tcp_enqueue                              0x08006a11   Thumb Code   858  tcp_out.o(i.tcp_enqueue)
    tcp_err                                  0x08006d6b   Thumb Code     6  tcp.o(i.tcp_err)
    tcp_fasttmr                              0x08006d71   Thumb Code    86  tcp.o(i.tcp_fasttmr)
    tcp_input                                0x08006dcd   Thumb Code   810  tcp_in.o(i.tcp_input)
    tcp_keepalive                            0x0800710d   Thumb Code    72  tcp_out.o(i.tcp_keepalive)
    tcp_listen_with_backlog                  0x080072b9   Thumb Code   138  tcp.o(i.tcp_listen_with_backlog)
    tcp_new                                  0x0800734d   Thumb Code     6  tcp.o(i.tcp_new)
    tcp_next_iss                             0x080073b1   Thumb Code    12  tcp.o(i.tcp_next_iss)
    tcp_output                               0x080073c1   Thumb Code   418  tcp_out.o(i.tcp_output)
    tcp_pcb_purge                            0x08007721   Thumb Code    48  tcp.o(i.tcp_pcb_purge)
    tcp_pcb_remove                           0x08007751   Thumb Code    92  tcp.o(i.tcp_pcb_remove)
    tcp_poll                                 0x080077b1   Thumb Code    10  tcp.o(i.tcp_poll)
    tcp_recv                                 0x08008045   Thumb Code     6  tcp.o(i.tcp_recv)
    tcp_recv_null                            0x0800804b   Thumb Code    38  tcp.o(i.tcp_recv_null)
    tcp_recved                               0x08008071   Thumb Code    60  tcp.o(i.tcp_recved)
    tcp_rexmit                               0x080080ad   Thumb Code    72  tcp_out.o(i.tcp_rexmit)
    tcp_rexmit_fast                          0x080080f5   Thumb Code    96  tcp_out.o(i.tcp_rexmit_fast)
    tcp_rexmit_rto                           0x08008155   Thumb Code    46  tcp_out.o(i.tcp_rexmit_rto)
    tcp_rst                                  0x08008183   Thumb Code   158  tcp_out.o(i.tcp_rst)
    tcp_seg_free                             0x08008221   Thumb Code    32  tcp.o(i.tcp_seg_free)
    tcp_segs_free                            0x08008241   Thumb Code    26  tcp.o(i.tcp_segs_free)
    tcp_send_ctrl                            0x0800825b   Thumb Code    20  tcp_out.o(i.tcp_send_ctrl)
    tcp_send_empty_ack                       0x0800826f   Thumb Code    86  tcp_out.o(i.tcp_send_empty_ack)
    tcp_sent                                 0x080082c5   Thumb Code     6  tcp.o(i.tcp_sent)
    tcp_setprio                              0x080082cb   Thumb Code     4  tcp.o(i.tcp_setprio)
    tcp_slowtmr                              0x080082d1   Thumb Code   550  tcp.o(i.tcp_slowtmr)
    tcp_tmr                                  0x0800857d   Thumb Code    28  tcp.o(i.tcp_tmr)
    tcp_update_rcv_ann_wnd                   0x0800859d   Thumb Code    54  tcp.o(i.tcp_update_rcv_ann_wnd)
    tcp_write                                0x080085d3   Thumb Code    46  tcp_out.o(i.tcp_write)
    tcp_zero_window_probe                    0x08008601   Thumb Code   160  tcp_out.o(i.tcp_zero_window_probe)
    udp_bind                                 0x080086a1   Thumb Code    94  udp.o(i.udp_bind)
    udp_input                                0x08008705   Thumb Code   408  udp.o(i.udp_input)
    udp_sendto_if                            0x080088a1   Thumb Code   182  udp.o(i.udp_sendto_if)
    g_pcTagLeadIn                            0x08008a14   Data           4  httpd.o(.constdata)
    g_pcTagLeadOut                           0x08008a18   Data           4  httpd.o(.constdata)
    g_psDefaultFilenames                     0x08008a1c   Data          40  httpd.o(.constdata)
    LEDS_CGI                                 0x08008a44   Data           8  httpd_cgi_ssi.o(.constdata)
    file__STM32F4x7_files_logo_jpg           0x08015564   Data          20  fs.o(.constdata)
    file__STM32F4x7_files_ST_gif             0x08015578   Data          20  fs.o(.constdata)
    file__STM32F4x7_files_stm32_jpg          0x0801558c   Data          20  fs.o(.constdata)
    file__404_html                           0x080155a0   Data          20  fs.o(.constdata)
    file__index_html                         0x080155b4   Data          20  fs.o(.constdata)
    file__STM32F4x7ADC_shtml                 0x080155c8   Data          20  fs.o(.constdata)
    file__STM32F4x7LED_html                  0x080155dc   Data          20  fs.o(.constdata)
    ASCII16x24_Table                         0x080155f0   Data        4560  stm32f4_discovery_lcd.o(.constdata)
    BUTTON_PORT_SOURCE                       0x080167c0   Data           1  stm32f4_discovery.o(.constdata)
    BUTTON_PIN_SOURCE                        0x080167c1   Data           1  stm32f4_discovery.o(.constdata)
    BUTTON_IRQn                              0x080167c2   Data           1  stm32f4_discovery.o(.constdata)
    BUTTON_PIN                               0x080167c4   Data           2  stm32f4_discovery.o(.constdata)
    BUTTON_EXTI_LINE                         0x080167c6   Data           2  stm32f4_discovery.o(.constdata)
    BUTTON_CLK                               0x080167c8   Data           4  stm32f4_discovery.o(.constdata)
    COM_TX_PIN                               0x080167cc   Data           4  stm32f4_discovery.o(.constdata)
    COM_RX_PIN                               0x080167d0   Data           4  stm32f4_discovery.o(.constdata)
    COM_TX_PIN_SOURCE                        0x080167d4   Data           4  stm32f4_discovery.o(.constdata)
    COM_RX_PIN_SOURCE                        0x080167d8   Data           4  stm32f4_discovery.o(.constdata)
    COM_TX_AF                                0x080167dc   Data           4  stm32f4_discovery.o(.constdata)
    COM_RX_AF                                0x080167e0   Data           4  stm32f4_discovery.o(.constdata)
    GPIO_PIN                                 0x080167e4   Data           8  stm32f4_discovery.o(.constdata)
    COM_USART_CLK                            0x080167ec   Data           8  stm32f4_discovery.o(.constdata)
    COM_TX_PORT_CLK                          0x080167f4   Data           8  stm32f4_discovery.o(.constdata)
    COM_RX_PORT_CLK                          0x080167fc   Data           8  stm32f4_discovery.o(.constdata)
    GPIO_CLK                                 0x08016804   Data          16  stm32f4_discovery.o(.constdata)
    tcp_persist_backoff                      0x08016838   Data           7  tcp.o(.constdata)
    tcp_backoff                              0x0801683f   Data          13  tcp.o(.constdata)
    ip_addr_any                              0x0801684c   Data           4  ip_addr.o(.constdata)
    ip_addr_broadcast                        0x08016850   Data           4  ip_addr.o(.constdata)
    ethbroadcast                             0x08016854   Data           6  etharp.o(.constdata)
    ethzero                                  0x0801685a   Data           6  etharp.o(.constdata)
    Region$$Table$$Base                      0x08016954   Number         0  anon$$obj.o(Region$$Table)
    Region$$Table$$Limit                     0x08016974   Number         0  anon$$obj.o(Region$$Table)
    pos1                                     0x20000000   Data           1  main.o(.data)
    _read                                    0x20000001   Data           1  main.o(.data)
    mode                                     0x20000002   Data           1  main.o(.data)
    Conn_use                                 0x20000003   Data           1  main.o(.data)
    pos                                      0x20000004   Data           1  main.o(.data)
    quantity                                 0x20000005   Data           1  main.o(.data)
    number                                   0x20000006   Data           2  main.o(.data)
    LocalTime                                0x20000008   Data           4  main.o(.data)
    time                                     0x2000000c   Data           4  main.o(.data)
    timingdelay                              0x20000010   Data           4  main.o(.data)
    TCPTimer                                 0x20000014   Data           4  netconf.o(.data)
    ARPTimer                                 0x20000018   Data           4  netconf.o(.data)
    EthInitStatus                            0x2000001c   Data           4  stm32f4x7_eth_bsp.o(.data)
    tcp_for_global                           0x20000024   Data           4  tcp_echoserver.o(.data)
    g_pfnSSIHandler                          0x20000028   Data           4  httpd.o(.data)
    g_iNumTags                               0x2000002c   Data           4  httpd.o(.data)
    g_ppcTags                                0x20000030   Data           4  httpd.o(.data)
    g_pCGIs                                  0x20000034   Data           4  httpd.o(.data)
    g_iNumCGIs                               0x20000038   Data           4  httpd.o(.data)
    g_pcSSIExtensions                        0x2000003c   Data          16  httpd.o(.data)
    ADC_not_configured                       0x2000004c   Data           4  httpd_cgi_ssi.o(.data)
    TAGS                                     0x20000050   Data           4  httpd_cgi_ssi.o(.data)
    CGI_TAB                                  0x20000054   Data           8  httpd_cgi_ssi.o(.data)
    TAGCHAR                                  0x2000005c   Data           4  httpd_cgi_ssi.o(.data)
    Font16x24                                0x20000068   Data           8  stm32f4_discovery_lcd.o(.data)
    BUTTON_PORT                              0x20000070   Data           4  stm32f4_discovery.o(.data)
    COM_USART                                0x20000074   Data           8  stm32f4_discovery.o(.data)
    COM_TX_PORT                              0x2000007c   Data           8  stm32f4_discovery.o(.data)
    COM_RX_PORT                              0x20000084   Data           8  stm32f4_discovery.o(.data)
    GPIO_PORT                                0x2000008c   Data          16  stm32f4_discovery.o(.data)
    DMATxDescToSet                           0x200000ac   Data           4  stm32f4x7_eth.o(.data)
    DMARxDescToGet                           0x200000b0   Data           4  stm32f4x7_eth.o(.data)
    DMA_RX_FRAME_infos                       0x200000b4   Data           4  stm32f4x7_eth.o(.data)
    netif_list                               0x200000d0   Data           4  netif.o(.data)
    netif_default                            0x200000d4   Data           4  netif.o(.data)
    tcp_ticks                                0x200000e4   Data           4  tcp.o(.data)
    tcp_bound_pcbs                           0x200000e8   Data           4  tcp.o(.data)
    tcp_listen_pcbs                          0x200000ec   Data           4  tcp.o(.data)
    tcp_active_pcbs                          0x200000f0   Data           4  tcp.o(.data)
    tcp_tw_pcbs                              0x200000f4   Data           4  tcp.o(.data)
    tcp_tmp_pcb                              0x200000f8   Data           4  tcp.o(.data)
    tcp_state_str                            0x200000fc   Data          44  tcp.o(.data)
    tcp_input_pcb                            0x20000140   Data           4  tcp_in.o(.data)
    udp_pcbs                                 0x20000144   Data           4  udp.o(.data)
    current_netif                            0x2000014c   Data           4  ip.o(.data)
    current_header                           0x20000150   Data           4  ip.o(.data)
    __stdout                                 0x20000160   Data           4  stdout.o(.data)
    __microlib_freelist                      0x20000170   Data           4  mvars.o(.data)
    __microlib_freelist_initialised          0x20000174   Data           4  mvars.o(.data)
    s                                        0x20000178   Data          40  main.o(.bss)
    s1                                       0x200001a0   Data          40  main.o(.bss)
    netif                                    0x200001c8   Data          56  netconf.o(.bss)
    fs_memory                                0x20000600   Data         240  fs.o(.bss)
    DMARxDscrTab                             0x200006f0   Data         160  stm32f4x7_eth.o(.bss)
    DMATxDscrTab                             0x20000790   Data         160  stm32f4x7_eth.o(.bss)
    Rx_Buff                                  0x20000830   Data        7620  stm32f4x7_eth.o(.bss)
    Tx_Buff                                  0x200025f4   Data        7620  stm32f4x7_eth.o(.bss)
    RX_Frame_Descriptor                      0x200043b8   Data          12  stm32f4x7_eth.o(.bss)
    __heap_base                              0x2000c028   Data           0  startup_stm32f4xx.o(HEAP)
    __heap_limit                             0x20015228   Data           0  startup_stm32f4xx.o(HEAP)
    __initial_sp                             0x2001e628   Data           0  startup_stm32f4xx.o(STACK)



==============================================================================

Memory Map of the image

  Image Entry point : 0x08000189

  Load Region LR_IROM1 (Base: 0x08000000, Size: 0x00016aec, Max: 0x00100000, ABSOLUTE, COMPRESSED[0x000169e8])

    Execution Region ER_IROM1 (Exec base: 0x08000000, Load base: 0x08000000, Size: 0x00016974, Max: 0x00100000, ABSOLUTE)

    Exec Addr    Load Addr    Size         Type   Attr      Idx    E Section Name        Object

    0x08000000   0x08000000   0x00000188   Data   RO         5453    RESET               startup_stm32f4xx.o
    0x08000188   0x08000188   0x00000000   Code   RO         5625  * .ARM.Collect$$$$00000000  mc_w.l(entry.o)
    0x08000188   0x08000188   0x00000004   Code   RO         5945    .ARM.Collect$$$$00000001  mc_w.l(entry2.o)
    0x0800018c   0x0800018c   0x00000004   Code   RO         5948    .ARM.Collect$$$$00000004  mc_w.l(entry5.o)
    0x08000190   0x08000190   0x00000000   Code   RO         5950    .ARM.Collect$$$$00000008  mc_w.l(entry7b.o)
    0x08000190   0x08000190   0x00000000   Code   RO         5952    .ARM.Collect$$$$0000000A  mc_w.l(entry8b.o)
    0x08000190   0x08000190   0x00000008   Code   RO         5953    .ARM.Collect$$$$0000000B  mc_w.l(entry9a.o)
    0x08000198   0x08000198   0x00000000   Code   RO         5955    .ARM.Collect$$$$0000000D  mc_w.l(entry10a.o)
    0x08000198   0x08000198   0x00000000   Code   RO         5957    .ARM.Collect$$$$0000000F  mc_w.l(entry11a.o)
    0x08000198   0x08000198   0x00000004   Code   RO         5946    .ARM.Collect$$$$00002712  mc_w.l(entry2.o)
    0x0800019c   0x0800019c   0x00000024   Code   RO         5454    .text               startup_stm32f4xx.o
    0x080001c0   0x080001c0   0x00000024   Code   RO         5628    .text               mc_w.l(memcpya.o)
    0x080001e4   0x080001e4   0x00000024   Code   RO         5630    .text               mc_w.l(memseta.o)
    0x08000208   0x08000208   0x00000018   Code   RO         5632    .text               mc_w.l(strcat.o)
    0x08000220   0x08000220   0x00000024   Code   RO         5634    .text               mc_w.l(strstr.o)
    0x08000244   0x08000244   0x00000014   Code   RO         5636    .text               mc_w.l(strchr.o)
    0x08000258   0x08000258   0x0000000e   Code   RO         5638    .text               mc_w.l(strlen.o)
    0x08000266   0x08000266   0x0000001c   Code   RO         5640    .text               mc_w.l(strcmp.o)
    0x08000282   0x08000282   0x0000001a   Code   RO         5642    .text               mc_w.l(memcmp.o)
    0x0800029c   0x0800029c   0x00000012   Code   RO         5644    .text               mc_w.l(strcpy.o)
    0x080002ae   0x080002ae   0x0000001e   Code   RO         5646    .text               mc_w.l(strncmp.o)
    0x080002cc   0x080002cc   0x000000e4   Code   RO         5911    .text               mf_w.l(dmul.o)
    0x080003b0   0x080003b0   0x0000001a   Code   RO         5915    .text               mf_w.l(dfltui.o)
    0x080003ca   0x080003ca   0x00000032   Code   RO         5917    .text               mf_w.l(dfixui.o)
    0x080003fc   0x080003fc   0x00000030   Code   RO         5923    .text               mf_w.l(cdrcmple.o)
    0x0800042c   0x0800042c   0x0000002c   Code   RO         5962    .text               mc_w.l(uidiv.o)
    0x08000458   0x08000458   0x00000062   Code   RO         5964    .text               mc_w.l(uldiv.o)
    0x080004ba   0x080004ba   0x00000020   Code   RO         5966    .text               mc_w.l(llushr.o)
    0x080004da   0x080004da   0x00000000   Code   RO         5968    .text               mc_w.l(iusefp.o)
    0x080004da   0x080004da   0x000000ba   Code   RO         5969    .text               mf_w.l(depilogue.o)
    0x08000594   0x08000594   0x0000014e   Code   RO         5971    .text               mf_w.l(dadd.o)
    0x080006e2   0x080006e2   0x000000de   Code   RO         5973    .text               mf_w.l(ddiv.o)
    0x080007c0   0x080007c0   0x00000030   Code   RO         5975    .text               mf_w.l(dfixul.o)
    0x080007f0   0x080007f0   0x00000004   Code   RO         5980    .text               cpprt_w.l(arm_newhandler_noexceptions.o)
    0x080007f4   0x080007f4   0x00000024   Code   RO         6105    .text               mc_w.l(init.o)
    0x08000818   0x08000818   0x00000000   Code   RO         6107    .text               mc_w.l(semi.o)
    0x08000818   0x08000818   0x0000001e   Code   RO         6108    .text               mc_w.l(llshl.o)
    0x08000836   0x08000836   0x00000024   Code   RO         6110    .text               mc_w.l(llsshr.o)
    0x0800085a   0x0800085a   0x00000000   Code   RO         6140    .text               mc_w.l(iusesemip.o)
    0x0800085a   0x0800085a   0x00000002   PAD
    0x0800085c   0x0800085c   0x00000014   Code   RO         6141    .text               mc_w.l(cpp_memory.o)
    0x08000870   0x08000870   0x0000001a   Code   RO         6160    .text               cpprt_w.l(arm_exceptions_terminate.o)
    0x0800088a   0x0800088a   0x00000002   PAD
    0x0800088c   0x0800088c   0x00000050   Code   RO         6179    .text               cpprt_w.l(arm_exceptions_globs.o)
    0x080008dc   0x080008dc   0x0000003c   Code   RO         6186    .text               cpprt_w.l(arm_exceptions_mem.o)
    0x08000918   0x08000918   0x00000056   Code   RO         6197    .text               mc_w.l(__dczerorl2.o)
    0x0800096e   0x0800096e   0x00000018   Code   RO         1577    i.ADC_Cmd           stm32f4xx_adc.o
    0x08000986   0x08000986   0x00000002   PAD
    0x08000988   0x08000988   0x00000028   Code   RO         1578    i.ADC_CommonInit    stm32f4xx_adc.o
    0x080009b0   0x080009b0   0x00000080   Code   RO          689    i.ADC_Configuration  httpd_cgi_ssi.o
    0x08000a30   0x08000a30   0x00000006   Code   RO         1589    i.ADC_GetConversionValue  stm32f4xx_adc.o
    0x08000a36   0x08000a36   0x00000002   PAD
    0x08000a38   0x08000a38   0x0000009c   Code   RO          690    i.ADC_Handler       httpd_cgi_ssi.o
    0x08000ad4   0x08000ad4   0x0000004c   Code   RO         1597    i.ADC_Init          stm32f4xx_adc.o
    0x08000b20   0x08000b20   0x00000074   Code   RO         1602    i.ADC_RegularChannelConfig  stm32f4xx_adc.o
    0x08000b94   0x08000b94   0x0000000a   Code   RO         1604    i.ADC_SoftwareStartConv  stm32f4xx_adc.o
    0x08000b9e   0x08000b9e   0x00000014   Code   RO         1606    i.ADC_StructInit    stm32f4xx_adc.o
    0x08000bb2   0x08000bb2   0x00000002   Code   RO          326    i.BusFault_Handler  stm32f4xx_it.o
    0x08000bb4   0x08000bb4   0x000000f4   Code   RO          944    i.CheckAT           at_command.o
    0x08000ca8   0x08000ca8   0x000000d0   Code   RO         5549    i.Check_Open_Door   function.o
    0x08000d78   0x08000d78   0x0000003c   Code   RO         5550    i.CloseDoor         function.o
    0x08000db4   0x08000db4   0x00000002   Code   RO          327    i.DebugMon_Handler  stm32f4xx_it.o
    0x08000db6   0x08000db6   0x00000002   PAD
    0x08000db8   0x08000db8   0x00000014   Code   RO            2    i.Delay             main.o
    0x08000dcc   0x08000dcc   0x00000038   Code   RO         5460    i.EEPROM_readByte   25lc256.o
    0x08000e04   0x08000e04   0x00000030   Code   RO         5461    i.EEPROM_readStatus  25lc256.o
    0x08000e34   0x08000e34   0x00000014   Code   RO         5463    i.EEPROM_send16BitAddress  25lc256.o
    0x08000e48   0x08000e48   0x00000040   Code   RO         5464    i.EEPROM_writeByte  25lc256.o
    0x08000e88   0x08000e88   0x00000028   Code   RO         5465    i.EEPROM_writeEnable  25lc256.o
    0x08000eb0   0x08000eb0   0x000000ac   Code   RO          470    i.ETH_BSP_Config    stm32f4x7_eth_bsp.o
    0x08000f5c   0x08000f5c   0x00000068   Code   RO         3440    i.ETH_CheckFrameReceived  stm32f4x7_eth.o
    0x08000fc4   0x08000fc4   0x00000020   Code   RO         3444    i.ETH_DMAReceptionCmd  stm32f4x7_eth.o
    0x08000fe4   0x08000fe4   0x0000005c   Code   RO         3445    i.ETH_DMARxDescChainInit  stm32f4x7_eth.o
    0x08001040   0x08001040   0x00000020   Code   RO         3447    i.ETH_DMATransmissionCmd  stm32f4x7_eth.o
    0x08001060   0x08001060   0x00000048   Code   RO         3450    i.ETH_DMATxDescChainInit  stm32f4x7_eth.o
    0x080010a8   0x080010a8   0x00000008   Code   RO         3451    i.ETH_DMATxDescChecksumInsertionConfig  stm32f4x7_eth.o
    0x080010b0   0x080010b0   0x00000018   Code   RO         3456    i.ETH_DeInit        stm32f4x7_eth.o
    0x080010c8   0x080010c8   0x00000018   Code   RO         3457    i.ETH_Delay         stm32f4x7_eth.o
    0x080010e0   0x080010e0   0x00000010   Code   RO         3459    i.ETH_FlushTransmitFIFO  stm32f4x7_eth.o
    0x080010f0   0x080010f0   0x00000124   Code   RO          471    i.ETH_GPIO_Config   stm32f4x7_eth_bsp.o
    0x08001214   0x08001214   0x00000014   Code   RO         3485    i.ETH_GetSoftwareResetStatus  stm32f4x7_eth.o
    0x08001228   0x08001228   0x0000003c   Code   RO         3487    i.ETH_Get_Received_Frame  stm32f4x7_eth.o
    0x08001264   0x08001264   0x00000268   Code   RO         3490    i.ETH_Init          stm32f4x7_eth.o
    0x080014cc   0x080014cc   0x0000002c   Code   RO         3492    i.ETH_MACAddressConfig  stm32f4x7_eth.o
    0x080014f8   0x080014f8   0x0000007c   Code   RO          472    i.ETH_MACDMA_Config  stm32f4x7_eth_bsp.o
    0x08001574   0x08001574   0x00000020   Code   RO         3497    i.ETH_MACReceptionCmd  stm32f4x7_eth.o
    0x08001594   0x08001594   0x00000020   Code   RO         3498    i.ETH_MACTransmissionCmd  stm32f4x7_eth.o
    0x080015b4   0x080015b4   0x000000b0   Code   RO         3509    i.ETH_Prepare_Transmit_Descriptors  stm32f4x7_eth.o
    0x08001664   0x08001664   0x00000058   Code   RO         3510    i.ETH_ReadPHYRegister  stm32f4x7_eth.o
    0x080016bc   0x080016bc   0x00000010   Code   RO         3518    i.ETH_SoftwareReset  stm32f4x7_eth.o
    0x080016cc   0x080016cc   0x00000022   Code   RO         3519    i.ETH_Start         stm32f4x7_eth.o
    0x080016ee   0x080016ee   0x0000009a   Code   RO         3520    i.ETH_StructInit    stm32f4x7_eth.o
    0x08001788   0x08001788   0x00000058   Code   RO         3522    i.ETH_WritePHYRegister  stm32f4x7_eth.o
    0x080017e0   0x080017e0   0x00000024   Code   RO         2002    i.FSMC_NORSRAMCmd   stm32f4xx_fsmc.o
    0x08001804   0x08001804   0x000000ca   Code   RO         2004    i.FSMC_NORSRAMInit  stm32f4xx_fsmc.o
    0x080018ce   0x080018ce   0x0000007c   Code   RO         2116    i.GPIO_Init         stm32f4xx_gpio.o
    0x0800194a   0x0800194a   0x00000020   Code   RO         2117    i.GPIO_PinAFConfig  stm32f4xx_gpio.o
    0x0800196a   0x0800196a   0x00000004   Code   RO         2123    i.GPIO_ResetBits    stm32f4xx_gpio.o
    0x0800196e   0x0800196e   0x00000004   Code   RO         2124    i.GPIO_SetBits      stm32f4xx_gpio.o
    0x08001972   0x08001972   0x00000008   Code   RO         2126    i.GPIO_ToggleBits   stm32f4xx_gpio.o
    0x0800197a   0x0800197a   0x00000002   Code   RO          328    i.HardFault_Handler  stm32f4xx_it.o
    0x0800197c   0x0800197c   0x00000010   Code   RO         5551    i.IDADD_READ_DOOR   function.o
    0x0800198c   0x0800198c   0x0000002c   Code   RO         5552    i.IDADD_READ_RFID   function.o
    0x080019b8   0x080019b8   0x00000038   Code   RO         5553    i.IDADD_READ_TIME   function.o
    0x080019f0   0x080019f0   0x00000098   Code   RO         5554    i.ID_DEL            function.o
    0x08001a88   0x08001a88   0x000002b0   Code   RO            3    i.Init_peripheral   main.o
    0x08001d38   0x08001d38   0x00000028   Code   RO          991    i.LCD_Clear         stm32f4_discovery_lcd.o
    0x08001d60   0x08001d60   0x0000016c   Code   RO          995    i.LCD_CtrlLinesConfig  stm32f4_discovery_lcd.o
    0x08001ecc   0x08001ecc   0x00000020   Code   RO          997    i.LCD_DisplayChar   stm32f4_discovery_lcd.o
    0x08001eec   0x08001eec   0x00000038   Code   RO         1000    i.LCD_DisplayStringLine  stm32f4_discovery_lcd.o
    0x08001f24   0x08001f24   0x0000007c   Code   RO         1001    i.LCD_DrawChar      stm32f4_discovery_lcd.o
    0x08001fa0   0x08001fa0   0x00000056   Code   RO         1009    i.LCD_FSMCConfig    stm32f4_discovery_lcd.o
    0x08001ff6   0x08001ff6   0x00000002   PAD
    0x08001ff8   0x08001ff8   0x0000000c   Code   RO         1012    i.LCD_GetFont       stm32f4_discovery_lcd.o
    0x08002004   0x08002004   0x000000bc   Code   RO            4    i.LCD_LED_Init      main.o
    0x080020c0   0x080020c0   0x00000010   Code   RO         1019    i.LCD_SetBackColor  stm32f4_discovery_lcd.o
    0x080020d0   0x080020d0   0x00000018   Code   RO         1021    i.LCD_SetCursor     stm32f4_discovery_lcd.o
    0x080020e8   0x080020e8   0x0000000c   Code   RO         1023    i.LCD_SetFont       stm32f4_discovery_lcd.o
    0x080020f4   0x080020f4   0x00000010   Code   RO         1024    i.LCD_SetTextColor  stm32f4_discovery_lcd.o
    0x08002104   0x08002104   0x0000000c   Code   RO         1027    i.LCD_WriteRAM      stm32f4_discovery_lcd.o
    0x08002110   0x08002110   0x0000000a   Code   RO         1028    i.LCD_WriteRAM_Prepare  stm32f4_discovery_lcd.o
    0x0800211a   0x0800211a   0x00000002   PAD
    0x0800211c   0x0800211c   0x00000010   Code   RO         1029    i.LCD_WriteReg      stm32f4_discovery_lcd.o
    0x0800212c   0x0800212c   0x00000048   Code   RO          691    i.LEDS_CGI_Handler  httpd_cgi_ssi.o
    0x08002174   0x08002174   0x000000d0   Code   RO          401    i.LwIP_Init         netconf.o
    0x08002244   0x08002244   0x00000038   Code   RO          402    i.LwIP_Periodic_Handle  netconf.o
    0x0800227c   0x0800227c   0x0000000c   Code   RO          403    i.LwIP_Pkt_Handle   netconf.o
    0x08002288   0x08002288   0x00000002   Code   RO          329    i.MemManage_Handler  stm32f4xx_it.o
    0x0800228a   0x0800228a   0x00000002   Code   RO          330    i.NMI_Handler       stm32f4xx_it.o
    0x0800228c   0x0800228c   0x00000068   Code   RO         1531    i.NVIC_Init         misc.o
    0x080022f4   0x080022f4   0x0000003c   Code   RO         5555    i.OpenDoor          function.o
    0x08002330   0x08002330   0x00000002   Code   RO          331    i.PendSV_Handler    stm32f4xx_it.o
    0x08002332   0x08002332   0x00000002   PAD
    0x08002334   0x08002334   0x0000001c   Code   RO         2209    i.RCC_AHB1PeriphClockCmd  stm32f4xx_rcc.o
    0x08002350   0x08002350   0x0000001c   Code   RO         2211    i.RCC_AHB1PeriphResetCmd  stm32f4xx_rcc.o
    0x0800236c   0x0800236c   0x0000001c   Code   RO         2215    i.RCC_AHB3PeriphClockCmd  stm32f4xx_rcc.o
    0x08002388   0x08002388   0x0000001c   Code   RO         2218    i.RCC_APB1PeriphClockCmd  stm32f4xx_rcc.o
    0x080023a4   0x080023a4   0x0000001c   Code   RO         2221    i.RCC_APB2PeriphClockCmd  stm32f4xx_rcc.o
    0x080023c0   0x080023c0   0x000000a0   Code   RO         2230    i.RCC_GetClocksFreq  stm32f4xx_rcc.o
    0x08002460   0x08002460   0x00000018   Code   RO         3285    i.SPI_Cmd           stm32f4xx_spi.o
    0x08002478   0x08002478   0x0000000e   Code   RO         3293    i.SPI_I2S_GetFlagStatus  stm32f4xx_spi.o
    0x08002486   0x08002486   0x00000004   Code   RO         3296    i.SPI_I2S_ReceiveData  stm32f4xx_spi.o
    0x0800248a   0x0800248a   0x00000004   Code   RO         3297    i.SPI_I2S_SendData  stm32f4xx_spi.o
    0x0800248e   0x0800248e   0x00000038   Code   RO         3298    i.SPI_Init          stm32f4xx_spi.o
    0x080024c6   0x080024c6   0x00000002   PAD
    0x080024c8   0x080024c8   0x00000034   Code   RO         5467    i.SPI_ReadWrite     25lc256.o
    0x080024fc   0x080024fc   0x00000160   Code   RO         1031    i.STM32f4_Discovery_LCD_Init  stm32f4_discovery_lcd.o
    0x0800265c   0x0800265c   0x00000018   Code   RO         1272    i.STM_EVAL_LEDOff   stm32f4_discovery.o
    0x08002674   0x08002674   0x00000018   Code   RO         1273    i.STM_EVAL_LEDOn    stm32f4_discovery.o
    0x0800268c   0x0800268c   0x00000002   Code   RO          332    i.SVC_Handler       stm32f4xx_it.o
    0x0800268e   0x0800268e   0x00000002   PAD
    0x08002690   0x08002690   0x0000000c   Code   RO         2677    i.SYSCFG_ETH_MediaInterfaceConfig  stm32f4xx_syscfg.o
    0x0800269c   0x0800269c   0x000000b8   Code   RO          293    i.SetSysClock       system_stm32f4xx.o
    0x08002754   0x08002754   0x0000001c   Code   RO         1535    i.SysTick_CLKSourceConfig  misc.o
    0x08002770   0x08002770   0x00000004   Code   RO          333    i.SysTick_Handler   stm32f4xx_it.o
    0x08002774   0x08002774   0x00000050   Code   RO          295    i.SystemInit        system_stm32f4xx.o
    0x080027c4   0x080027c4   0x0000002c   Code   RO            5    i.TIM4_IRQHandler   main.o
    0x080027f0   0x080027f0   0x00000006   Code   RO         2732    i.TIM_ClearITPendingBit  stm32f4xx_tim.o
    0x080027f6   0x080027f6   0x00000018   Code   RO         2737    i.TIM_Cmd           stm32f4xx_tim.o
    0x0800280e   0x0800280e   0x00000018   Code   RO         2758    i.TIM_GetITStatus   stm32f4xx_tim.o
    0x08002826   0x08002826   0x00000014   Code   RO         2762    i.TIM_ITConfig      stm32f4xx_tim.o
    0x0800283a   0x0800283a   0x00000002   PAD
    0x0800283c   0x0800283c   0x0000007c   Code   RO         2809    i.TIM_TimeBaseInit  stm32f4xx_tim.o
    0x080028b8   0x080028b8   0x00000010   Code   RO            6    i.Time_Update       main.o
    0x080028c8   0x080028c8   0x00000060   Code   RO            7    i.USART1_IRQHandler  main.o
    0x08002928   0x08002928   0x00000070   Code   RO            8    i.USART2_IRQHandler  main.o
    0x08002998   0x08002998   0x00000008   Code   RO         1347    i.USART_ClearFlag   stm32f4xx_usart.o
    0x080029a0   0x080029a0   0x00000018   Code   RO         1351    i.USART_Cmd         stm32f4xx_usart.o
    0x080029b8   0x080029b8   0x0000000e   Code   RO         1354    i.USART_GetFlagStatus  stm32f4xx_usart.o
    0x080029c6   0x080029c6   0x00000040   Code   RO         1355    i.USART_GetITStatus  stm32f4xx_usart.o
    0x08002a06   0x08002a06   0x00000036   Code   RO         1357    i.USART_ITConfig    stm32f4xx_usart.o
    0x08002a3c   0x08002a3c   0x000000bc   Code   RO         1358    i.USART_Init        stm32f4xx_usart.o
    0x08002af8   0x08002af8   0x00000008   Code   RO         1365    i.USART_ReceiveData  stm32f4xx_usart.o
    0x08002b00   0x08002b00   0x00000008   Code   RO         1368    i.USART_SendData    stm32f4xx_usart.o
    0x08002b08   0x08002b08   0x0000004c   Code   RO          799    i.U_Print           u_print.o
    0x08002b54   0x08002b54   0x0000002e   Code   RO          800    i.U_Print_Char      u_print.o
    0x08002b82   0x08002b82   0x00000002   Code   RO          334    i.UsageFault_Handler  stm32f4xx_it.o
    0x08002b84   0x08002b84   0x00000004   Code   RO          968    i._ZSt6strstrPcPKc  at_command.o
    0x08002b88   0x08002b88   0x00000008   Code   RO         5621    i._Znaj             cpprt_w.l(array_new.o)
    0x08002b90   0x08002b90   0x00000028   Code   RO         5925    i._Znwj             cpprt_w.l(new.o)
    0x08002bb8   0x08002bb8   0x00000020   Code   RO         5883    i.__0printf         mc_w.l(printfa.o)
    0x08002bd8   0x08002bd8   0x00000028   Code   RO         5885    i.__0sprintf        mc_w.l(printfa.o)
    0x08002c00   0x08002c00   0x0000000e   Code   RO         6191    i.__scatterload_copy  mc_w.l(handlers.o)
    0x08002c0e   0x08002c0e   0x00000002   Code   RO         6192    i.__scatterload_null  mc_w.l(handlers.o)
    0x08002c10   0x08002c10   0x0000000e   Code   RO         6193    i.__scatterload_zeroinit  mc_w.l(handlers.o)
    0x08002c1e   0x08002c1e   0x00000002   PAD
    0x08002c20   0x08002c20   0x00000184   Code   RO         5890    i._fp_digits        mc_w.l(printfa.o)
    0x08002da4   0x08002da4   0x000006dc   Code   RO         5891    i._printf_core      mc_w.l(printfa.o)
    0x08003480   0x08003480   0x00000024   Code   RO         5892    i._printf_post_padding  mc_w.l(printfa.o)
    0x080034a4   0x080034a4   0x0000002e   Code   RO         5893    i._printf_pre_padding  mc_w.l(printfa.o)
    0x080034d2   0x080034d2   0x0000000a   Code   RO         5895    i._sputc            mc_w.l(printfa.o)
    0x080034dc   0x080034dc   0x00000028   Code   RO         5042    i.autoip_arp_announce  autoip.o
    0x08003504   0x08003504   0x0000008c   Code   RO         5044    i.autoip_arp_reply  autoip.o
    0x08003590   0x08003590   0x00000050   Code   RO         5046    i.autoip_create_addr  autoip.o
    0x080035e0   0x080035e0   0x00000024   Code   RO         5047    i.autoip_handle_arp_conflict  autoip.o
    0x08003604   0x08003604   0x00000060   Code   RO         5050    i.autoip_start      autoip.o
    0x08003664   0x08003664   0x0000004a   Code   RO         5051    i.autoip_start_probing  autoip.o
    0x080036ae   0x080036ae   0x0000001e   Code   RO         1032    i.delay             stm32f4_discovery_lcd.o
    0x080036cc   0x080036cc   0x0000001e   Code   RO         4052    i.dhcp_arp_reply    dhcp.o
    0x080036ea   0x080036ea   0x00000002   PAD
    0x080036ec   0x080036ec   0x00000104   Code   RO         4056    i.dhcp_create_request  dhcp.o
    0x080037f0   0x080037f0   0x00000088   Code   RO         4057    i.dhcp_decline      dhcp.o
    0x08003878   0x08003878   0x0000001c   Code   RO         4058    i.dhcp_delete_request  dhcp.o
    0x08003894   0x08003894   0x0000001c   Code   RO         4070    i.dhcp_option       dhcp.o
    0x080038b0   0x080038b0   0x0000000e   Code   RO         4071    i.dhcp_option_byte  dhcp.o
    0x080038be   0x080038be   0x0000003a   Code   RO         4072    i.dhcp_option_long  dhcp.o
    0x080038f8   0x080038f8   0x0000002c   Code   RO         4074    i.dhcp_option_trailer  dhcp.o
    0x08003924   0x08003924   0x0000000e   Code   RO         4081    i.dhcp_set_state    dhcp.o
    0x08003932   0x08003932   0x00000002   PAD
    0x08003934   0x08003934   0x0000012c   Code   RO         5348    i.etharp_arp_input  etharp.o
    0x08003a60   0x08003a60   0x0000002a   Code   RO         5350    i.etharp_ip_input   etharp.o
    0x08003a8a   0x08003a8a   0x00000002   PAD
    0x08003a8c   0x08003a8c   0x000000b8   Code   RO         5351    i.etharp_output     etharp.o
    0x08003b44   0x08003b44   0x0000011c   Code   RO         5352    i.etharp_query      etharp.o
    0x08003c60   0x08003c60   0x000000b8   Code   RO         5353    i.etharp_raw        etharp.o
    0x08003d18   0x08003d18   0x00000024   Code   RO         5354    i.etharp_request    etharp.o
    0x08003d3c   0x08003d3c   0x00000034   Code   RO         5355    i.etharp_send_ip    etharp.o
    0x08003d70   0x08003d70   0x00000050   Code   RO         5356    i.etharp_tmr        etharp.o
    0x08003dc0   0x08003dc0   0x0000005a   Code   RO         5357    i.ethernet_input    etharp.o
    0x08003e1a   0x08003e1a   0x00000002   PAD
    0x08003e1c   0x08003e1c   0x00000028   Code   RO         3964    i.ethernetif_init   ethernetif.o
    0x08003e44   0x08003e44   0x0000002a   Code   RO         3965    i.ethernetif_input  ethernetif.o
    0x08003e6e   0x08003e6e   0x0000006c   Code   RO          559    i.extract_uri_parameters  httpd.o
    0x08003eda   0x08003eda   0x00000002   PAD
    0x08003edc   0x08003edc   0x0000013c   Code   RO         5358    i.find_entry        etharp.o
    0x08004018   0x08004018   0x00000012   Code   RO         5959    i.fputc             mc_w.l(fputc.o)
    0x0800402a   0x0800402a   0x0000001e   Code   RO         5359    i.free_etharp_q     etharp.o
    0x08004048   0x08004048   0x00000008   Code   RO          735    i.fs_bytes_left     fs.o
    0x08004050   0x08004050   0x00000004   Code   RO          736    i.fs_close          fs.o
    0x08004054   0x08004054   0x0000002c   Code   RO          737    i.fs_free           fs.o
    0x08004080   0x08004080   0x0000002c   Code   RO          738    i.fs_malloc         fs.o
    0x080040ac   0x080040ac   0x0000004c   Code   RO          739    i.fs_open           fs.o
    0x080040f8   0x080040f8   0x00000032   Code   RO          740    i.fs_read           fs.o
    0x0800412a   0x0800412a   0x00000002   PAD
    0x0800412c   0x0800412c   0x000000b4   Code   RO          560    i.get_tag_insert    httpd.o
    0x080041e0   0x080041e0   0x00000018   Code   RO         5149    i.htonl             inet.o
    0x080041f8   0x080041f8   0x0000000a   Code   RO         5150    i.htons             inet.o
    0x08004202   0x08004202   0x00000002   PAD
    0x08004204   0x08004204   0x00000058   Code   RO          561    i.http_accept       httpd.o
    0x0800425c   0x0800425c   0x00000054   Code   RO          562    i.http_close_conn   httpd.o
    0x080042b0   0x080042b0   0x0000000a   Code   RO          563    i.http_err          httpd.o
    0x080042ba   0x080042ba   0x00000002   PAD
    0x080042bc   0x080042bc   0x00000128   Code   RO          564    i.http_find_file    httpd.o
    0x080043e4   0x080043e4   0x00000054   Code   RO          565    i.http_get_404_file  httpd.o
    0x08004438   0x08004438   0x00000060   Code   RO          566    i.http_init_file    httpd.o
    0x08004498   0x08004498   0x000000ec   Code   RO          567    i.http_parse_request  httpd.o
    0x08004584   0x08004584   0x00000040   Code   RO          568    i.http_poll         httpd.o
    0x080045c4   0x080045c4   0x0000007c   Code   RO          569    i.http_recv         httpd.o
    0x08004640   0x08004640   0x000003e8   Code   RO          570    i.http_send_data    httpd.o
    0x08004a28   0x08004a28   0x0000001c   Code   RO          571    i.http_sent         httpd.o
    0x08004a44   0x08004a44   0x0000000c   Code   RO          572    i.http_set_cgi_handlers  httpd.o
    0x08004a50   0x08004a50   0x00000010   Code   RO          573    i.http_set_ssi_handler  httpd.o
    0x08004a60   0x08004a60   0x0000001c   Code   RO          574    i.http_state_alloc  httpd.o
    0x08004a7c   0x08004a7c   0x0000002a   Code   RO          575    i.http_state_free   httpd.o
    0x08004aa6   0x08004aa6   0x00000040   Code   RO          576    i.http_write        httpd.o
    0x08004ae6   0x08004ae6   0x00000002   PAD
    0x08004ae8   0x08004ae8   0x0000001c   Code   RO          692    i.httpd_cgi_init    httpd_cgi_ssi.o
    0x08004b04   0x08004b04   0x00000018   Code   RO          577    i.httpd_init        httpd.o
    0x08004b1c   0x08004b1c   0x00000040   Code   RO          578    i.httpd_init_addr   httpd.o
    0x08004b5c   0x08004b5c   0x00000014   Code   RO          693    i.httpd_ssi_init    httpd_cgi_ssi.o
    0x08004b70   0x08004b70   0x00000008   Code   RO         5114    i.icmp_dest_unreach  icmp.o
    0x08004b78   0x08004b78   0x00000144   Code   RO         5115    i.icmp_input        icmp.o
    0x08004cbc   0x08004cbc   0x00000068   Code   RO         5116    i.icmp_send_response  icmp.o
    0x08004d24   0x08004d24   0x00000008   Code   RO         5117    i.icmp_time_exceeded  icmp.o
    0x08004d2c   0x08004d2c   0x0000000c   Code   RO         5198    i.inet_chksum       inet_chksum.o
    0x08004d38   0x08004d38   0x00000048   Code   RO         5199    i.inet_chksum_pbuf  inet_chksum.o
    0x08004d80   0x08004d80   0x0000003e   Code   RO         5273    i.ip_addr_isbroadcast  ip_addr.o
    0x08004dbe   0x08004dbe   0x00000002   PAD
    0x08004dc0   0x08004dc0   0x0000013c   Code   RO         5296    i.ip_frag           ip_frag.o
    0x08004efc   0x08004efc   0x000001bc   Code   RO         5234    i.ip_input          ip.o
    0x080050b8   0x080050b8   0x00000034   Code   RO         5235    i.ip_output         ip.o
    0x080050ec   0x080050ec   0x000000d8   Code   RO         5236    i.ip_output_if      ip.o
    0x080051c4   0x080051c4   0x0000017c   Code   RO         5297    i.ip_reass          ip_frag.o
    0x08005340   0x08005340   0x000000f8   Code   RO         5298    i.ip_reass_chain_frag_into_datagram_and_validate  ip_frag.o
    0x08005438   0x08005438   0x00000024   Code   RO         5299    i.ip_reass_dequeue_datagram  ip_frag.o
    0x0800545c   0x0800545c   0x00000054   Code   RO         5300    i.ip_reass_enqueue_new_datagram  ip_frag.o
    0x080054b0   0x080054b0   0x00000070   Code   RO         5301    i.ip_reass_free_complete_datagram  ip_frag.o
    0x08005520   0x08005520   0x00000074   Code   RO         5302    i.ip_reass_remove_oldest_datagram  ip_frag.o
    0x08005594   0x08005594   0x00000048   Code   RO         5237    i.ip_route          ip.o
    0x080055dc   0x080055dc   0x00000074   Code   RO         3966    i.low_level_init    ethernetif.o
    0x08005650   0x08005650   0x00000088   Code   RO         3967    i.low_level_input   ethernetif.o
    0x080056d8   0x080056d8   0x00000030   Code   RO         3968    i.low_level_output  ethernetif.o
    0x08005708   0x08005708   0x0000003a   Code   RO         5201    i.lwip_standard_chksum  inet_chksum.o
    0x08005742   0x08005742   0x00000002   PAD
    0x08005744   0x08005744   0x00000450   Code   RO            9    i.main              main.o
    0x08005b94   0x08005b94   0x0000006c   Code   RO         6113    i.malloc            mc_w.l(malloc.o)
    0x08005c00   0x08005c00   0x0000002c   Code   RO         4310    i.mem_free          mem.o
    0x08005c2c   0x08005c2c   0x00000034   Code   RO         4311    i.mem_init          mem.o
    0x08005c60   0x08005c60   0x000000b8   Code   RO         4312    i.mem_malloc        mem.o
    0x08005d18   0x08005d18   0x000000cc   Code   RO         4313    i.mem_realloc       mem.o
    0x08005de4   0x08005de4   0x00000018   Code   RO         4353    i.memp_free         memp.o
    0x08005dfc   0x08005dfc   0x00000058   Code   RO         4354    i.memp_init         memp.o
    0x08005e54   0x08005e54   0x00000020   Code   RO         4355    i.memp_malloc       memp.o
    0x08005e74   0x08005e74   0x0000004c   Code   RO         4395    i.netif_add         netif.o
    0x08005ec0   0x08005ec0   0x0000000a   Code   RO         4397    i.netif_is_up       netif.o
    0x08005eca   0x08005eca   0x00000022   Code   RO         4399    i.netif_set_addr    netif.o
    0x08005eec   0x08005eec   0x0000000c   Code   RO         4400    i.netif_set_default  netif.o
    0x08005ef8   0x08005ef8   0x00000012   Code   RO         4401    i.netif_set_down    netif.o
    0x08005f0a   0x08005f0a   0x0000000e   Code   RO         4402    i.netif_set_gw      netif.o
    0x08005f18   0x08005f18   0x00000068   Code   RO         4403    i.netif_set_ipaddr  netif.o
    0x08005f80   0x08005f80   0x0000000e   Code   RO         4404    i.netif_set_netmask  netif.o
    0x08005f8e   0x08005f8e   0x0000001c   Code   RO         4405    i.netif_set_up      netif.o
    0x08005faa   0x08005faa   0x00000004   Code   RO         5154    i.ntohl             inet.o
    0x08005fae   0x08005fae   0x00000004   Code   RO         5155    i.ntohs             inet.o
    0x08005fb2   0x08005fb2   0x0000012a   Code   RO         4477    i.pbuf_alloc        pbuf.o
    0x080060dc   0x080060dc   0x00000028   Code   RO         4478    i.pbuf_cat          pbuf.o
    0x08006104   0x08006104   0x00000014   Code   RO         4479    i.pbuf_chain        pbuf.o
    0x08006118   0x08006118   0x00000012   Code   RO         4480    i.pbuf_clen         pbuf.o
    0x0800612a   0x0800612a   0x00000096   Code   RO         4482    i.pbuf_copy         pbuf.o
    0x080061c0   0x080061c0   0x0000006c   Code   RO         4483    i.pbuf_copy_partial  pbuf.o
    0x0800622c   0x0800622c   0x00000052   Code   RO         4485    i.pbuf_free         pbuf.o
    0x0800627e   0x0800627e   0x00000068   Code   RO         4486    i.pbuf_header       pbuf.o
    0x080062e6   0x080062e6   0x0000004e   Code   RO         4487    i.pbuf_realloc      pbuf.o
    0x08006334   0x08006334   0x0000000c   Code   RO         4488    i.pbuf_ref          pbuf.o
    0x08006340   0x08006340   0x00000054   Code   RO         4314    i.plug_holes        mem.o
    0x08006394   0x08006394   0x00000068   Code   RO         4566    i.raw_input         raw.o
    0x080063fc   0x080063fc   0x00000044   Code   RO          579    i.strnstr           httpd.o
    0x08006440   0x08006440   0x00000098   Code   RO         4632    i.tcp_abandon       tcp.o
    0x080064d8   0x080064d8   0x00000004   Code   RO         4633    i.tcp_accept        tcp.o
    0x080064dc   0x080064dc   0x00000006   Code   RO         4634    i.tcp_accept_null   tcp.o
    0x080064e2   0x080064e2   0x00000002   PAD
    0x080064e4   0x080064e4   0x000000a4   Code   RO         4635    i.tcp_alloc         tcp.o
    0x08006588   0x08006588   0x00000004   Code   RO         4636    i.tcp_arg           tcp.o
    0x0800658c   0x0800658c   0x000000c8   Code   RO         4637    i.tcp_bind          tcp.o
    0x08006654   0x08006654   0x000000d0   Code   RO         4638    i.tcp_close         tcp.o
    0x08006724   0x08006724   0x00000058   Code   RO          504    i.tcp_echoserver_accept  tcp_echoserver.o
    0x0800677c   0x0800677c   0x00000048   Code   RO          505    i.tcp_echoserver_connection_close  tcp_echoserver.o
    0x080067c4   0x080067c4   0x0000000a   Code   RO          506    i.tcp_echoserver_error  tcp_echoserver.o
    0x080067ce   0x080067ce   0x00000002   PAD
    0x080067d0   0x080067d0   0x00000078   Code   RO          507    i.tcp_echoserver_init  tcp_echoserver.o
    0x08006848   0x08006848   0x00000038   Code   RO          508    i.tcp_echoserver_poll  tcp_echoserver.o
    0x08006880   0x08006880   0x000000e0   Code   RO          509    i.tcp_echoserver_recv  tcp_echoserver.o
    0x08006960   0x08006960   0x00000064   Code   RO          510    i.tcp_echoserver_send  tcp_echoserver.o
    0x080069c4   0x080069c4   0x0000002c   Code   RO          511    i.tcp_echoserver_sent  tcp_echoserver.o
    0x080069f0   0x080069f0   0x00000020   Code   RO         4641    i.tcp_eff_send_mss  tcp.o
    0x08006a10   0x08006a10   0x0000035a   Code   RO         4877    i.tcp_enqueue       tcp_out.o
    0x08006d6a   0x08006d6a   0x00000006   Code   RO         4642    i.tcp_err           tcp.o
    0x08006d70   0x08006d70   0x0000005c   Code   RO         4643    i.tcp_fasttmr       tcp.o
    0x08006dcc   0x08006dcc   0x00000340   Code   RO         4829    i.tcp_input         tcp_in.o
    0x0800710c   0x0800710c   0x00000048   Code   RO         4878    i.tcp_keepalive     tcp_out.o
    0x08007154   0x08007154   0x00000044   Code   RO         4644    i.tcp_kill_prio     tcp.o
    0x08007198   0x08007198   0x00000034   Code   RO         4645    i.tcp_kill_timewait  tcp.o
    0x080071cc   0x080071cc   0x000000ec   Code   RO         4830    i.tcp_listen_input  tcp_in.o
    0x080072b8   0x080072b8   0x00000094   Code   RO         4646    i.tcp_listen_with_backlog  tcp.o
    0x0800734c   0x0800734c   0x00000006   Code   RO         4647    i.tcp_new           tcp.o
    0x08007352   0x08007352   0x00000002   PAD
    0x08007354   0x08007354   0x0000005c   Code   RO         4648    i.tcp_new_port      tcp.o
    0x080073b0   0x080073b0   0x00000010   Code   RO         4649    i.tcp_next_iss      tcp.o
    0x080073c0   0x080073c0   0x000001a8   Code   RO         4879    i.tcp_output        tcp_out.o
    0x08007568   0x08007568   0x000000b4   Code   RO         4880    i.tcp_output_segment  tcp_out.o
    0x0800761c   0x0800761c   0x0000007c   Code   RO         4881    i.tcp_output_set_header  tcp_out.o
    0x08007698   0x08007698   0x00000088   Code   RO         4831    i.tcp_parseopt      tcp_in.o
    0x08007720   0x08007720   0x00000030   Code   RO         4650    i.tcp_pcb_purge     tcp.o
    0x08007750   0x08007750   0x00000060   Code   RO         4651    i.tcp_pcb_remove    tcp.o
    0x080077b0   0x080077b0   0x0000000a   Code   RO         4652    i.tcp_poll          tcp.o
    0x080077ba   0x080077ba   0x00000002   PAD
    0x080077bc   0x080077bc   0x00000420   Code   RO         4832    i.tcp_process       tcp_in.o
    0x08007bdc   0x08007bdc   0x00000468   Code   RO         4833    i.tcp_receive       tcp_in.o
    0x08008044   0x08008044   0x00000006   Code   RO         4653    i.tcp_recv          tcp.o
    0x0800804a   0x0800804a   0x00000026   Code   RO         4654    i.tcp_recv_null     tcp.o
    0x08008070   0x08008070   0x0000003c   Code   RO         4655    i.tcp_recved        tcp.o
    0x080080ac   0x080080ac   0x00000048   Code   RO         4882    i.tcp_rexmit        tcp_out.o
    0x080080f4   0x080080f4   0x00000060   Code   RO         4883    i.tcp_rexmit_fast   tcp_out.o
    0x08008154   0x08008154   0x0000002e   Code   RO         4884    i.tcp_rexmit_rto    tcp_out.o
    0x08008182   0x08008182   0x0000009e   Code   RO         4885    i.tcp_rst           tcp_out.o
    0x08008220   0x08008220   0x00000020   Code   RO         4656    i.tcp_seg_free      tcp.o
    0x08008240   0x08008240   0x0000001a   Code   RO         4657    i.tcp_segs_free     tcp.o
    0x0800825a   0x0800825a   0x00000014   Code   RO         4886    i.tcp_send_ctrl     tcp_out.o
    0x0800826e   0x0800826e   0x00000056   Code   RO         4887    i.tcp_send_empty_ack  tcp_out.o
    0x080082c4   0x080082c4   0x00000006   Code   RO         4658    i.tcp_sent          tcp.o
    0x080082ca   0x080082ca   0x00000004   Code   RO         4659    i.tcp_setprio       tcp.o
    0x080082ce   0x080082ce   0x00000002   PAD
    0x080082d0   0x080082d0   0x00000238   Code   RO         4660    i.tcp_slowtmr       tcp.o
    0x08008508   0x08008508   0x00000074   Code   RO         4834    i.tcp_timewait_input  tcp_in.o
    0x0800857c   0x0800857c   0x00000020   Code   RO         4661    i.tcp_tmr           tcp.o
    0x0800859c   0x0800859c   0x00000036   Code   RO         4662    i.tcp_update_rcv_ann_wnd  tcp.o
    0x080085d2   0x080085d2   0x0000002e   Code   RO         4888    i.tcp_write         tcp_out.o
    0x08008600   0x08008600   0x000000a0   Code   RO         4889    i.tcp_zero_window_probe  tcp_out.o
    0x080086a0   0x080086a0   0x00000064   Code   RO         4959    i.udp_bind          udp.o
    0x08008704   0x08008704   0x0000019c   Code   RO         4962    i.udp_input         udp.o
    0x080088a0   0x080088a0   0x000000b6   Code   RO         4968    i.udp_sendto_if     udp.o
    0x08008956   0x08008956   0x00000002   PAD
    0x08008958   0x08008958   0x000000a8   Code   RO         5360    i.update_arp_entry  etharp.o
    0x08008a00   0x08008a00   0x00000014   Data   RO           11    .constdata          main.o
    0x08008a14   0x08008a14   0x00000030   Data   RO          581    .constdata          httpd.o
    0x08008a44   0x08008a44   0x00000008   Data   RO          694    .constdata          httpd_cgi_ssi.o
    0x08008a4c   0x08008a4c   0x00000c57   Data   RO          742    .constdata          fs.o
    0x080096a3   0x080096a3   0x00000aba   Data   RO          743    .constdata          fs.o
    0x0800a15d   0x0800a15d   0x0000665d   Data   RO          744    .constdata          fs.o
    0x080107ba   0x080107ba   0x000004db   Data   RO          745    .constdata          fs.o
    0x08010c95   0x08010c95   0x000029e3   Data   RO          746    .constdata          fs.o
    0x08013678   0x08013678   0x00000fc1   Data   RO          747    .constdata          fs.o
    0x08014639   0x08014639   0x00000f2a   Data   RO          748    .constdata          fs.o
    0x08015563   0x08015563   0x00000001   PAD
    0x08015564   0x08015564   0x00000014   Data   RO          749    .constdata          fs.o
    0x08015578   0x08015578   0x00000014   Data   RO          750    .constdata          fs.o
    0x0801558c   0x0801558c   0x00000014   Data   RO          751    .constdata          fs.o
    0x080155a0   0x080155a0   0x00000014   Data   RO          752    .constdata          fs.o
    0x080155b4   0x080155b4   0x00000014   Data   RO          753    .constdata          fs.o
    0x080155c8   0x080155c8   0x00000014   Data   RO          754    .constdata          fs.o
    0x080155dc   0x080155dc   0x00000014   Data   RO          755    .constdata          fs.o
    0x080155f0   0x080155f0   0x000011d0   Data   RO         1033    .constdata          stm32f4_discovery_lcd.o
    0x080167c0   0x080167c0   0x00000054   Data   RO         1277    .constdata          stm32f4_discovery.o
    0x08016814   0x08016814   0x00000024   Data   RO         4357    .constdata          memp.o
    0x08016838   0x08016838   0x00000014   Data   RO         4663    .constdata          tcp.o
    0x0801684c   0x0801684c   0x00000004   Data   RO         5274    .constdata          ip_addr.o
    0x08016850   0x08016850   0x00000004   Data   RO         5275    .constdata          ip_addr.o
    0x08016854   0x08016854   0x0000000c   Data   RO         5362    .constdata          etharp.o
    0x08016860   0x08016860   0x0000006a   Data   RO          582    .conststring        httpd.o
    0x080168ca   0x080168ca   0x00000002   PAD
    0x080168cc   0x080168cc   0x00000002   Data   RO          695    .conststring        httpd_cgi_ssi.o
    0x080168ce   0x080168ce   0x00000002   PAD
    0x080168d0   0x080168d0   0x0000000a   Data   RO          696    .conststring        httpd_cgi_ssi.o
    0x080168da   0x080168da   0x00000002   PAD
    0x080168dc   0x080168dc   0x00000075   Data   RO         4664    .conststring        tcp.o
    0x08016951   0x08016951   0x00000003   PAD
    0x08016954   0x08016954   0x00000020   Data   RO         6189    Region$$Table       anon$$obj.o


    Execution Region RW_IRAM1 (Exec base: 0x20000000, Load base: 0x08016974, Size: 0x0001e628, Max: 0x00020000, ABSOLUTE, COMPRESSED[0x00000074])

    Exec Addr    Load Addr    Size         Type   Attr      Idx    E Section Name        Object

    0x20000000   COMPRESSED   0x00000014   Data   RW           12    .data               main.o
    0x20000014   COMPRESSED   0x00000008   Data   RW          405    .data               netconf.o
    0x2000001c   COMPRESSED   0x00000004   Data   RW          473    .data               stm32f4x7_eth_bsp.o
    0x20000020   COMPRESSED   0x00000008   Data   RW          512    .data               tcp_echoserver.o
    0x20000028   COMPRESSED   0x00000024   Data   RW          583    .data               httpd.o
    0x2000004c   COMPRESSED   0x00000010   Data   RW          697    .data               httpd_cgi_ssi.o
    0x2000005c   COMPRESSED   0x00000004   Data   RW          698    .data               httpd_cgi_ssi.o
    0x20000060   COMPRESSED   0x00000010   Data   RW         1037    .data               stm32f4_discovery_lcd.o
    0x20000070   COMPRESSED   0x0000002c   Data   RW         1278    .data               stm32f4_discovery.o
    0x2000009c   COMPRESSED   0x00000010   Data   RW         2253    .data               stm32f4xx_rcc.o
    0x200000ac   COMPRESSED   0x0000000c   Data   RW         3528    .data               stm32f4x7_eth.o
    0x200000b8   COMPRESSED   0x00000004   Data   RW         4088    .data               dhcp.o
    0x200000bc   COMPRESSED   0x00000010   Data   RW         4316    .data               mem.o
    0x200000cc   COMPRESSED   0x0000000c   Data   RW         4406    .data               netif.o
    0x200000d8   COMPRESSED   0x00000004   Data   RW         4572    .data               raw.o
    0x200000dc   COMPRESSED   0x0000004c   Data   RW         4665    .data               tcp.o
    0x20000128   COMPRESSED   0x0000001c   Data   RW         4836    .data               tcp_in.o
    0x20000144   COMPRESSED   0x00000004   Data   RW         4969    .data               udp.o
    0x20000148   COMPRESSED   0x0000000c   Data   RW         5238    .data               ip.o
    0x20000154   COMPRESSED   0x00000008   Data   RW         5305    .data               ip_frag.o
    0x2000015c   COMPRESSED   0x00000001   Data   RW         5363    .data               etharp.o
    0x2000015d   COMPRESSED   0x00000003   PAD
    0x20000160   COMPRESSED   0x00000004   Data   RW         5961    .data               mc_w.l(stdout.o)
    0x20000164   COMPRESSED   0x0000000c   Data   RW         6142    .data               mc_w.l(cpp_memory.o)
    0x20000170   COMPRESSED   0x00000004   Data   RW         6170    .data               mc_w.l(mvars.o)
    0x20000174   COMPRESSED   0x00000004   Data   RW         6171    .data               mc_w.l(mvars.o)
    0x20000178        -       0x00000050   Zero   RW           10    .bss                main.o
    0x200001c8        -       0x00000038   Zero   RW          404    .bss                netconf.o
    0x20000200        -       0x00000400   Zero   RW          580    .bss                httpd.o
    0x20000600        -       0x000000f0   Zero   RW          741    .bss                fs.o
    0x200006f0        -       0x000000a0   Zero   RW         3523    .bss                stm32f4x7_eth.o
    0x20000790        -       0x000000a0   Zero   RW         3524    .bss                stm32f4x7_eth.o
    0x20000830        -       0x00001dc4   Zero   RW         3525    .bss                stm32f4x7_eth.o
    0x200025f4        -       0x00001dc4   Zero   RW         3526    .bss                stm32f4x7_eth.o
    0x200043b8        -       0x0000000c   Zero   RW         3527    .bss                stm32f4x7_eth.o
    0x200043c4        -       0x00002814   Zero   RW         4315    .bss                mem.o
    0x20006bd8        -       0x00004d8f   Zero   RW         4356    .bss                memp.o
    0x2000b967   COMPRESSED   0x00000001   PAD
    0x2000b968        -       0x00000014   Zero   RW         4835    .bss                tcp_in.o
    0x2000b97c        -       0x000005e0   Zero   RW         5304    .bss                ip_frag.o
    0x2000bf5c        -       0x000000c8   Zero   RW         5361    .bss                etharp.o
    0x2000c024   COMPRESSED   0x00000004   PAD
    0x2000c028        -       0x00009200   Zero   RW         5452    HEAP                startup_stm32f4xx.o
    0x20015228        -       0x00009400   Zero   RW         5451    STACK               startup_stm32f4xx.o


==============================================================================

Image component sizes


      Code (inc. data)   RO Data    RW Data    ZI Data      Debug   Object Name

       280         26          0          0          0       3544   25lc256.o
       248        110          0          0          0       1659   at_command.o
       466         22          0          0          0       5586   autoip.o
       612         16          0          4          0      11739   dhcp.o
      1766         46         12          1        200      14851   etharp.o
       382         38          0          0          0       5146   ethernetif.o
       226         14      52131          0        240       6644   fs.o
       596         42          0          0          0       5080   function.o
      2716        164        154         36       1024      20258   httpd.o
       404         70         20         20          0       4451   httpd_cgi_ssi.o
       444          0          0          0          0       4270   icmp.o
        42          0          0          0          0       2328   inet.o
       142          0          0          0          0       6117   inet_chksum.o
         0          0          0          0          0       2091   init.o
       784         24          0         12          0       8004   ip.o
        62          0          8          0          0       6017   ip_addr.o
      1292         32          0          8       1504       9017   ip_frag.o
      2268        286         20         20         80     394524   main.o
       568         30          0         16      10260       5629   mem.o
       144         20         36          0      19855       4290   memp.o
       132          6          0          0          0       1986   misc.o
       276         70          0          8         56      11594   netconf.o
       310         20          0         12          0       8624   netif.o
       910          0          0          0          0       8709   pbuf.o
       104          6          0          4          0       1896   raw.o
        36          8        392          0      75264       1220   startup_stm32f4xx.o
        48         16         84         44          0       3154   stm32f4_discovery.o
      1202         68       4560         16          0      13696   stm32f4_discovery_lcd.o
      1764        156          0         12      15572      17178   stm32f4x7_eth.o
       588         72          0          4          0      21114   stm32f4x7_eth_bsp.o
       292         20          0          0          0       6527   stm32f4xx_adc.o
       238          6          0          0          0       2257   stm32f4xx_fsmc.o
       172          0          0          0          0       4093   stm32f4xx_gpio.o
        20          0          0          0          0       4298   stm32f4xx_it.o
       300         42          0         16          0       6637   stm32f4xx_rcc.o
       102          0          0          0          0       4198   stm32f4xx_spi.o
        12          6          0          0          0        674   stm32f4xx_syscfg.o
       198         28          0          0          0       4478   stm32f4xx_tim.o
       368          8          0          0          0       7299   stm32f4xx_usart.o
       264         34          0          0          0       1633   system_stm32f4xx.o
      2230         94        137         76          0      30212   tcp.o
       714        114          0          8          0       6962   tcp_echoserver.o
      3504         90          0         28         20      16280   tcp_in.o
      2342         16          0          0          0      13142   tcp_out.o
       122          4          0          0          0     250941   u_print.o
       694         10          0          4          0      13440   udp.o

    ----------------------------------------------------------------------
     30436       1834      57596        352     124080     983487   Object Totals
         0          0         32          0          0          0   (incl. Generated)
        52          0         10          3          5          0   (incl. Padding)

    ----------------------------------------------------------------------

      Code (inc. data)   RO Data    RW Data    ZI Data      Debug   Library Member Name

        80         12          0          0          0        104   arm_exceptions_globs.o
        60          0          0          0          0        108   arm_exceptions_mem.o
        26          0          0          0          0         76   arm_exceptions_terminate.o
         4          0          0          0          0         68   arm_newhandler_noexceptions.o
         8          0          0          0          0         76   array_new.o
        40          6          0          0          0         76   new.o
        86          0          0          0          0          0   __dczerorl2.o
        20          4          0         12          0        136   cpp_memory.o
         0          0          0          0          0          0   entry.o
         0          0          0          0          0          0   entry10a.o
         0          0          0          0          0          0   entry11a.o
         8          4          0          0          0          0   entry2.o
         4          0          0          0          0          0   entry5.o
         0          0          0          0          0          0   entry7b.o
         0          0          0          0          0          0   entry8b.o
         8          4          0          0          0          0   entry9a.o
        18          0          0          0          0         80   fputc.o
        30          0          0          0          0          0   handlers.o
        36          8          0          0          0         68   init.o
         0          0          0          0          0          0   iusefp.o
         0          0          0          0          0          0   iusesemip.o
        30          0          0          0          0         68   llshl.o
        36          0          0          0          0         68   llsshr.o
        32          0          0          0          0         68   llushr.o
       108         16          0          0          0         84   malloc.o
        26          0          0          0          0         80   memcmp.o
        36          0          0          0          0         68   memcpya.o
        36          0          0          0          0        108   memseta.o
         0          0          0          8          0          0   mvars.o
      2308         96          0          0          0        604   printfa.o
         0          0          0          0          0          0   semi.o
         0          0          0          4          0          0   stdout.o
        24          0          0          0          0         68   strcat.o
        20          0          0          0          0         68   strchr.o
        28          0          0          0          0         76   strcmp.o
        18          0          0          0          0         68   strcpy.o
        14          0          0          0          0         68   strlen.o
        30          0          0          0          0         80   strncmp.o
        36          0          0          0          0         80   strstr.o
        44          0          0          0          0         80   uidiv.o
        98          0          0          0          0         92   uldiv.o
        48          0          0          0          0         68   cdrcmple.o
       334          0          0          0          0        148   dadd.o
       222          0          0          0          0        100   ddiv.o
       186          0          0          0          0        176   depilogue.o
        50          0          0          0          0         76   dfixui.o
        48          0          0          0          0         68   dfixul.o
        26          0          0          0          0         76   dfltui.o
       228          0          0          0          0         96   dmul.o

    ----------------------------------------------------------------------
      4500        150          0         24          0       3428   Library Totals
         6          0          0          0          0          0   (incl. Padding)

    ----------------------------------------------------------------------

      Code (inc. data)   RO Data    RW Data    ZI Data      Debug   Library Name

       218         18          0          0          0        508   cpprt_w.l
      3134        132          0         24          0       2112   mc_w.l
      1142          0          0          0          0        808   mf_w.l

    ----------------------------------------------------------------------
      4500        150          0         24          0       3428   Library Totals

    ----------------------------------------------------------------------

==============================================================================


      Code (inc. data)   RO Data    RW Data    ZI Data      Debug   

     34936       1984      57596        376     124080     970143   Grand Totals
     34936       1984      57596        116     124080     970143   ELF Image Totals (compressed)
     34936       1984      57596        116          0          0   ROM Totals

==============================================================================

    Total RO  Size (Code + RO Data)                92532 (  90.36kB)
    Total RW  Size (RW Data + ZI Data)            124456 ( 121.54kB)
    Total ROM Size (Code + RO Data + RW Data)      92648 (  90.48kB)

==============================================================================

