Component: ARM Compiler 5.06 update 5 (build 528) Tool: armlink [4d35e2]

==============================================================================

Section Cross References

    main.o(.text) refers to stm32f4xx_gpio.o(.text) for GPIO_ReadInputDataBit
    main.o(.text) refers to stm32f4_discovery_lcd.o(.text) for STM32f4_Discovery_LCD_Init
    main.o(.text) refers to stm32f4_discovery.o(.text) for STM_EVAL_PBInit
    main.o(.text) refers to stm32f4x7_eth_bsp.o(.text) for ETH_BSP_Config
    main.o(.text) refers to netconf.o(.text) for LwIP_Init
    main.o(.text) refers to stm32f4x7_eth.o(.text) for ETH_CheckFrameReceived
    main.o(.text) refers to tcp_echoclient.o(.text) for tcp_echoclient_connect
    main.o(.text) refers to tcp_out.o(.text) for tcp_write
    main.o(.text) refers to main.o(.data) for .data
    system_stm32f4xx.o(.text) refers to system_stm32f4xx.o(.data) for .data
    stm32f4xx_it.o(.text) refers to main.o(.text) for Time_Update
    stm32f4xx_it.o(.text) refers to stm32f4xx_exti.o(.text) for EXTI_GetITStatus
    tcp_echoclient.o(.text) refers to tcp.o(.text) for tcp_recv
    tcp_echoclient.o(.text) refers to mem.o(.text) for mem_free
    tcp_echoclient.o(.text) refers to tcp_out.o(.text) for tcp_write
    tcp_echoclient.o(.text) refers to pbuf.o(.text) for pbuf_ref
    tcp_echoclient.o(.text) refers to printfa.o(i.__0sprintf) for __2sprintf
    tcp_echoclient.o(.text) refers to strlen.o(.text) for strlen
    tcp_echoclient.o(.text) refers to inet.o(.text) for htonl
    tcp_echoclient.o(.text) refers to tcp_echoclient.o(.data) for .data
    tcp_echoclient.o(.text) refers to tcp_echoclient.o(.bss) for .bss
    netconf.o(.text) refers to mem.o(.text) for mem_init
    netconf.o(.text) refers to memp.o(.text) for memp_init
    netconf.o(.text) refers to netif.o(.text) for netif_add
    netconf.o(.text) refers to ethernetif.o(.text) for ethernetif_input
    netconf.o(.text) refers to dhcp.o(.text) for dhcp_stop
    netconf.o(.text) refers to printfa.o(i.__0sprintf) for __2sprintf
    netconf.o(.text) refers to stm32f4_discovery_lcd.o(.text) for LCD_GetFont
    netconf.o(.text) refers to inet.o(.text) for htonl
    netconf.o(.text) refers to tcp.o(.text) for tcp_tmr
    netconf.o(.text) refers to etharp.o(.text) for etharp_tmr
    netconf.o(.text) refers to netconf.o(.bss) for .bss
    netconf.o(.text) refers to netconf.o(.data) for .data
    stm32f4x7_eth_bsp.o(.text) refers to stm32f4xx_rcc.o(.text) for RCC_AHB1PeriphClockCmd
    stm32f4x7_eth_bsp.o(.text) refers to stm32f4x7_eth.o(.text) for ETH_DeInit
    stm32f4x7_eth_bsp.o(.text) refers to stm32f4xx_syscfg.o(.text) for SYSCFG_ETH_MediaInterfaceConfig
    stm32f4x7_eth_bsp.o(.text) refers to stm32f4xx_gpio.o(.text) for GPIO_Init
    stm32f4x7_eth_bsp.o(.text) refers to misc.o(.text) for SysTick_CLKSourceConfig
    stm32f4x7_eth_bsp.o(.text) refers to stm32f4_discovery_lcd.o(.text) for LCD_SetTextColor
    stm32f4x7_eth_bsp.o(.text) refers to stm32f4x7_eth_bsp.o(.data) for .data
    function.o(.text) refers to stm32f4xx_gpio.o(.text) for GPIO_SetBits
    function.o(.text) refers to array_new.o(i._Znaj) for operator new[] (unsigned)
    function.o(.text) refers to 25lc256.o(.text) for EEPROM_readByte
    function.o(.text) refers to strstr.o(.text) for strstr
    function.o(.text) refers to strcpy.o(.text) for strcpy
    function.o(.text) refers to u_print.o(.text) for U_Print_Char
    function.o(.text) refers to strcmp.o(.text) for strcmp
    function.o(.text) refers to main.o(.data) for quantity
    function.o(.text) refers to main.o(.bss) for s1
    function.o(.text) refers to main.o(.data) for time
    function.o(.ARM.exidx) refers to function.o(.text) for .text
    25lc256.o(.text) refers to stm32f4xx_spi.o(.text) for SPI_I2S_GetFlagStatus
    25lc256.o(.text) refers to stm32f4xx_gpio.o(.text) for GPIO_ResetBits
    25lc256.o(.ARM.exidx) refers to 25lc256.o(.text) for .text
    at_command.o(.text) refers to at_command.o(i._ZSt6strstrPcPKc) for std::strstr(char*, const char*)
    at_command.o(.ARM.exidx) refers to at_command.o(.text) for .text
    u_print.o(.text) refers to memseta.o(.text) for __aeabi_memclr4
    u_print.o(.text) refers to printfa.o(i.__0sprintf) for __2sprintf
    u_print.o(.text) refers to stm32f4xx_usart.o(.text) for USART_GetFlagStatus
    u_print.o(.text) refers to f2d.o(.text) for __aeabi_f2d
    u_print.o(.ARM.exidx) refers to u_print.o(.text) for .text
    stm32f4_discovery_lcd.o(.text) refers to stm32f4xx_fsmc.o(.text) for FSMC_NORSRAMCmd
    stm32f4_discovery_lcd.o(.text) refers to stm32f4xx_gpio.o(.text) for GPIO_Init
    stm32f4_discovery_lcd.o(.text) refers to stm32f4xx_rcc.o(.text) for RCC_AHB1PeriphClockCmd
    stm32f4_discovery_lcd.o(.text) refers to stm32f4_discovery_lcd.o(.data) for .data
    stm32f4_discovery_lcd.o(.text) refers to dfltui.o(.text) for __aeabi_ui2d
    stm32f4_discovery_lcd.o(.text) refers to dflti.o(.text) for __aeabi_i2d
[...]
    .bss                                     0x200001ec   Section      160  stm32f4x7_eth.o(.bss)
    .bss                                     0x2000028c   Section      160  stm32f4x7_eth.o(.bss)
    .bss                                     0x2000032c   Section     7620  stm32f4x7_eth.o(.bss)
    .bss                                     0x200020f0   Section     7620  stm32f4x7_eth.o(.bss)
    .bss                                     0x20003eb4   Section       12  stm32f4x7_eth.o(.bss)
    .bss                                     0x20003ec0   Section    10260  mem.o(.bss)
    ram_heap                                 0x20003ec0   Data       10260  mem.o(.bss)
    .bss                                     0x200066d4   Section    19855  memp.o(.bss)
    memp_tab                                 0x200066d4   Data          36  memp.o(.bss)
    memp_memory                              0x200066f8   Data       19819  memp.o(.bss)
    .bss                                     0x2000b464   Section       20  tcp_in.o(.bss)
    inseg                                    0x2000b464   Data          20  tcp_in.o(.bss)
    .bss                                     0x2000b478   Section       16  inet.o(.bss)
    str                                      0x2000b478   Data          16  inet.o(.bss)
    .bss                                     0x2000b488   Section     1504  ip_frag.o(.bss)
    buf                                      0x2000b488   Data        1504  ip_frag.o(.bss)
    .bss                                     0x2000ba68   Section      200  etharp.o(.bss)
    arp_table                                0x2000ba68   Data         200  etharp.o(.bss)
    STACK                                    0x2000bb30   Section    37888  startup_stm32f4xx.o(STACK)

    Global Symbols

    Symbol Name                              Value     Ov Type        Size  Object(Section)

    BuildAttributes$$THM_ISAv4$E$P$D$K$B$S$7EM$PE$A:L22UL41UL21$X:L11$S22US41US21$IEEE1$IW$USESV6$~STKCKD$USESV7$~SHL$OSPACE$ROPI$EBA8$UX$MICROLIB$REQ8$PRES8$EABIv2 0x00000000   Number         0  anon$$obj.o ABSOLUTE
    __ARM_use_no_argv                        0x00000000   Number         0  main.o ABSOLUTE
    _printf_a                                0x00000000   Number         0  stubs.o ABSOLUTE
    _printf_c                                0x00000000   Number         0  stubs.o ABSOLUTE
    _printf_charcount                        0x00000000   Number         0  stubs.o ABSOLUTE
    _printf_d                                0x00000000   Number         0  stubs.o ABSOLUTE
    _printf_e                                0x00000000   Number         0  stubs.o ABSOLUTE
    _printf_f                                0x00000000   Number         0  stubs.o ABSOLUTE
    _printf_flags                            0x00000000   Number         0  stubs.o ABSOLUTE
    _printf_fp_dec                           0x00000000   Number         0  stubs.o ABSOLUTE
    _printf_fp_hex                           0x00000000   Number         0  stubs.o ABSOLUTE
    _printf_g                                0x00000000   Number         0  stubs.o ABSOLUTE
    _printf_i                                0x00000000   Number         0  stubs.o ABSOLUTE
    _printf_int_dec                          0x00000000   Number         0  stubs.o ABSOLUTE
    _printf_l                                0x00000000   Number         0  stubs.o ABSOLUTE
    _printf_lc                               0x00000000   Number         0  stubs.o ABSOLUTE
    _printf_ll                               0x00000000   Number         0  stubs.o ABSOLUTE
    _printf_lld                              0x00000000   Number         0  stubs.o ABSOLUTE
    _printf_lli                              0x00000000   Number         0  stubs.o ABSOLUTE
    _printf_llo                              0x00000000   Number         0  stubs.o ABSOLUTE
    _printf_llu                              0x00000000   Number         0  stubs.o ABSOLUTE
    _printf_llx                              0x00000000   Number         0  stubs.o ABSOLUTE
    _printf_longlong_dec                     0x00000000   Number         0  stubs.o ABSOLUTE
    _printf_longlong_hex                     0x00000000   Number         0  stubs.o ABSOLUTE
    _printf_longlong_oct                     0x00000000   Number         0  stubs.o ABSOLUTE
    _printf_ls                               0x00000000   Number         0  stubs.o ABSOLUTE
    _printf_mbtowc                           0x00000000   Number         0  stubs.o ABSOLUTE
    _printf_n                                0x00000000   Number         0  stubs.o ABSOLUTE
    _printf_o                                0x00000000   Number         0  stubs.o ABSOLUTE
    _printf_p                                0x00000000   Number         0  stubs.o ABSOLUTE
    _printf_percent                          0x00000000   Number         0  stubs.o ABSOLUTE
    _printf_pre_padding                      0x00000000   Number         0  stubs.o ABSOLUTE
    _printf_return_value                     0x00000000   Number         0  stubs.o ABSOLUTE
    _printf_s                                0x00000000   Number         0  stubs.o ABSOLUTE
    _printf_sizespec                         0x00000000   Number         0  stubs.o ABSOLUTE
    _printf_str                              0x00000000   Number         0  stubs.o ABSOLUTE
    _printf_truncate_signed                  0x00000000   Number         0  stubs.o ABSOLUTE
    _printf_truncate_unsigned                0x00000000   Number         0  stubs.o ABSOLUTE
    _printf_u                                0x00000000   Number         0  stubs.o ABSOLUTE
    _printf_wc                               0x00000000   Number         0  stubs.o ABSOLUTE
    _printf_wctomb                           0x00000000   Number         0  stubs.o ABSOLUTE
    _printf_widthprec                        0x00000000   Number         0  stubs.o ABSOLUTE
    _printf_x                                0x00000000   Number         0  stubs.o ABSOLUTE
    SHT$$ARM_EXIDX$$Base                      - Undefined Reference
    SHT$$ARM_EXIDX$$Limit                     - Undefined Reference
    __ARM::default_unexpected_handler()       - Undefined Weak Reference
    __ARM_exceptions_buffer_required          - Undefined Weak Reference
    __aeabi_unwind_cpp_pr1                    - Undefined Weak Reference
    __aeabi_unwind_cpp_pr2                    - Undefined Weak Reference
    __cpp_initialize__aeabi_                  - Undefined Weak Reference
    __cxa_begin_cleanup                       - Undefined Weak Reference
    __cxa_finalize                            - Undefined Weak Reference
    __cxa_type_match                          - Undefined Weak Reference
    _clock_init                               - Undefined Weak Reference
    _microlib_exit                            - Undefined Weak Reference
    __Vectors_Size                           0x00000188   Number         0  startup_stm32f4xx.o ABSOLUTE
    __Vectors                                0x08000000   Data           4  startup_stm32f4xx.o(RESET)
    __Vectors_End                            0x08000188   Data           0  startup_stm32f4xx.o(RESET)
    __main                                   0x08000189   Thumb Code     0  entry.o(.ARM.Collect$$$$00000000)
    _main_stk                                0x08000189   Thumb Code     0  entry2.o(.ARM.Collect$$$$00000001)
    _main_scatterload                        0x0800018d   Thumb Code     0  entry5.o(.ARM.Collect$$$$00000004)
    __main_after_scatterload                 0x08000191   Thumb Code     0  entry5.o(.ARM.Collect$$$$00000004)
    _main_clock                              0x08000191   Thumb Code     0  entry7b.o(.ARM.Collect$$$$00000008)
    _main_cpp_init                           0x08000191   Thumb Code     0  entry8b.o(.ARM.Collect$$$$0000000A)
    _main_init                               0x08000191   Thumb Code     0  entry9a.o(.ARM.Collect$$$$0000000B)
    __rt_final_cpp                           0x08000199   Thumb Code     0  entry10a.o(.ARM.Collect$$$$0000000D)
    __rt_final_exit                          0x08000199   Thumb Code     0  entry11a.o(.ARM.Collect$$$$0000000F)
    Button_State                             0x0800019d   Thumb Code    68  main.o(.text)
    LCD_LED_BUTTON_Init                      0x080001e1   Thumb Code    98  main.o(.text)
    main                                     0x08000243   Thumb Code    58  main.o(.text)
    Delay                                    0x0800027d   Thumb Code    16  main.o(.text)
    Time_Update                              0x0800028d   Thumb Code    10  main.o(.text)
    SystemInit                               0x080003b1   Thumb Code    62  system_stm32f4xx.o(.text)
    SystemCoreClockUpdate                    0x080003ef   Thumb Code   122  system_stm32f4xx.o(.text)
    NMI_Handler                              0x0800048d   Thumb Code     2  stm32f4xx_it.o(.text)
    HardFault_Handler                        0x0800048f   Thumb Code     2  stm32f4xx_it.o(.text)
    MemManage_Handler                        0x08000491   Thumb Code     2  stm32f4xx_it.o(.text)
    BusFault_Handler                         0x08000493   Thumb Code     2  stm32f4xx_it.o(.text)
    UsageFault_Handler                       0x08000495   Thumb Code     2  stm32f4xx_it.o(.text)
    SVC_Handler                              0x08000497   Thumb Code     2  stm32f4xx_it.o(.text)
    DebugMon_Handler                         0x08000499   Thumb Code     2  stm32f4xx_it.o(.text)
    PendSV_Handler                           0x0800049b   Thumb Code     2  stm32f4xx_it.o(.text)
    SysTick_Handler                          0x0800049d   Thumb Code     4  stm32f4xx_it.o(.text)
    EXTI0_IRQHandler                         0x080004a1   Thumb Code    24  stm32f4xx_it.o(.text)
    get_tcp_pcb                              0x080004b9   Thumb Code     6  tcp_echoclient.o(.text)
    tcp_echoclient_connect                   0x080006a3   Thumb Code    46  tcp_echoclient.o(.text)
    LwIP_Init                                0x0800070d   Thumb Code    58  netconf.o(.text)
    LwIP_Pkt_Handle                          0x08000747   Thumb Code     6  netconf.o(.text)
    LwIP_DHCP_Process_Handle                 0x0800074d   Thumb Code   452  netconf.o(.text)
    LwIP_Periodic_Handle                     0x08000911   Thumb Code   106  netconf.o(.text)
    ETH_BSP_Config                           0x08000bdf   Thumb Code   122  stm32f4x7_eth_bsp.o(.text)
    LCD_DisplayOff                           0x08000c99   Thumb Code     2  stm32f4_discovery_lcd.o(.text)
    LCD_DeInit                               0x08000c9b   Thumb Code   544  stm32f4_discovery_lcd.o(.text)
    LCD_CtrlLinesConfig                      0x08000ebb   Thumb Code   356  stm32f4_discovery_lcd.o(.text)
    LCD_FSMCConfig                           0x0800101f   Thumb Code    86  stm32f4_discovery_lcd.o(.text)
    LCD_SetFont                              0x08001075   Thumb Code     6  stm32f4_discovery_lcd.o(.text)
    LCD_WriteRAM                             0x0800107b   Thumb Code     6  stm32f4_discovery_lcd.o(.text)
    LCD_WriteReg                             0x08001081   Thumb Code    12  stm32f4_discovery_lcd.o(.text)
    STM32f4_Discovery_LCD_Init               0x080010c5   Thumb Code   342  stm32f4_discovery_lcd.o(.text)
    LCD_SetCursor                            0x0800121b   Thumb Code    22  stm32f4_discovery_lcd.o(.text)
    LCD_ReadReg                              0x08001231   Thumb Code    12  stm32f4_discovery_lcd.o(.text)
    LCD_WriteRAM_Prepare                     0x0800123d   Thumb Code    10  stm32f4_discovery_lcd.o(.text)
    LCD_ReadRAM                              0x08001247   Thumb Code     6  stm32f4_discovery_lcd.o(.text)
    LCD_RGB_Test                             0x0800124d   Thumb Code    70  stm32f4_discovery_lcd.o(.text)
    LCD_SetColors                            0x08001293   Thumb Code    20  stm32f4_discovery_lcd.o(.text)
    LCD_GetColors                            0x080012a7   Thumb Code    14  stm32f4_discovery_lcd.o(.text)
    LCD_SetTextColor                         0x080012b5   Thumb Code    14  stm32f4_discovery_lcd.o(.text)
    LCD_SetBackColor                         0x080012c3   Thumb Code    14  stm32f4_discovery_lcd.o(.text)
    LCD_DisplayOn                            0x080012d1   Thumb Code     2  stm32f4_discovery_lcd.o(.text)
    LCD_GetFont                              0x080012d3   Thumb Code     8  stm32f4_discovery_lcd.o(.text)
    LCD_DrawChar                             0x080012db   Thumb Code   122  stm32f4_discovery_lcd.o(.text)
    LCD_DisplayChar                          0x08001355   Thumb Code    26  stm32f4_discovery_lcd.o(.text)
    LCD_ClearLine                            0x0800136f   Thumb Code    38  stm32f4_discovery_lcd.o(.text)
    LCD_Clear                                0x08001395   Thumb Code    34  stm32f4_discovery_lcd.o(.text)
    LCD_DrawLine                             0x080013b7   Thumb Code    84  stm32f4_discovery_lcd.o(.text)
    LCD_DisplayStringLine                    0x08001425   Thumb Code    50  stm32f4_discovery_lcd.o(.text)
    LCD_SetDisplayWindow                     0x08001457   Thumb Code    78  stm32f4_discovery_lcd.o(.text)
    LCD_WindowModeDisable                    0x080014a5   Thumb Code     2  stm32f4_discovery_lcd.o(.text)
    LCD_DrawRect                             0x080014a7   Thumb Code    80  stm32f4_discovery_lcd.o(.text)
    LCD_DrawCircle                           0x080014f7   Thumb Code   262  stm32f4_discovery_lcd.o(.text)
    LCD_DrawMonoPict                         0x080015fd   Thumb Code    70  stm32f4_discovery_lcd.o(.text)
    LCD_WriteBMP                             0x08001643   Thumb Code     2  stm32f4_discovery_lcd.o(.text)
    LCD_DrawFullRect                         0x08001645   Thumb Code   128  stm32f4_discovery_lcd.o(.text)
    LCD_DrawFullCircle                       0x080016c5   Thumb Code   168  stm32f4_discovery_lcd.o(.text)
    LCD_DrawUniLine                          0x0800176d   Thumb Code   184  stm32f4_discovery_lcd.o(.text)
    LCD_PolyLine                             0x08001825   Thumb Code    40  stm32f4_discovery_lcd.o(.text)
    LCD_ClosedPolyLine                       0x080018ad   Thumb Code    34  stm32f4_discovery_lcd.o(.text)
    LCD_PolyLineRelative                     0x080018cf   Thumb Code     4  stm32f4_discovery_lcd.o(.text)
    LCD_ClosedPolyLineRelative               0x080018d3   Thumb Code     4  stm32f4_discovery_lcd.o(.text)
    LCD_FillPolyLine                         0x080018d7   Thumb Code   458  stm32f4_discovery_lcd.o(.text)
    STM_EVAL_LEDInit                         0x08001aa5   Thumb Code    62  stm32f4_discovery.o(.text)
    STM_EVAL_LEDOn                           0x08001ae3   Thumb Code    18  stm32f4_discovery.o(.text)
    STM_EVAL_LEDOff                          0x08001af5   Thumb Code    18  stm32f4_discovery.o(.text)
    STM_EVAL_LEDToggle                       0x08001b07   Thumb Code    22  stm32f4_discovery.o(.text)
    STM_EVAL_PBInit                          0x08001b1d   Thumb Code   148  stm32f4_discovery.o(.text)
    STM_EVAL_PBGetState                      0x08001bb1   Thumb Code    20  stm32f4_discovery.o(.text)
    STM_EVAL_COMInit                         0x08001bc5   Thumb Code   192  stm32f4_discovery.o(.text)
    SD_LowLevel_DeInit                       0x08001c85   Thumb Code   142  stm32f4_discovery.o(.text)
    SD_LowLevel_Init                         0x08001d13   Thumb Code   178  stm32f4_discovery.o(.text)
    SD_LowLevel_DMA_TxConfig                 0x08001dc5   Thumb Code   128  stm32f4_discovery.o(.text)
    SD_LowLevel_DMA_RxConfig                 0x08001e45   Thumb Code   156  stm32f4_discovery.o(.text)
    USART_DeInit                             0x08001ee1   Thumb Code   168  stm32f4xx_usart.o(.text)
    USART_Init                               0x08001f89   Thumb Code   180  stm32f4xx_usart.o(.text)
    USART_StructInit                         0x0800203d   Thumb Code    22  stm32f4xx_usart.o(.text)
    USART_ClockInit                          0x08002053   Thumb Code    28  stm32f4xx_usart.o(.text)
    USART_ClockStructInit                    0x0800206f   Thumb Code    12  stm32f4xx_usart.o(.text)
    USART_Cmd                                0x0800207b   Thumb Code    24  stm32f4xx_usart.o(.text)
    USART_SetPrescaler                       0x08002093   Thumb Code    16  stm32f4xx_usart.o(.text)
    USART_OverSampling8Cmd                   0x080020a3   Thumb Code    24  stm32f4xx_usart.o(.text)
    USART_OneBitMethodCmd                    0x080020bb   Thumb Code    24  stm32f4xx_usart.o(.text)
    USART_SendData                           0x080020d3   Thumb Code     8  stm32f4xx_usart.o(.text)
    USART_ReceiveData                        0x080020db   Thumb Code     8  stm32f4xx_usart.o(.text)
    USART_SetAddress                         0x080020e3   Thumb Code    16  stm32f4xx_usart.o(.text)
    USART_ReceiverWakeUpCmd                  0x080020f3   Thumb Code    24  stm32f4xx_usart.o(.text)
    USART_WakeUpConfig                       0x0800210b   Thumb Code    16  stm32f4xx_usart.o(.text)
    USART_LINBreakDetectLengthConfig         0x0800211b   Thumb Code    16  stm32f4xx_usart.o(.text)
    USART_LINCmd                             0x0800212b   Thumb Code    24  stm32f4xx_usart.o(.text)
    USART_SendBreak                          0x08002143   Thumb Code    10  stm32f4xx_usart.o(.text)
    USART_HalfDuplexCmd                      0x0800214d   Thumb Code    24  stm32f4xx_usart.o(.text)
    USART_SetGuardTime                       0x08002165   Thumb Code    16  stm32f4xx_usart.o(.text)
    USART_SmartCardCmd                       0x08002175   Thumb Code    24  stm32f4xx_usart.o(.text)
    USART_SmartCardNACKCmd                   0x0800218d   Thumb Code    24  stm32f4xx_usart.o(.text)
    USART_IrDAConfig                         0x080021a5   Thumb Code    16  stm32f4xx_usart.o(.text)
    USART_IrDACmd                            0x080021b5   Thumb Code    24  stm32f4xx_usart.o(.text)
    USART_DMACmd                             0x080021cd   Thumb Code    20  stm32f4xx_usart.o(.text)
    USART_ITConfig                           0x080021e1   Thumb Code    54  stm32f4xx_usart.o(.text)
    USART_GetFlagStatus                      0x08002217   Thumb Code    14  stm32f4xx_usart.o(.text)
    USART_ClearFlag                          0x08002225   Thumb Code     8  stm32f4xx_usart.o(.text)
    USART_GetITStatus                        0x0800222d   Thumb Code    64  stm32f4xx_usart.o(.text)
    USART_ClearITPendingBit                  0x0800226d   Thumb Code    16  stm32f4xx_usart.o(.text)
    NVIC_PriorityGroupConfig                 0x08002295   Thumb Code    10  misc.o(.text)
    NVIC_Init                                0x0800229f   Thumb Code    98  misc.o(.text)
    NVIC_SetVectorTable                      0x08002301   Thumb Code    14  misc.o(.text)
    NVIC_SystemLPConfig                      0x0800230f   Thumb Code    24  misc.o(.text)
    SysTick_CLKSourceConfig                  0x08002327   Thumb Code    28  misc.o(.text)
    DMA_DeInit                               0x08002351   Thumb Code   278  stm32f4xx_dma.o(.text)
    DMA_Init                                 0x08002467   Thumb Code    80  stm32f4xx_dma.o(.text)
    DMA_StructInit                           0x080024b7   Thumb Code    34  stm32f4xx_dma.o(.text)
    DMA_Cmd                                  0x080024d9   Thumb Code    24  stm32f4xx_dma.o(.text)
    DMA_PeriphIncOffsetSizeConfig            0x080024f1   Thumb Code    24  stm32f4xx_dma.o(.text)
    DMA_FlowControllerConfig                 0x08002509   Thumb Code    24  stm32f4xx_dma.o(.text)
    DMA_SetCurrDataCounter                   0x08002521   Thumb Code     4  stm32f4xx_dma.o(.text)
    DMA_GetCurrDataCounter                   0x08002525   Thumb Code     6  stm32f4xx_dma.o(.text)
    DMA_DoubleBufferModeConfig               0x0800252b   Thumb Code    26  stm32f4xx_dma.o(.text)
    DMA_DoubleBufferModeCmd                  0x08002545   Thumb Code    24  stm32f4xx_dma.o(.text)
    DMA_MemoryTargetConfig                   0x0800255d   Thumb Code    12  stm32f4xx_dma.o(.text)
    DMA_GetCurrentMemoryTarget               0x08002569   Thumb Code    14  stm32f4xx_dma.o(.text)
    DMA_GetCmdStatus                         0x08002577   Thumb Code    14  stm32f4xx_dma.o(.text)
    DMA_GetFIFOStatus                        0x08002585   Thumb Code     8  stm32f4xx_dma.o(.text)
    DMA_GetFlagStatus                        0x0800258d   Thumb Code    42  stm32f4xx_dma.o(.text)
    DMA_ClearFlag                            0x080025b7   Thumb Code    34  stm32f4xx_dma.o(.text)
    DMA_ITConfig                             0x080025d9   Thumb Code    50  stm32f4xx_dma.o(.text)
    DMA_GetITStatus                          0x0800260b   Thumb Code    70  stm32f4xx_dma.o(.text)
    DMA_ClearITPendingBit                    0x08002651   Thumb Code    34  stm32f4xx_dma.o(.text)
    EXTI_DeInit                              0x08002695   Thumb Code    28  stm32f4xx_exti.o(.text)
    EXTI_Init                                0x080026b1   Thumb Code   110  stm32f4xx_exti.o(.text)
    EXTI_StructInit                          0x0800271f   Thumb Code    14  stm32f4xx_exti.o(.text)
    EXTI_GenerateSWInterrupt                 0x0800272d   Thumb Code    12  stm32f4xx_exti.o(.text)
    EXTI_GetFlagStatus                       0x08002739   Thumb Code    18  stm32f4xx_exti.o(.text)
    EXTI_ClearFlag                           0x0800274b   Thumb Code     8  stm32f4xx_exti.o(.text)
    EXTI_GetITStatus                         0x08002753   Thumb Code    28  stm32f4xx_exti.o(.text)
    EXTI_ClearITPendingBit                   0x0800276f   Thumb Code     8  stm32f4xx_exti.o(.text)
    FSMC_NORSRAMDeInit                       0x08002781   Thumb Code    48  stm32f4xx_fsmc.o(.text)
    FSMC_NORSRAMInit                         0x080027b1   Thumb Code   202  stm32f4xx_fsmc.o(.text)
    FSMC_NORSRAMStructInit                   0x0800287b   Thumb Code    98  stm32f4xx_fsmc.o(.text)
    FSMC_NORSRAMCmd                          0x080028dd   Thumb Code    30  stm32f4xx_fsmc.o(.text)
    FSMC_NANDDeInit                          0x080028fb   Thumb Code    40  stm32f4xx_fsmc.o(.text)
    FSMC_NANDInit                            0x08002923   Thumb Code   104  stm32f4xx_fsmc.o(.text)
    FSMC_NANDStructInit                      0x0800298b   Thumb Code    54  stm32f4xx_fsmc.o(.text)
    FSMC_NANDCmd                             0x080029c1   Thumb Code    60  stm32f4xx_fsmc.o(.text)
    FSMC_NANDECCCmd                          0x080029fd   Thumb Code    60  stm32f4xx_fsmc.o(.text)
    FSMC_GetECC                              0x08002a39   Thumb Code    18  stm32f4xx_fsmc.o(.text)
    FSMC_PCCARDDeInit                        0x08002a4b   Thumb Code    22  stm32f4xx_fsmc.o(.text)
    FSMC_PCCARDInit                          0x08002a61   Thumb Code    98  stm32f4xx_fsmc.o(.text)
    FSMC_PCCARDStructInit                    0x08002ac3   Thumb Code    60  stm32f4xx_fsmc.o(.text)
    FSMC_PCCARDCmd                           0x08002aff   Thumb Code    34  stm32f4xx_fsmc.o(.text)
    FSMC_ITConfig                            0x08002b21   Thumb Code    86  stm32f4xx_fsmc.o(.text)
    FSMC_GetFlagStatus                       0x08002b77   Thumb Code    40  stm32f4xx_fsmc.o(.text)
    FSMC_ClearFlag                           0x08002b9f   Thumb Code    42  stm32f4xx_fsmc.o(.text)
    FSMC_GetITStatus                         0x08002bc9   Thumb Code    52  stm32f4xx_fsmc.o(.text)
    FSMC_ClearITPendingBit                   0x08002bfd   Thumb Code    48  stm32f4xx_fsmc.o(.text)
    GPIO_DeInit                              0x08002c35   Thumb Code   240  stm32f4xx_gpio.o(.text)
    GPIO_Init                                0x08002d25   Thumb Code   124  stm32f4xx_gpio.o(.text)
    GPIO_StructInit                          0x08002da1   Thumb Code    18  stm32f4xx_gpio.o(.text)
    GPIO_PinLockConfig                       0x08002db3   Thumb Code    26  stm32f4xx_gpio.o(.text)
    GPIO_ReadInputDataBit                    0x08002dcd   Thumb Code    14  stm32f4xx_gpio.o(.text)
    GPIO_ReadInputData                       0x08002ddb   Thumb Code     6  stm32f4xx_gpio.o(.text)
    GPIO_ReadOutputDataBit                   0x08002de1   Thumb Code    14  stm32f4xx_gpio.o(.text)
    GPIO_ReadOutputData                      0x08002def   Thumb Code     6  stm32f4xx_gpio.o(.text)
    GPIO_SetBits                             0x08002df5   Thumb Code     4  stm32f4xx_gpio.o(.text)
    GPIO_ResetBits                           0x08002df9   Thumb Code     4  stm32f4xx_gpio.o(.text)
    GPIO_WriteBit                            0x08002dfd   Thumb Code    12  stm32f4xx_gpio.o(.text)
    GPIO_Write                               0x08002e09   Thumb Code     4  stm32f4xx_gpio.o(.text)
    GPIO_ToggleBits                          0x08002e0d   Thumb Code     8  stm32f4xx_gpio.o(.text)
    GPIO_PinAFConfig                         0x08002e15   Thumb Code    32  stm32f4xx_gpio.o(.text)
    RCC_DeInit                               0x08002e59   Thumb Code    48  stm32f4xx_rcc.o(.text)
    RCC_HSEConfig                            0x08002e89   Thumb Code    12  stm32f4xx_rcc.o(.text)
    RCC_GetFlagStatus                        0x08002e95   Thumb Code    50  stm32f4xx_rcc.o(.text)
    RCC_WaitForHSEStartUp                    0x08002ec7   Thumb Code    48  stm32f4xx_rcc.o(.text)
    RCC_AdjustHSICalibrationValue            0x08002ef7   Thumb Code    16  stm32f4xx_rcc.o(.text)
    RCC_HSICmd                               0x08002f07   Thumb Code     6  stm32f4xx_rcc.o(.text)
    RCC_LSEConfig                            0x08002f0d   Thumb Code    30  stm32f4xx_rcc.o(.text)
    RCC_LSICmd                               0x08002f2b   Thumb Code     6  stm32f4xx_rcc.o(.text)
    RCC_PLLConfig                            0x08002f31   Thumb Code    34  stm32f4xx_rcc.o(.text)
    RCC_PLLCmd                               0x08002f53   Thumb Code     6  stm32f4xx_rcc.o(.text)
    RCC_PLLI2SConfig                         0x08002f59   Thumb Code    14  stm32f4xx_rcc.o(.text)
    RCC_PLLI2SCmd                            0x08002f67   Thumb Code     6  stm32f4xx_rcc.o(.text)
    RCC_ClockSecuritySystemCmd               0x08002f6d   Thumb Code     6  stm32f4xx_rcc.o(.text)
    RCC_MCO1Config                           0x08002f73   Thumb Code    18  stm32f4xx_rcc.o(.text)
    RCC_MCO2Config                           0x08002f85   Thumb Code    18  stm32f4xx_rcc.o(.text)
    RCC_SYSCLKConfig                         0x08002f97   Thumb Code    16  stm32f4xx_rcc.o(.text)
    RCC_GetSYSCLKSource                      0x08002fa7   Thumb Code    12  stm32f4xx_rcc.o(.text)
    RCC_HCLKConfig                           0x08002fb3   Thumb Code    16  stm32f4xx_rcc.o(.text)
    RCC_PCLK1Config                          0x08002fc3   Thumb Code    16  stm32f4xx_rcc.o(.text)
    RCC_PCLK2Config                          0x08002fd3   Thumb Code    18  stm32f4xx_rcc.o(.text)
    RCC_GetClocksFreq                        0x08002fe5   Thumb Code   150  stm32f4xx_rcc.o(.text)
    RCC_RTCCLKConfig                         0x0800307b   Thumb Code    42  stm32f4xx_rcc.o(.text)
    RCC_RTCCLKCmd                            0x080030a5   Thumb Code     8  stm32f4xx_rcc.o(.text)
    RCC_BackupResetCmd                       0x080030ad   Thumb Code     8  stm32f4xx_rcc.o(.text)
    RCC_I2SCLKConfig                         0x080030b5   Thumb Code     6  stm32f4xx_rcc.o(.text)
    RCC_AHB1PeriphClockCmd                   0x080030bb   Thumb Code    24  stm32f4xx_rcc.o(.text)
    RCC_AHB2PeriphClockCmd                   0x080030d3   Thumb Code    24  stm32f4xx_rcc.o(.text)
    RCC_AHB3PeriphClockCmd                   0x080030eb   Thumb Code    24  stm32f4xx_rcc.o(.text)
    RCC_APB1PeriphClockCmd                   0x08003103   Thumb Code    24  stm32f4xx_rcc.o(.text)
    RCC_APB2PeriphClockCmd                   0x0800311b   Thumb Code    24  stm32f4xx_rcc.o(.text)
    RCC_AHB1PeriphResetCmd                   0x08003133   Thumb Code    24  stm32f4xx_rcc.o(.text)
    RCC_AHB2PeriphResetCmd                   0x0800314b   Thumb Code    24  stm32f4xx_rcc.o(.text)
    RCC_AHB3PeriphResetCmd                   0x08003163   Thumb Code    24  stm32f4xx_rcc.o(.text)
    RCC_APB1PeriphResetCmd                   0x0800317b   Thumb Code    24  stm32f4xx_rcc.o(.text)
    RCC_APB2PeriphResetCmd                   0x08003193   Thumb Code    24  stm32f4xx_rcc.o(.text)
    RCC_AHB1PeriphClockLPModeCmd             0x080031ab   Thumb Code    24  stm32f4xx_rcc.o(.text)
    RCC_AHB2PeriphClockLPModeCmd             0x080031c3   Thumb Code    24  stm32f4xx_rcc.o(.text)
    RCC_AHB3PeriphClockLPModeCmd             0x080031db   Thumb Code    24  stm32f4xx_rcc.o(.text)
    RCC_APB1PeriphClockLPModeCmd             0x080031f3   Thumb Code    24  stm32f4xx_rcc.o(.text)
    RCC_APB2PeriphClockLPModeCmd             0x0800320b   Thumb Code    24  stm32f4xx_rcc.o(.text)
    RCC_ITConfig                             0x08003223   Thumb Code    62  stm32f4xx_rcc.o(.text)
    RCC_ClearFlag                            0x08003261   Thumb Code    12  stm32f4xx_rcc.o(.text)
    RCC_GetITStatus                          0x0800326d   Thumb Code    18  stm32f4xx_rcc.o(.text)
    RCC_ClearITPendingBit                    0x0800327f   Thumb Code     8  stm32f4xx_rcc.o(.text)
    SDIO_DeInit                              0x0800328d   Thumb Code    24  stm32f4xx_sdio.o(.text)
    SDIO_Init                                0x080032a5   Thumb Code    40  stm32f4xx_sdio.o(.text)
    SDIO_StructInit                          0x080032cd   Thumb Code    16  stm32f4xx_sdio.o(.text)
    SDIO_ClockCmd                            0x080032dd   Thumb Code     6  stm32f4xx_sdio.o(.text)
    SDIO_SetPowerState                       0x080032e3   Thumb Code     8  stm32f4xx_sdio.o(.text)
    SDIO_GetPowerState                       0x080032eb   Thumb Code    12  stm32f4xx_sdio.o(.text)
    SDIO_SendCommand                         0x080032f7   Thumb Code    38  stm32f4xx_sdio.o(.text)
    SDIO_CmdStructInit                       0x0800331d   Thumb Code    14  stm32f4xx_sdio.o(.text)
    SDIO_GetCommandResponse                  0x0800332b   Thumb Code    10  stm32f4xx_sdio.o(.text)
    SDIO_GetResponse                         0x08003335   Thumb Code    16  stm32f4xx_sdio.o(.text)
    SDIO_DataConfig                          0x08003345   Thumb Code    44  stm32f4xx_sdio.o(.text)
    SDIO_DataStructInit                      0x08003371   Thumb Code    20  stm32f4xx_sdio.o(.text)
    SDIO_GetDataCounter                      0x08003385   Thumb Code     8  stm32f4xx_sdio.o(.text)
    SDIO_ReadData                            0x0800338d   Thumb Code     8  stm32f4xx_sdio.o(.text)
    SDIO_WriteData                           0x08003395   Thumb Code     8  stm32f4xx_sdio.o(.text)
    SDIO_GetFIFOCount                        0x0800339d   Thumb Code     8  stm32f4xx_sdio.o(.text)
    SDIO_StartSDIOReadWait                   0x080033a5   Thumb Code     6  stm32f4xx_sdio.o(.text)
    SDIO_StopSDIOReadWait                    0x080033ab   Thumb Code     8  stm32f4xx_sdio.o(.text)
    SDIO_SetSDIOReadWaitMode                 0x080033b3   Thumb Code     8  stm32f4xx_sdio.o(.text)
    SDIO_SetSDIOOperation                    0x080033bb   Thumb Code     8  stm32f4xx_sdio.o(.text)
    SDIO_SendSDIOSuspendCmd                  0x080033c3   Thumb Code     6  stm32f4xx_sdio.o(.text)
    SDIO_CommandCompletionCmd                0x080033c9   Thumb Code     8  stm32f4xx_sdio.o(.text)
    SDIO_CEATAITCmd                          0x080033d1   Thumb Code    12  stm32f4xx_sdio.o(.text)
    SDIO_SendCEATACmd                        0x080033dd   Thumb Code     8  stm32f4xx_sdio.o(.text)
    SDIO_DMACmd                              0x080033e5   Thumb Code     8  stm32f4xx_sdio.o(.text)
    SDIO_ITConfig                            0x080033ed   Thumb Code    24  stm32f4xx_sdio.o(.text)
    SDIO_GetFlagStatus                       0x08003405   Thumb Code    18  stm32f4xx_sdio.o(.text)
    SDIO_ClearFlag                           0x08003417   Thumb Code     8  stm32f4xx_sdio.o(.text)
    SDIO_GetITStatus                         0x0800341f   Thumb Code    18  stm32f4xx_sdio.o(.text)
    SDIO_ClearITPendingBit                   0x08003431   Thumb Code     8  stm32f4xx_sdio.o(.text)
    SYSCFG_DeInit                            0x08003449   Thumb Code    24  stm32f4xx_syscfg.o(.text)
    SYSCFG_MemoryRemapConfig                 0x08003461   Thumb Code     6  stm32f4xx_syscfg.o(.text)
    SYSCFG_EXTILineConfig                    0x08003467   Thumb Code    38  stm32f4xx_syscfg.o(.text)
    SYSCFG_ETH_MediaInterfaceConfig          0x0800348d   Thumb Code     6  stm32f4xx_syscfg.o(.text)
    SYSCFG_CompensationCellCmd               0x08003493   Thumb Code     6  stm32f4xx_syscfg.o(.text)
    SYSCFG_GetCompensationCellStatus         0x08003499   Thumb Code    16  stm32f4xx_syscfg.o(.text)
    ETH_DeInit                               0x080034d1   Thumb Code    24  stm32f4x7_eth.o(.text)
    ETH_StructInit                           0x080034e9   Thumb Code   154  stm32f4x7_eth.o(.text)
    ETH_WritePHYRegister                     0x08003583   Thumb Code    80  stm32f4x7_eth.o(.text)
    ETH_ReadPHYRegister                      0x080035d3   Thumb Code    80  stm32f4x7_eth.o(.text)
    ETH_Init                                 0x08003623   Thumb Code   560  stm32f4x7_eth.o(.text)
    ETH_DMAReceptionCmd                      0x08003853   Thumb Code    26  stm32f4x7_eth.o(.text)
    ETH_DMATransmissionCmd                   0x0800386d   Thumb Code    26  stm32f4x7_eth.o(.text)
    ETH_MACReceptionCmd                      0x08003887   Thumb Code    26  stm32f4x7_eth.o(.text)
    ETH_FlushTransmitFIFO                    0x080038a1   Thumb Code    12  stm32f4x7_eth.o(.text)
    ETH_MACTransmissionCmd                   0x080038ad   Thumb Code    26  stm32f4x7_eth.o(.text)
    ETH_Start                                0x080038c7   Thumb Code    32  stm32f4x7_eth.o(.text)
    ETH_GetFlowControlBusyStatus             0x080038e7   Thumb Code    14  stm32f4x7_eth.o(.text)
    ETH_InitiatePauseControlFrame            0x080038f5   Thumb Code    12  stm32f4x7_eth.o(.text)
    ETH_BackPressureActivationCmd            0x08003901   Thumb Code    26  stm32f4x7_eth.o(.text)
    ETH_GetMACFlagStatus                     0x0800391b   Thumb Code    16  stm32f4x7_eth.o(.text)
    ETH_GetMACITStatus                       0x0800392b   Thumb Code    16  stm32f4x7_eth.o(.text)
    ETH_MACITConfig                          0x0800393b   Thumb Code    22  stm32f4x7_eth.o(.text)
    ETH_MACAddressConfig                     0x08003951   Thumb Code    96  stm32f4x7_eth.o(.text)
    ETH_GetMACAddress                        0x080039b1   Thumb Code    30  stm32f4x7_eth.o(.text)
    ETH_MACAddressPerfectFilterCmd           0x080039cf   Thumb Code    28  stm32f4x7_eth.o(.text)
    ETH_MACAddressFilterConfig               0x080039eb   Thumb Code    28  stm32f4x7_eth.o(.text)
    ETH_MACAddressMaskBytesFilterConfig      0x08003a07   Thumb Code    20  stm32f4x7_eth.o(.text)
    ETH_Get_Received_Frame                   0x08003a1b   Thumb Code    56  stm32f4x7_eth.o(.text)
    ETH_Get_Received_Frame_interrupt         0x08003a53   Thumb Code   156  stm32f4x7_eth.o(.text)
    ETH_Prepare_Transmit_Descriptors         0x08003aef   Thumb Code   166  stm32f4x7_eth.o(.text)
    ETH_DMARxDescChainInit                   0x08003b95   Thumb Code    78  stm32f4x7_eth.o(.text)
    ETH_CheckFrameReceived                   0x08003be3   Thumb Code   100  stm32f4x7_eth.o(.text)
    ETH_DMATxDescChainInit                   0x08003c47   Thumb Code    62  stm32f4x7_eth.o(.text)
    ETH_GetDMATxDescFlagStatus               0x08003c85   Thumb Code    14  stm32f4x7_eth.o(.text)
    ETH_GetDMATxDescCollisionCount           0x08003c93   Thumb Code     8  stm32f4x7_eth.o(.text)
    ETH_SetDMATxDescOwnBit                   0x08003c9b   Thumb Code    10  stm32f4x7_eth.o(.text)
    ETH_DMATxDescTransmitITConfig            0x08003ca5   Thumb Code    24  stm32f4x7_eth.o(.text)
    ETH_DMATxDescFrameSegmentConfig          0x08003cbd   Thumb Code     8  stm32f4x7_eth.o(.text)
    ETH_DMATxDescChecksumInsertionConfig     0x08003cc5   Thumb Code     8  stm32f4x7_eth.o(.text)
    ETH_DMATxDescCRCCmd                      0x08003ccd   Thumb Code    24  stm32f4x7_eth.o(.text)
    ETH_DMATxDescSecondAddressChainedCmd     0x08003ce5   Thumb Code    24  stm32f4x7_eth.o(.text)
    ETH_DMATxDescShortFramePaddingCmd        0x08003cfd   Thumb Code    24  stm32f4x7_eth.o(.text)
    ETH_DMATxDescBufferSizeConfig            0x08003d15   Thumb Code    12  stm32f4x7_eth.o(.text)
    ETH_GetDMARxDescFlagStatus               0x08003d21   Thumb Code    14  stm32f4x7_eth.o(.text)
    ETH_GetDMAPTPRxDescExtendedFlagStatus    0x08003d2f   Thumb Code    14  stm32f4x7_eth.o(.text)
    ETH_SetDMARxDescOwnBit                   0x08003d3d   Thumb Code    10  stm32f4x7_eth.o(.text)
    ETH_GetDMARxDescFrameLength              0x08003d47   Thumb Code     8  stm32f4x7_eth.o(.text)
    ETH_DMARxDescReceiveITConfig             0x08003d4f   Thumb Code    22  stm32f4x7_eth.o(.text)
    ETH_GetDMARxDescBufferSize               0x08003d65   Thumb Code    18  stm32f4x7_eth.o(.text)
    ETH_GetRxPktSize                         0x08003d77   Thumb Code    50  stm32f4x7_eth.o(.text)
    ETH_EnhancedDescriptorCmd                0x08003da9   Thumb Code    26  stm32f4x7_eth.o(.text)
    ETH_SoftwareReset                        0x08003dc3   Thumb Code    12  stm32f4x7_eth.o(.text)
    ETH_GetSoftwareResetStatus               0x08003dcf   Thumb Code    14  stm32f4x7_eth.o(.text)
    ETH_GetDMAFlagStatus                     0x08003ddd   Thumb Code    16  stm32f4x7_eth.o(.text)
    ETH_DMAClearFlag                         0x08003ded   Thumb Code     6  stm32f4x7_eth.o(.text)
    ETH_DMAITConfig                          0x08003df3   Thumb Code    22  stm32f4x7_eth.o(.text)
    ETH_GetDMAITStatus                       0x08003e09   Thumb Code    16  stm32f4x7_eth.o(.text)
    ETH_DMAClearITPendingBit                 0x08003e19   Thumb Code     6  stm32f4x7_eth.o(.text)
    ETH_GetTransmitProcessState              0x08003e1f   Thumb Code    10  stm32f4x7_eth.o(.text)
    ETH_GetReceiveProcessState               0x08003e29   Thumb Code    10  stm32f4x7_eth.o(.text)
    ETH_GetFlushTransmitFIFOStatus           0x08003e33   Thumb Code    14  stm32f4x7_eth.o(.text)
    ETH_GetDMAOverflowStatus                 0x08003e41   Thumb Code    16  stm32f4x7_eth.o(.text)
    ETH_GetRxOverflowMissedFrameCounter      0x08003e51   Thumb Code    10  stm32f4x7_eth.o(.text)
    ETH_GetBufferUnavailableMissedFrameCounter 0x08003e5b   Thumb Code     8  stm32f4x7_eth.o(.text)
    ETH_GetCurrentTxDescStartAddress         0x08003e63   Thumb Code     6  stm32f4x7_eth.o(.text)
    ETH_GetCurrentRxDescStartAddress         0x08003e69   Thumb Code     6  stm32f4x7_eth.o(.text)
    ETH_GetCurrentTxBufferAddress            0x08003e6f   Thumb Code     6  stm32f4x7_eth.o(.text)
    ETH_GetCurrentRxBufferAddress            0x08003e75   Thumb Code     6  stm32f4x7_eth.o(.text)
    ETH_ResumeDMATransmission                0x08003e7b   Thumb Code     8  stm32f4x7_eth.o(.text)
    ETH_ResumeDMAReception                   0x08003e83   Thumb Code     8  stm32f4x7_eth.o(.text)
    ETH_SetReceiveWatchdogTimer              0x08003e8b   Thumb Code     6  stm32f4x7_eth.o(.text)
    ETH_PHYLoopBackCmd                       0x08003e91   Thumb Code    44  stm32f4x7_eth.o(.text)
    ETH_ResetWakeUpFrameFilterRegisterPointer 0x08003ebd   Thumb Code    12  stm32f4x7_eth.o(.text)
    ETH_SetWakeUpFrameFilterRegister         0x08003ec9   Thumb Code    18  stm32f4x7_eth.o(.text)
    ETH_GlobalUnicastWakeUpCmd               0x08003edb   Thumb Code    26  stm32f4x7_eth.o(.text)
    ETH_GetPMTFlagStatus                     0x08003ef5   Thumb Code    16  stm32f4x7_eth.o(.text)
    ETH_WakeUpFrameDetectionCmd              0x08003f05   Thumb Code    26  stm32f4x7_eth.o(.text)
    ETH_MagicPacketDetectionCmd              0x08003f1f   Thumb Code    26  stm32f4x7_eth.o(.text)
    ETH_PowerDownCmd                         0x08003f39   Thumb Code    26  stm32f4x7_eth.o(.text)
    ETH_MMCCounterFullPreset                 0x08003f53   Thumb Code    12  stm32f4x7_eth.o(.text)
    ETH_MMCCounterHalfPreset                 0x08003f5f   Thumb Code    20  stm32f4x7_eth.o(.text)
    ETH_MMCCounterFreezeCmd                  0x08003f73   Thumb Code    34  stm32f4x7_eth.o(.text)
    ETH_MMCResetOnReadCmd                    0x08003f95   Thumb Code    34  stm32f4x7_eth.o(.text)
    ETH_MMCCounterRolloverCmd                0x08003fb7   Thumb Code    34  stm32f4x7_eth.o(.text)
    ETH_MMCCountersReset                     0x08003fd9   Thumb Code    12  stm32f4x7_eth.o(.text)
    ETH_MMCITConfig                          0x08003fe5   Thumb Code    62  stm32f4x7_eth.o(.text)
    ETH_GetMMCITStatus                       0x08004023   Thumb Code    50  stm32f4x7_eth.o(.text)
    ETH_GetMMCRegister                       0x08004055   Thumb Code     6  stm32f4x7_eth.o(.text)
    ethernetif_input                         0x08004179   Thumb Code    42  ethernetif.o(.text)
    ethernetif_init                          0x080041a3   Thumb Code    30  ethernetif.o(.text)
    dhcp_renew                               0x080046c1   Thumb Code   146  dhcp.o(.text)
    dhcp_coarse_tmr                          0x0800480b   Thumb Code    58  dhcp.o(.text)
    dhcp_release                             0x080048ef   Thumb Code   178  dhcp.o(.text)
    dhcp_fine_tmr                            0x08004b21   Thumb Code    46  dhcp.o(.text)
    dhcp_stop                                0x08004c4b   Thumb Code    48  dhcp.o(.text)
    dhcp_start                               0x08004de3   Thumb Code   162  dhcp.o(.text)
    dhcp_inform                              0x08004e85   Thumb Code   150  dhcp.o(.text)
    dhcp_network_changed                     0x08004f1b   Thumb Code    68  dhcp.o(.text)
    dhcp_arp_reply                           0x08004fe1   Thumb Code    28  dhcp.o(.text)
    mem_init                                 0x08005057   Thumb Code    44  mem.o(.text)
    mem_free                                 0x08005083   Thumb Code    36  mem.o(.text)
    mem_realloc                              0x080050a7   Thumb Code   198  mem.o(.text)
    mem_malloc                               0x0800516d   Thumb Code   180  mem.o(.text)
    mem_calloc                               0x08005221   Thumb Code    28  mem.o(.text)
    memp_init                                0x08005245   Thumb Code    78  memp.o(.text)
    memp_malloc                              0x08005293   Thumb Code    30  memp.o(.text)
    memp_free                                0x080052b1   Thumb Code    20  memp.o(.text)
    netif_set_gw                             0x080052cd   Thumb Code    14  netif.o(.text)
    netif_set_netmask                        0x080052db   Thumb Code    14  netif.o(.text)
    netif_set_ipaddr                         0x080052e9   Thumb Code    96  netif.o(.text)
    netif_set_addr                           0x08005349   Thumb Code    32  netif.o(.text)
    netif_add                                0x08005369   Thumb Code    70  netif.o(.text)
    netif_set_default                        0x080053af   Thumb Code     6  netif.o(.text)
    netif_remove                             0x080053b5   Thumb Code    52  netif.o(.text)
    netif_find                               0x080053e9   Thumb Code    60  netif.o(.text)
    netif_set_up                             0x08005425   Thumb Code    28  netif.o(.text)
    netif_set_down                           0x08005441   Thumb Code    18  netif.o(.text)
    netif_is_up                              0x08005453   Thumb Code    10  netif.o(.text)
    pbuf_free                                0x08005469   Thumb Code    82  pbuf.o(.text)
    pbuf_alloc                               0x080054bb   Thumb Code   298  pbuf.o(.text)
    pbuf_realloc                             0x080055e5   Thumb Code    78  pbuf.o(.text)
    pbuf_header                              0x08005633   Thumb Code   104  pbuf.o(.text)
    pbuf_clen                                0x0800569b   Thumb Code    18  pbuf.o(.text)
    pbuf_ref                                 0x080056ad   Thumb Code    12  pbuf.o(.text)
    pbuf_cat                                 0x080056b9   Thumb Code    40  pbuf.o(.text)
    pbuf_chain                               0x080056e1   Thumb Code    18  pbuf.o(.text)
    pbuf_dechain                             0x080056f3   Thumb Code    44  pbuf.o(.text)
    pbuf_copy                                0x0800571f   Thumb Code   148  pbuf.o(.text)
    pbuf_copy_partial                        0x080057b3   Thumb Code   106  pbuf.o(.text)
    pbuf_take                                0x0800581d   Thumb Code    86  pbuf.o(.text)
    pbuf_coalesce                            0x08005873   Thumb Code    52  pbuf.o(.text)
    raw_input                                0x080058a9   Thumb Code    98  raw.o(.text)
    raw_bind                                 0x0800590b   Thumb Code    16  raw.o(.text)
    raw_connect                              0x0800591b   Thumb Code    16  raw.o(.text)
    raw_recv                                 0x0800592b   Thumb Code     6  raw.o(.text)
    raw_sendto                               0x08005931   Thumb Code   144  raw.o(.text)
    raw_send                                 0x080059c1   Thumb Code     4  raw.o(.text)
    raw_remove                               0x080059c5   Thumb Code    40  raw.o(.text)
    raw_new                                  0x080059ed   Thumb Code    40  raw.o(.text)
    tcp_seg_free                             0x08005a19   Thumb Code    32  tcp.o(.text)
    tcp_segs_free                            0x08005a39   Thumb Code    26  tcp.o(.text)
    tcp_pcb_purge                            0x08005a53   Thumb Code    48  tcp.o(.text)
    tcp_slowtmr                              0x08005a83   Thumb Code   550  tcp.o(.text)
    tcp_pcb_remove                           0x08005ca9   Thumb Code    92  tcp.o(.text)
    tcp_close                                0x08005d05   Thumb Code   204  tcp.o(.text)
    tcp_update_rcv_ann_wnd                   0x08005dd1   Thumb Code    54  tcp.o(.text)
    tcp_recved                               0x08005e07   Thumb Code    60  tcp.o(.text)
    tcp_recv_null                            0x08005e43   Thumb Code    54  tcp.o(.text)
    tcp_fasttmr                              0x08005e79   Thumb Code    86  tcp.o(.text)
    tcp_tmr                                  0x08005ecf   Thumb Code    26  tcp.o(.text)
    tcp_abandon                              0x08005ee9   Thumb Code   148  tcp.o(.text)
    tcp_bind                                 0x08005fd3   Thumb Code   196  tcp.o(.text)
    tcp_listen_with_backlog                  0x0800609d   Thumb Code   138  tcp.o(.text)
    tcp_eff_send_mss                         0x08006127   Thumb Code    32  tcp.o(.text)
    tcp_next_iss                             0x08006147   Thumb Code    12  tcp.o(.text)
    tcp_connect                              0x08006153   Thumb Code   198  tcp.o(.text)
    tcp_setprio                              0x08006219   Thumb Code     4  tcp.o(.text)
    tcp_alloc                                0x08006293   Thumb Code   154  tcp.o(.text)
    tcp_new                                  0x0800632d   Thumb Code     4  tcp.o(.text)
    tcp_arg                                  0x08006331   Thumb Code     4  tcp.o(.text)
    tcp_recv                                 0x08006335   Thumb Code     6  tcp.o(.text)
    tcp_sent                                 0x0800633b   Thumb Code     6  tcp.o(.text)
    tcp_err                                  0x08006341   Thumb Code     6  tcp.o(.text)
    tcp_accept                               0x08006347   Thumb Code     4  tcp.o(.text)
    tcp_poll                                 0x0800634b   Thumb Code    10  tcp.o(.text)
    tcp_debug_state_str                      0x08006355   Thumb Code    10  tcp.o(.text)
    tcp_input                                0x08006dbf   Thumb Code   834  tcp_in.o(.text)
    tcp_enqueue                              0x0800717d   Thumb Code   858  tcp_out.o(.text)
    tcp_send_ctrl                            0x080074d7   Thumb Code    20  tcp_out.o(.text)
    tcp_write                                0x080074eb   Thumb Code    46  tcp_out.o(.text)
    tcp_send_empty_ack                       0x08007519   Thumb Code    86  tcp_out.o(.text)
    tcp_output                               0x08007619   Thumb Code   416  tcp_out.o(.text)
    tcp_rst                                  0x080077b9   Thumb Code   158  tcp_out.o(.text)
    tcp_rexmit_rto                           0x08007857   Thumb Code    44  tcp_out.o(.text)
    tcp_rexmit                               0x08007883   Thumb Code    70  tcp_out.o(.text)
    tcp_rexmit_fast                          0x080078c9   Thumb Code    96  tcp_out.o(.text)
    tcp_keepalive                            0x08007929   Thumb Code    72  tcp_out.o(.text)
    tcp_zero_window_probe                    0x08007971   Thumb Code   174  tcp_out.o(.text)
    udp_input                                0x08007a21   Thumb Code   408  udp.o(.text)
    udp_bind                                 0x08007bb9   Thumb Code    94  udp.o(.text)
    udp_sendto_if                            0x08007c17   Thumb Code   182  udp.o(.text)
    udp_sendto                               0x08007ccd   Thumb Code    40  udp.o(.text)
    udp_send                                 0x08007cf5   Thumb Code     6  udp.o(.text)
    udp_connect                              0x08007cfb   Thumb Code    74  udp.o(.text)
    udp_disconnect                           0x08007d45   Thumb Code    20  udp.o(.text)
    udp_recv                                 0x08007d59   Thumb Code     6  udp.o(.text)
    udp_remove                               0x08007d5f   Thumb Code    40  udp.o(.text)
    udp_new                                  0x08007d87   Thumb Code    28  udp.o(.text)
    autoip_init                              0x08007dad   Thumb Code     2  autoip.o(.text)
    autoip_start                             0x08007e3b   Thumb Code    96  autoip.o(.text)
    autoip_network_changed                   0x08007f35   Thumb Code    32  autoip.o(.text)
    autoip_stop                              0x08007f55   Thumb Code    16  autoip.o(.text)
    autoip_tmr                               0x08007f65   Thumb Code   204  autoip.o(.text)
    autoip_arp_reply                         0x08008031   Thumb Code   140  autoip.o(.text)
    icmp_input                               0x080080dd   Thumb Code   324  icmp.o(.text)
    icmp_dest_unreach                        0x08008289   Thumb Code     6  icmp.o(.text)
    icmp_time_exceeded                       0x0800828f   Thumb Code     6  icmp.o(.text)
    htonl                                    0x08008295   Thumb Code    24  inet.o(.text)
    inet_aton                                0x080082ad   Thumb Code   276  inet.o(.text)
    inet_addr                                0x080083c1   Thumb Code    20  inet.o(.text)
    inet_ntoa                                0x080083d5   Thumb Code    92  inet.o(.text)
    htons                                    0x08008431   Thumb Code    10  inet.o(.text)
    ntohs                                    0x0800843b   Thumb Code     2  inet.o(.text)
    ntohl                                    0x0800843d   Thumb Code     2  inet.o(.text)
    inet_chksum_pseudo                       0x0800847f   Thumb Code   134  inet_chksum.o(.text)
    inet_chksum                              0x08008505   Thumb Code    12  inet_chksum.o(.text)
    inet_chksum_pbuf                         0x08008511   Thumb Code    72  inet_chksum.o(.text)
    ip_route                                 0x08008559   Thumb Code    62  ip.o(.text)
    ip_input                                 0x08008597   Thumb Code   436  ip.o(.text)
    ip_output_if                             0x0800874b   Thumb Code   210  ip.o(.text)
    ip_output                                0x0800881d   Thumb Code    52  ip.o(.text)
    ip_addr_isbroadcast                      0x0800885d   Thumb Code    62  ip_addr.o(.text)
    ip_reass_tmr                             0x08008927   Thumb Code    40  ip_frag.o(.text)
    ip_reass                                 0x08008aff   Thumb Code   376  ip_frag.o(.text)
    ip_frag                                  0x08008c77   Thumb Code   318  ip_frag.o(.text)
    etharp_tmr                               0x08008dd7   Thumb Code    74  etharp.o(.text)
    etharp_find_addr                         0x08009029   Thumb Code    52  etharp.o(.text)
    etharp_ip_input                          0x0800905d   Thumb Code    40  etharp.o(.text)
    etharp_arp_input                         0x08009085   Thumb Code   296  etharp.o(.text)
    etharp_raw                               0x080091ad   Thumb Code   194  etharp.o(.text)
    etharp_request                           0x0800926f   Thumb Code    34  etharp.o(.text)
    etharp_query                             0x08009291   Thumb Code   278  etharp.o(.text)
    etharp_output                            0x080093a7   Thumb Code   178  etharp.o(.text)
    ethernet_input                           0x08009459   Thumb Code    90  etharp.o(.text)
    Reset_Handler                            0x080094bd   Thumb Code     8  startup_stm32f4xx.o(.text)
    ADC_IRQHandler                           0x080094d7   Thumb Code     0  startup_stm32f4xx.o(.text)
    CAN1_RX0_IRQHandler                      0x080094d7   Thumb Code     0  startup_stm32f4xx.o(.text)
    CAN1_RX1_IRQHandler                      0x080094d7   Thumb Code     0  startup_stm32f4xx.o(.text)
    CAN1_SCE_IRQHandler                      0x080094d7   Thumb Code     0  startup_stm32f4xx.o(.text)
    CAN1_TX_IRQHandler                       0x080094d7   Thumb Code     0  startup_stm32f4xx.o(.text)
    CAN2_RX0_IRQHandler                      0x080094d7   Thumb Code     0  startup_stm32f4xx.o(.text)
    CAN2_RX1_IRQHandler                      0x080094d7   Thumb Code     0  startup_stm32f4xx.o(.text)
    CAN2_SCE_IRQHandler                      0x080094d7   Thumb Code     0  startup_stm32f4xx.o(.text)
    CAN2_TX_IRQHandler                       0x080094d7   Thumb Code     0  startup_stm32f4xx.o(.text)
    CRYP_IRQHandler                          0x080094d7   Thumb Code     0  startup_stm32f4xx.o(.text)
    DCMI_IRQHandler                          0x080094d7   Thumb Code     0  startup_stm32f4xx.o(.text)
    DMA1_Stream0_IRQHandler                  0x080094d7   Thumb Code     0  startup_stm32f4xx.o(.text)
    DMA1_Stream1_IRQHandler                  0x080094d7   Thumb Code     0  startup_stm32f4xx.o(.text)
    DMA1_Stream2_IRQHandler                  0x080094d7   Thumb Code     0  startup_stm32f4xx.o(.text)
    DMA1_Stream3_IRQHandler                  0x080094d7   Thumb Code     0  startup_stm32f4xx.o(.text)
    DMA1_Stream4_IRQHandler                  0x080094d7   Thumb Code     0  startup_stm32f4xx.o(.text)
    DMA1_Stream5_IRQHandler                  0x080094d7   Thumb Code     0  startup_stm32f4xx.o(.text)
    DMA1_Stream6_IRQHandler                  0x080094d7   Thumb Code     0  startup_stm32f4xx.o(.text)
    DMA1_Stream7_IRQHandler                  0x080094d7   Thumb Code     0  startup_stm32f4xx.o(.text)
    DMA2_Stream0_IRQHandler                  0x080094d7   Thumb Code     0  startup_stm32f4xx.o(.text)
    DMA2_Stream1_IRQHandler                  0x080094d7   Thumb Code     0  startup_stm32f4xx.o(.text)
    DMA2_Stream2_IRQHandler                  0x080094d7   Thumb Code     0  startup_stm32f4xx.o(.text)
    DMA2_Stream3_IRQHandler                  0x080094d7   Thumb Code     0  startup_stm32f4xx.o(.text)
    DMA2_Stream4_IRQHandler                  0x080094d7   Thumb Code     0  startup_stm32f4xx.o(.text)
    DMA2_Stream5_IRQHandler                  0x080094d7   Thumb Code     0  startup_stm32f4xx.o(.text)
    DMA2_Stream6_IRQHandler                  0x080094d7   Thumb Code     0  startup_stm32f4xx.o(.text)
    DMA2_Stream7_IRQHandler                  0x080094d7   Thumb Code     0  startup_stm32f4xx.o(.text)
    ETH_IRQHandler                           0x080094d7   Thumb Code     0  startup_stm32f4xx.o(.text)
    ETH_WKUP_IRQHandler                      0x080094d7   Thumb Code     0  startup_stm32f4xx.o(.text)
    EXTI15_10_IRQHandler                     0x080094d7   Thumb Code     0  startup_stm32f4xx.o(.text)
    EXTI1_IRQHandler                         0x080094d7   Thumb Code     0  startup_stm32f4xx.o(.text)
    EXTI2_IRQHandler                         0x080094d7   Thumb Code     0  startup_stm32f4xx.o(.text)
    EXTI3_IRQHandler                         0x080094d7   Thumb Code     0  startup_stm32f4xx.o(.text)
    EXTI4_IRQHandler                         0x080094d7   Thumb Code     0  startup_stm32f4xx.o(.text)
    EXTI9_5_IRQHandler                       0x080094d7   Thumb Code     0  startup_stm32f4xx.o(.text)
    FLASH_IRQHandler                         0x080094d7   Thumb Code     0  startup_stm32f4xx.o(.text)
    FPU_IRQHandler                           0x080094d7   Thumb Code     0  startup_stm32f4xx.o(.text)
    FSMC_IRQHandler                          0x080094d7   Thumb Code     0  startup_stm32f4xx.o(.text)
    HASH_RNG_IRQHandler                      0x080094d7   Thumb Code     0  startup_stm32f4xx.o(.text)
    I2C1_ER_IRQHandler                       0x080094d7   Thumb Code     0  startup_stm32f4xx.o(.text)
    I2C1_EV_IRQHandler                       0x080094d7   Thumb Code     0  startup_stm32f4xx.o(.text)
    I2C2_ER_IRQHandler                       0x080094d7   Thumb Code     0  startup_stm32f4xx.o(.text)
    I2C2_EV_IRQHandler                       0x080094d7   Thumb Code     0  startup_stm32f4xx.o(.text)
    I2C3_ER_IRQHandler                       0x080094d7   Thumb Code     0  startup_stm32f4xx.o(.text)
    I2C3_EV_IRQHandler                       0x080094d7   Thumb Code     0  startup_stm32f4xx.o(.text)
    OTG_FS_IRQHandler                        0x080094d7   Thumb Code     0  startup_stm32f4xx.o(.text)
    OTG_FS_WKUP_IRQHandler                   0x080094d7   Thumb Code     0  startup_stm32f4xx.o(.text)
    OTG_HS_EP1_IN_IRQHandler                 0x080094d7   Thumb Code     0  startup_stm32f4xx.o(.text)
    OTG_HS_EP1_OUT_IRQHandler                0x080094d7   Thumb Code     0  startup_stm32f4xx.o(.text)
    OTG_HS_IRQHandler                        0x080094d7   Thumb Code     0  startup_stm32f4xx.o(.text)
    OTG_HS_WKUP_IRQHandler                   0x080094d7   Thumb Code     0  startup_stm32f4xx.o(.text)
    PVD_IRQHandler                           0x080094d7   Thumb Code     0  startup_stm32f4xx.o(.text)
    RCC_IRQHandler                           0x080094d7   Thumb Code     0  startup_stm32f4xx.o(.text)
    RTC_Alarm_IRQHandler                     0x080094d7   Thumb Code     0  startup_stm32f4xx.o(.text)
    RTC_WKUP_IRQHandler                      0x080094d7   Thumb Code     0  startup_stm32f4xx.o(.text)
    SDIO_IRQHandler                          0x080094d7   Thumb Code     0  startup_stm32f4xx.o(.text)
    SPI1_IRQHandler                          0x080094d7   Thumb Code     0  startup_stm32f4xx.o(.text)
    SPI2_IRQHandler                          0x080094d7   Thumb Code     0  startup_stm32f4xx.o(.text)
    SPI3_IRQHandler                          0x080094d7   Thumb Code     0  startup_stm32f4xx.o(.text)
    TAMP_STAMP_IRQHandler                    0x080094d7   Thumb Code     0  startup_stm32f4xx.o(.text)
    TIM1_BRK_TIM9_IRQHandler                 0x080094d7   Thumb Code     0  startup_stm32f4xx.o(.text)
    TIM1_CC_IRQHandler                       0x080094d7   Thumb Code     0  startup_stm32f4xx.o(.text)
    TIM1_TRG_COM_TIM11_IRQHandler            0x080094d7   Thumb Code     0  startup_stm32f4xx.o(.text)
    TIM1_UP_TIM10_IRQHandler                 0x080094d7   Thumb Code     0  startup_stm32f4xx.o(.text)
    TIM2_IRQHandler                          0x080094d7   Thumb Code     0  startup_stm32f4xx.o(.text)
    TIM3_IRQHandler                          0x080094d7   Thumb Code     0  startup_stm32f4xx.o(.text)
    TIM4_IRQHandler                          0x080094d7   Thumb Code     0  startup_stm32f4xx.o(.text)
    TIM5_IRQHandler                          0x080094d7   Thumb Code     0  startup_stm32f4xx.o(.text)
    TIM6_DAC_IRQHandler                      0x080094d7   Thumb Code     0  startup_stm32f4xx.o(.text)
    TIM7_IRQHandler                          0x080094d7   Thumb Code     0  startup_stm32f4xx.o(.text)
    TIM8_BRK_TIM12_IRQHandler                0x080094d7   Thumb Code     0  startup_stm32f4xx.o(.text)
    TIM8_CC_IRQHandler                       0x080094d7   Thumb Code     0  startup_stm32f4xx.o(.text)
    TIM8_TRG_COM_TIM14_IRQHandler            0x080094d7   Thumb Code     0  startup_stm32f4xx.o(.text)
    TIM8_UP_TIM13_IRQHandler                 0x080094d7   Thumb Code     0  startup_stm32f4xx.o(.text)
    UART4_IRQHandler                         0x080094d7   Thumb Code     0  startup_stm32f4xx.o(.text)
    UART5_IRQHandler                         0x080094d7   Thumb Code     0  startup_stm32f4xx.o(.text)
    USART1_IRQHandler                        0x080094d7   Thumb Code     0  startup_stm32f4xx.o(.text)
    USART2_IRQHandler                        0x080094d7   Thumb Code     0  startup_stm32f4xx.o(.text)
    USART3_IRQHandler                        0x080094d7   Thumb Code     0  startup_stm32f4xx.o(.text)
    USART6_IRQHandler                        0x080094d7   Thumb Code     0  startup_stm32f4xx.o(.text)
    WWDG_IRQHandler                          0x080094d7   Thumb Code     0  startup_stm32f4xx.o(.text)
    __aeabi_memcpy                           0x080094e1   Thumb Code    36  memcpya.o(.text)
    __aeabi_memcpy4                          0x080094e1   Thumb Code     0  memcpya.o(.text)
    __aeabi_memcpy8                          0x080094e1   Thumb Code     0  memcpya.o(.text)
    __aeabi_memset                           0x08009505   Thumb Code    14  memseta.o(.text)
    __aeabi_memset4                          0x08009505   Thumb Code     0  memseta.o(.text)
    __aeabi_memset8                          0x08009505   Thumb Code     0  memseta.o(.text)
    __aeabi_memclr                           0x08009513   Thumb Code     4  memseta.o(.text)
    __aeabi_memclr4                          0x08009513   Thumb Code     0  memseta.o(.text)
    __aeabi_memclr8                          0x08009513   Thumb Code     0  memseta.o(.text)
    _memset$wrapper                          0x08009517   Thumb Code    18  memseta.o(.text)
    strlen                                   0x08009529   Thumb Code    14  strlen.o(.text)
    memcmp                                   0x08009537   Thumb Code    26  memcmp.o(.text)
    __aeabi_i2d                              0x08009551   Thumb Code    34  dflti.o(.text)
    __aeabi_ui2d                             0x08009573   Thumb Code    26  dfltui.o(.text)
    __aeabi_cdcmpeq                          0x0800958d   Thumb Code     0  cdcmple.o(.text)
    __aeabi_cdcmple                          0x0800958d   Thumb Code    48  cdcmple.o(.text)
    __aeabi_cdrcmple                         0x080095bd   Thumb Code    48  cdrcmple.o(.text)
    __aeabi_uidiv                            0x080095ed   Thumb Code     0  uidiv.o(.text)
    __aeabi_uidivmod                         0x080095ed   Thumb Code    44  uidiv.o(.text)
    __aeabi_uldivmod                         0x08009619   Thumb Code    98  uldiv.o(.text)
    __I$use$fp                               0x0800967b   Thumb Code     0  iusefp.o(.text)
    _double_round                            0x0800967b   Thumb Code    30  depilogue.o(.text)
    _double_epilogue                         0x08009699   Thumb Code   156  depilogue.o(.text)
    __aeabi_dadd                             0x08009735   Thumb Code   322  dadd.o(.text)
    __aeabi_dsub                             0x08009877   Thumb Code     6  dadd.o(.text)
    __aeabi_drsub                            0x0800987d   Thumb Code     6  dadd.o(.text)
    __aeabi_dmul                             0x08009883   Thumb Code   228  dmul.o(.text)
    __aeabi_ddiv                             0x08009967   Thumb Code   222  ddiv.o(.text)
    __aeabi_d2ulz                            0x08009a45   Thumb Code    48  dfixul.o(.text)
    __scatterload                            0x08009a75   Thumb Code    28  init.o(.text)
    __scatterload_rt2                        0x08009a75   Thumb Code     0  init.o(.text)
    __aeabi_llsl                             0x08009a99   Thumb Code    30  llshl.o(.text)
    _ll_shift_l                              0x08009a99   Thumb Code     0  llshl.o(.text)
    __aeabi_llsr                             0x08009ab7   Thumb Code    32  llushr.o(.text)
    _ll_ushift_r                             0x08009ab7   Thumb Code     0  llushr.o(.text)
    __aeabi_lasr                             0x08009ad7   Thumb Code    36  llsshr.o(.text)
    _ll_sshift_r                             0x08009ad7   Thumb Code     0  llsshr.o(.text)
    __decompress                             0x08009afb   Thumb Code     0  __dczerorl2.o(.text)
    __decompress1                            0x08009afb   Thumb Code    86  __dczerorl2.o(.text)
    __0sprintf                               0x08009b51   Thumb Code    34  printfa.o(i.__0sprintf)
    __1sprintf                               0x08009b51   Thumb Code     0  printfa.o(i.__0sprintf)
    __2sprintf                               0x08009b51   Thumb Code     0  printfa.o(i.__0sprintf)
    __c89sprintf                             0x08009b51   Thumb Code     0  printfa.o(i.__0sprintf)
    sprintf                                  0x08009b51   Thumb Code     0  printfa.o(i.__0sprintf)
    __scatterload_copy                       0x08009b79   Thumb Code    14  handlers.o(i.__scatterload_copy)
    __scatterload_null                       0x08009b87   Thumb Code     2  handlers.o(i.__scatterload_null)
    __scatterload_zeroinit                   0x08009b89   Thumb Code    14  handlers.o(i.__scatterload_zeroinit)
    ASCII16x24_Table                         0x0800a454   Data        4560  stm32f4_discovery_lcd.o(.constdata)
    BUTTON_PORT_SOURCE                       0x0800b624   Data           1  stm32f4_discovery.o(.constdata)
    BUTTON_PIN_SOURCE                        0x0800b625   Data           1  stm32f4_discovery.o(.constdata)
    BUTTON_IRQn                              0x0800b626   Data           1  stm32f4_discovery.o(.constdata)
    BUTTON_PIN                               0x0800b628   Data           2  stm32f4_discovery.o(.constdata)
    BUTTON_EXTI_LINE                         0x0800b62a   Data           2  stm32f4_discovery.o(.constdata)
    BUTTON_CLK                               0x0800b62c   Data           4  stm32f4_discovery.o(.constdata)
    COM_TX_PIN                               0x0800b630   Data           4  stm32f4_discovery.o(.constdata)
    COM_RX_PIN                               0x0800b634   Data           4  stm32f4_discovery.o(.constdata)
    COM_TX_PIN_SOURCE                        0x0800b638   Data           4  stm32f4_discovery.o(.constdata)
    COM_RX_PIN_SOURCE                        0x0800b63c   Data           4  stm32f4_discovery.o(.constdata)
    COM_TX_AF                                0x0800b640   Data           4  stm32f4_discovery.o(.constdata)
    COM_RX_AF                                0x0800b644   Data           4  stm32f4_discovery.o(.constdata)
    GPIO_PIN                                 0x0800b648   Data           8  stm32f4_discovery.o(.constdata)
    COM_USART_CLK                            0x0800b650   Data           8  stm32f4_discovery.o(.constdata)
    COM_TX_PORT_CLK                          0x0800b658   Data           8  stm32f4_discovery.o(.constdata)
    COM_RX_PORT_CLK                          0x0800b660   Data           8  stm32f4_discovery.o(.constdata)
    GPIO_CLK                                 0x0800b668   Data          16  stm32f4_discovery.o(.constdata)
    tcp_persist_backoff                      0x0800b69c   Data           7  tcp.o(.constdata)
    tcp_backoff                              0x0800b6a3   Data          13  tcp.o(.constdata)
    ip_addr_any                              0x0800b6b0   Data           4  ip_addr.o(.constdata)
    ip_addr_broadcast                        0x0800b6b4   Data           4  ip_addr.o(.constdata)
    ethbroadcast                             0x0800b6b8   Data           6  etharp.o(.constdata)
    ethzero                                  0x0800b6be   Data           6  etharp.o(.constdata)
    Region$$Table$$Base                      0x0800b73c   Number         0  anon$$obj.o(Region$$Table)
    Region$$Table$$Limit                     0x0800b75c   Number         0  anon$$obj.o(Region$$Table)
    LocalTime                                0x20000000   Data           4  main.o(.data)
    timingdelay                              0x20000004   Data           4  main.o(.data)
    Button_TimerBack                         0x20000008   Data           4  main.o(.data)
    Button_Flag                              0x2000000c   Data           4  main.o(.data)
    SystemCoreClock                          0x20000010   Data           4  system_stm32f4xx.o(.data)
    AHBPrescTable                            0x20000014   Data          16  system_stm32f4xx.o(.data)
    Tcp_flag                                 0x20000024   Data           1  tcp_echoclient.o(.data)
    message_count                            0x20000028   Data           4  tcp_echoclient.o(.data)
    tcp_for_global                           0x2000002c   Data           4  tcp_echoclient.o(.data)
    echoclient_pcb                           0x20000030   Data           4  tcp_echoclient.o(.data)
    DHCP_state                               0x20000034   Data           1  netconf.o(.data)
    TCPTimer                                 0x20000038   Data           4  netconf.o(.data)
    ARPTimer                                 0x2000003c   Data           4  netconf.o(.data)
    IPaddress                                0x20000040   Data           4  netconf.o(.data)
    DHCPfineTimer                            0x20000044   Data           4  netconf.o(.data)
    DHCPcoarseTimer                          0x20000048   Data           4  netconf.o(.data)
    EthInitStatus                            0x2000004c   Data           4  stm32f4x7_eth_bsp.o(.data)
    Font16x24                                0x20000058   Data           8  stm32f4_discovery_lcd.o(.data)
    BUTTON_PORT                              0x20000060   Data           4  stm32f4_discovery.o(.data)
    COM_USART                                0x20000064   Data           8  stm32f4_discovery.o(.data)
    COM_TX_PORT                              0x2000006c   Data           8  stm32f4_discovery.o(.data)
    COM_RX_PORT                              0x20000074   Data           8  stm32f4_discovery.o(.data)
    GPIO_PORT                                0x2000007c   Data          16  stm32f4_discovery.o(.data)
    DMATxDescToSet                           0x2000009c   Data           4  stm32f4x7_eth.o(.data)
    DMARxDescToGet                           0x200000a0   Data           4  stm32f4x7_eth.o(.data)
    DMA_RX_FRAME_infos                       0x200000a4   Data           4  stm32f4x7_eth.o(.data)
    netif_list                               0x200000c0   Data           4  netif.o(.data)
    netif_default                            0x200000c4   Data           4  netif.o(.data)
    tcp_ticks                                0x200000d4   Data           4  tcp.o(.data)
    tcp_bound_pcbs                           0x200000d8   Data           4  tcp.o(.data)
    tcp_listen_pcbs                          0x200000dc   Data           4  tcp.o(.data)
    tcp_active_pcbs                          0x200000e0   Data           4  tcp.o(.data)
    tcp_tw_pcbs                              0x200000e4   Data           4  tcp.o(.data)
    tcp_tmp_pcb                              0x200000e8   Data           4  tcp.o(.data)
    tcp_state_str                            0x200000ec   Data          44  tcp.o(.data)
    tcp_input_pcb                            0x20000130   Data           4  tcp_in.o(.data)
    udp_pcbs                                 0x20000134   Data           4  udp.o(.data)
    current_netif                            0x2000013c   Data           4  ip.o(.data)
    current_header                           0x20000140   Data           4  ip.o(.data)
    data                                     0x20000150   Data         100  tcp_echoclient.o(.bss)
    netif                                    0x200001b4   Data          56  netconf.o(.bss)
    DMARxDscrTab                             0x200001ec   Data         160  stm32f4x7_eth.o(.bss)
    DMATxDscrTab                             0x2000028c   Data         160  stm32f4x7_eth.o(.bss)
    Rx_Buff                                  0x2000032c   Data        7620  stm32f4x7_eth.o(.bss)
    Tx_Buff                                  0x200020f0   Data        7620  stm32f4x7_eth.o(.bss)
    RX_Frame_Descriptor                      0x20003eb4   Data          12  stm32f4x7_eth.o(.bss)
    __initial_sp                             0x20014f30   Data           0  startup_stm32f4xx.o(STACK)



==============================================================================

Memory Map of the image

  Image Entry point : 0x08000189

  Load Region LR_IROM1 (Base: 0x08000000, Size: 0x0000b8ac, Max: 0x00100000, ABSOLUTE, COMPRESSED[0x0000b7c0])

    Execution Region ER_IROM1 (Exec base: 0x08000000, Load base: 0x08000000, Size: 0x0000b75c, Max: 0x00100000, ABSOLUTE)

    Exec Addr    Load Addr    Size         Type   Attr      Idx    E Section Name        Object

    0x08000000   0x08000000   0x00000188   Data   RO         1413    RESET               startup_stm32f4xx.o
    0x08000188   0x08000188   0x00000000   Code   RO         1422  * .ARM.Collect$$$$00000000  mc_w.l(entry.o)
    0x08000188   0x08000188   0x00000004   Code   RO         1732    .ARM.Collect$$$$00000001  mc_w.l(entry2.o)
    0x0800018c   0x0800018c   0x00000004   Code   RO         1735    .ARM.Collect$$$$00000004  mc_w.l(entry5.o)
    0x08000190   0x08000190   0x00000000   Code   RO         1737    .ARM.Collect$$$$00000008  mc_w.l(entry7b.o)
    0x08000190   0x08000190   0x00000000   Code   RO         1739    .ARM.Collect$$$$0000000A  mc_w.l(entry8b.o)
    0x08000190   0x08000190   0x00000008   Code   RO         1740    .ARM.Collect$$$$0000000B  mc_w.l(entry9a.o)
    0x08000198   0x08000198   0x00000000   Code   RO         1742    .ARM.Collect$$$$0000000D  mc_w.l(entry10a.o)
    0x08000198   0x08000198   0x00000000   Code   RO         1744    .ARM.Collect$$$$0000000F  mc_w.l(entry11a.o)
    0x08000198   0x08000198   0x00000004   Code   RO         1733    .ARM.Collect$$$$00002712  mc_w.l(entry2.o)
    0x0800019c   0x0800019c   0x0000016c   Code   RO            2    .text               main.o
    0x08000308   0x08000308   0x00000184   Code   RO          244    .text               system_stm32f4xx.o
    0x0800048c   0x0800048c   0x0000002c   Code   RO          266    .text               stm32f4xx_it.o
    0x080004b8   0x080004b8   0x00000254   Code   RO          297    .text               tcp_echoclient.o
    0x0800070c   0x0800070c   0x0000034c   Code   RO          340    .text               netconf.o
    0x08000a58   0x08000a58   0x00000240   Code   RO          382    .text               stm32f4x7_eth_bsp.o
    0x08000c98   0x08000c98   0x00000e0c   Code   RO          614    .text               stm32f4_discovery_lcd.o
    0x08001aa4   0x08001aa4   0x0000043c   Code   RO          646    .text               stm32f4_discovery.o
    0x08001ee0   0x08001ee0   0x000003b4   Code   RO          667    .text               stm32f4xx_usart.o
    0x08002294   0x08002294   0x000000bc   Code   RO          683    .text               misc.o
    0x08002350   0x08002350   0x00000344   Code   RO          715    .text               stm32f4xx_dma.o
    0x08002694   0x08002694   0x000000ec   Code   RO          731    .text               stm32f4xx_exti.o
    0x08002780   0x08002780   0x000004b4   Code   RO          747    .text               stm32f4xx_fsmc.o
    0x08002c34   0x08002c34   0x00000224   Code   RO          763    .text               stm32f4xx_gpio.o
    0x08002e58   0x08002e58   0x00000434   Code   RO          779    .text               stm32f4xx_rcc.o
    0x0800328c   0x0800328c   0x000001bc   Code   RO          797    .text               stm32f4xx_sdio.o
    0x08003448   0x08003448   0x00000070   Code   RO          813    .text               stm32f4xx_syscfg.o
    0x080034b8   0x080034b8   0x00000bb0   Code   RO          893    .text               stm32f4x7_eth.o
    0x08004068   0x08004068   0x0000017c   Code   RO          921    .text               ethernetif.o
    0x080041e4   0x080041e4   0x00000e24   Code   RO          988    .text               dhcp.o
    0x08005008   0x08005008   0x0000023c   Code   RO         1062    .text               mem.o
    0x08005244   0x08005244   0x00000088   Code   RO         1077    .text               memp.o
    0x080052cc   0x080052cc   0x0000019c   Code   RO         1107    .text               netif.o
    0x08005468   0x08005468   0x0000043e   Code   RO         1129    .text               pbuf.o
    0x080058a6   0x080058a6   0x00000002   PAD
    0x080058a8   0x080058a8   0x00000170   Code   RO         1144    .text               raw.o
    0x08005a18   0x08005a18   0x00000950   Code   RO         1170    .text               tcp.o
    0x08006368   0x08006368   0x00000d98   Code   RO         1191    .text               tcp_in.o
    0x08007100   0x08007100   0x0000091e   Code   RO         1214    .text               tcp_out.o
    0x08007a1e   0x08007a1e   0x00000002   PAD
    0x08007a20   0x08007a20   0x0000038c   Code   RO         1226    .text               udp.o
    0x08007dac   0x08007dac   0x00000330   Code   RO         1255    .text               autoip.o
    0x080080dc   0x080080dc   0x000001b8   Code   RO         1267    .text               icmp.o
    0x08008294   0x08008294   0x000001b0   Code   RO         1285    .text               inet.o
    0x08008444   0x08008444   0x00000114   Code   RO         1298    .text               inet_chksum.o
    0x08008558   0x08008558   0x00000304   Code   RO         1317    .text               ip.o
    0x0800885c   0x0800885c   0x0000003e   Code   RO         1338    .text               ip_addr.o
    0x0800889a   0x0800889a   0x00000002   PAD
    0x0800889c   0x0800889c   0x0000051c   Code   RO         1361    .text               ip_frag.o
    0x08008db8   0x08008db8   0x00000704   Code   RO         1376    .text               etharp.o
    0x080094bc   0x080094bc   0x00000024   Code   RO         1414    .text               startup_stm32f4xx.o
    0x080094e0   0x080094e0   0x00000024   Code   RO         1425    .text               mc_w.l(memcpya.o)
    0x08009504   0x08009504   0x00000024   Code   RO         1427    .text               mc_w.l(memseta.o)
    0x08009528   0x08009528   0x0000000e   Code   RO         1431    .text               mc_w.l(strlen.o)
    0x08009536   0x08009536   0x0000001a   Code   RO         1435    .text               mc_w.l(memcmp.o)
    0x08009550   0x08009550   0x00000022   Code   RO         1702    .text               mf_w.l(dflti.o)
    0x08009572   0x08009572   0x0000001a   Code   RO         1704    .text               mf_w.l(dfltui.o)
    0x0800958c   0x0800958c   0x00000030   Code   RO         1708    .text               mf_w.l(cdcmple.o)
    0x080095bc   0x080095bc   0x00000030   Code   RO         1710    .text               mf_w.l(cdrcmple.o)
    0x080095ec   0x080095ec   0x0000002c   Code   RO         1749    .text               mc_w.l(uidiv.o)
    0x08009618   0x08009618   0x00000062   Code   RO         1751    .text               mc_w.l(uldiv.o)
    0x0800967a   0x0800967a   0x00000000   Code   RO         1753    .text               mc_w.l(iusefp.o)
    0x0800967a   0x0800967a   0x000000ba   Code   RO         1754    .text               mf_w.l(depilogue.o)
    0x08009734   0x08009734   0x0000014e   Code   RO         1756    .text               mf_w.l(dadd.o)
    0x08009882   0x08009882   0x000000e4   Code   RO         1758    .text               mf_w.l(dmul.o)
    0x08009966   0x08009966   0x000000de   Code   RO         1760    .text               mf_w.l(ddiv.o)
    0x08009a44   0x08009a44   0x00000030   Code   RO         1762    .text               mf_w.l(dfixul.o)
    0x08009a74   0x08009a74   0x00000024   Code   RO         1892    .text               mc_w.l(init.o)
    0x08009a98   0x08009a98   0x0000001e   Code   RO         1895    .text               mc_w.l(llshl.o)
    0x08009ab6   0x08009ab6   0x00000020   Code   RO         1897    .text               mc_w.l(llushr.o)
    0x08009ad6   0x08009ad6   0x00000024   Code   RO         1899    .text               mc_w.l(llsshr.o)
    0x08009afa   0x08009afa   0x00000056   Code   RO         1986    .text               mc_w.l(__dczerorl2.o)
    0x08009b50   0x08009b50   0x00000028   Code   RO         1676    i.__0sprintf        mc_w.l(printfa.o)
    0x08009b78   0x08009b78   0x0000000e   Code   RO         1980    i.__scatterload_copy  mc_w.l(handlers.o)
    0x08009b86   0x08009b86   0x00000002   Code   RO         1981    i.__scatterload_null  mc_w.l(handlers.o)
    0x08009b88   0x08009b88   0x0000000e   Code   RO         1982    i.__scatterload_zeroinit  mc_w.l(handlers.o)
    0x08009b96   0x08009b96   0x00000002   PAD
    0x08009b98   0x08009b98   0x00000184   Code   RO         1681    i._fp_digits        mc_w.l(printfa.o)
    0x08009d1c   0x08009d1c   0x000006dc   Code   RO         1682    i._printf_core      mc_w.l(printfa.o)
    0x0800a3f8   0x0800a3f8   0x00000024   Code   RO         1683    i._printf_post_padding  mc_w.l(printfa.o)
    0x0800a41c   0x0800a41c   0x0000002e   Code   RO         1684    i._printf_pre_padding  mc_w.l(printfa.o)
    0x0800a44a   0x0800a44a   0x0000000a   Code   RO         1686    i._sputc            mc_w.l(printfa.o)
    0x0800a454   0x0800a454   0x000011d0   Data   RO          615    .constdata          stm32f4_discovery_lcd.o
    0x0800b624   0x0800b624   0x00000054   Data   RO          647    .constdata          stm32f4_discovery.o
    0x0800b678   0x0800b678   0x00000024   Data   RO         1079    .constdata          memp.o
    0x0800b69c   0x0800b69c   0x00000014   Data   RO         1171    .constdata          tcp.o
    0x0800b6b0   0x0800b6b0   0x00000004   Data   RO         1339    .constdata          ip_addr.o
    0x0800b6b4   0x0800b6b4   0x00000004   Data   RO         1340    .constdata          ip_addr.o
    0x0800b6b8   0x0800b6b8   0x0000000c   Data   RO         1378    .constdata          etharp.o
    0x0800b6c4   0x0800b6c4   0x00000075   Data   RO         1172    .conststring        tcp.o
    0x0800b739   0x0800b739   0x00000003   PAD
    0x0800b73c   0x0800b73c   0x00000020   Data   RO         1978    Region$$Table       anon$$obj.o


    Execution Region RW_IRAM1 (Exec base: 0x20000000, Load base: 0x0800b75c, Size: 0x00014f30, Max: 0x00020000, ABSOLUTE, COMPRESSED[0x00000064])

    Exec Addr    Load Addr    Size         Type   Attr      Idx    E Section Name        Object

    0x20000000   COMPRESSED   0x00000010   Data   RW            5    .data               main.o
    0x20000010   COMPRESSED   0x00000014   Data   RW          245    .data               system_stm32f4xx.o
    0x20000024   COMPRESSED   0x00000010   Data   RW          300    .data               tcp_echoclient.o
    0x20000034   COMPRESSED   0x00000018   Data   RW          342    .data               netconf.o
    0x2000004c   COMPRESSED   0x00000004   Data   RW          383    .data               stm32f4x7_eth_bsp.o
    0x20000050   COMPRESSED   0x00000010   Data   RW          619    .data               stm32f4_discovery_lcd.o
    0x20000060   COMPRESSED   0x0000002c   Data   RW          648    .data               stm32f4_discovery.o
    0x2000008c   COMPRESSED   0x00000010   Data   RW          780    .data               stm32f4xx_rcc.o
    0x2000009c   COMPRESSED   0x0000000c   Data   RW          899    .data               stm32f4x7_eth.o
    0x200000a8   COMPRESSED   0x00000004   Data   RW          989    .data               dhcp.o
    0x200000ac   COMPRESSED   0x00000010   Data   RW         1064    .data               mem.o
    0x200000bc   COMPRESSED   0x0000000c   Data   RW         1108    .data               netif.o
    0x200000c8   COMPRESSED   0x00000004   Data   RW         1145    .data               raw.o
    0x200000cc   COMPRESSED   0x0000004c   Data   RW         1173    .data               tcp.o
    0x20000118   COMPRESSED   0x0000001c   Data   RW         1193    .data               tcp_in.o
    0x20000134   COMPRESSED   0x00000004   Data   RW         1227    .data               udp.o
    0x20000138   COMPRESSED   0x0000000c   Data   RW         1318    .data               ip.o
    0x20000144   COMPRESSED   0x00000008   Data   RW         1363    .data               ip_frag.o
    0x2000014c   COMPRESSED   0x00000001   Data   RW         1379    .data               etharp.o
    0x2000014d   COMPRESSED   0x00000003   PAD
    0x20000150        -       0x00000064   Zero   RW          299    .bss                tcp_echoclient.o
    0x200001b4        -       0x00000038   Zero   RW          341    .bss                netconf.o
    0x200001ec        -       0x000000a0   Zero   RW          894    .bss                stm32f4x7_eth.o
    0x2000028c        -       0x000000a0   Zero   RW          895    .bss                stm32f4x7_eth.o
    0x2000032c        -       0x00001dc4   Zero   RW          896    .bss                stm32f4x7_eth.o
    0x200020f0        -       0x00001dc4   Zero   RW          897    .bss                stm32f4x7_eth.o
    0x20003eb4        -       0x0000000c   Zero   RW          898    .bss                stm32f4x7_eth.o
    0x20003ec0        -       0x00002814   Zero   RW         1063    .bss                mem.o
    0x200066d4        -       0x00004d8f   Zero   RW         1078    .bss                memp.o
    0x2000b463   COMPRESSED   0x00000001   PAD
    0x2000b464        -       0x00000014   Zero   RW         1192    .bss                tcp_in.o
    0x2000b478        -       0x00000010   Zero   RW         1286    .bss                inet.o
    0x2000b488        -       0x000005e0   Zero   RW         1362    .bss                ip_frag.o
    0x2000ba68        -       0x000000c8   Zero   RW         1377    .bss                etharp.o
    0x2000bb30        -       0x00009400   Zero   RW         1411    STACK               startup_stm32f4xx.o


==============================================================================

Image component sizes


      Code (inc. data)   RO Data    RW Data    ZI Data      Debug   Object Name

       816         32          0          0          0       4694   autoip.o
      3620         48          0          4          0      17719   dhcp.o
      1796         24         12          1        200      10494   etharp.o
       380         36          0          0          0       3248   ethernetif.o
       440          0          0          0          0       2954   icmp.o
       432         12          0          0         16       3420   inet.o
       276          0          0          0          0       5838   inet_chksum.o
         0          0          0          0          0       2091   init.o
       772         12          0         12          0       6666   ip.o
        62          0          8          0          0       6017   ip_addr.o
      1308          8          0          8       1504       6556   ip_frag.o
       364        114          0         16          0     375526   main.o
       572          8          0         16      10260       4114   mem.o
       136          8         36          0      19855       3402   memp.o
       188         14          0          0          0       2209   misc.o
       844        222          0         24         56      10236   netconf.o
       412         12          0         12          0       5892   netif.o
      1086          0          0          0          0       6100   pbuf.o
       368          4          0          4          0       4005   raw.o
        36          8        392          0      37888        964   startup_stm32f4xx.o
      1084         30         84         44          0       5283   stm32f4_discovery.o
      3596         46       4560         16          0      15094   stm32f4_discovery_lcd.o
      2992         90          0         12      15572      21300   stm32f4x7_eth.o
       576         64          0          4          0      20358   stm32f4x7_eth_bsp.o
       836         34          0          0          0       7129   stm32f4xx_dma.o
       236         10          0          0          0       2695   stm32f4xx_exti.o
      1204          8          0          0          0       6271   stm32f4xx_fsmc.o
       548         36          0          0          0       4693   stm32f4xx_gpio.o
        44          0          0          0          0       1471   stm32f4xx_it.o
      1076         44          0         16          0      12047   stm32f4xx_rcc.o
       444         16          0          0          0       7640   stm32f4xx_sdio.o
       112         16          0          0          0       1687   stm32f4xx_syscfg.o
       948         24          0          0          0       8732   stm32f4xx_usart.o
       388         36          0         20          0       2011   system_stm32f4xx.o
      2384         46        137         76          0      18964   tcp.o
       596         60          0         16        100       4967   tcp_echoclient.o
      3480         66          0         28         20      14196   tcp_in.o
      2334         12          0          0          0       7866   tcp_out.o
       908         10          0          4          0      14515   udp.o

    ----------------------------------------------------------------------
     37700       1210       5264        336      85472     659064   Object Totals
         0          0         32          0          0          0   (incl. Generated)
         6          0          3          3          1          0   (incl. Padding)

    ----------------------------------------------------------------------

      Code (inc. data)   RO Data    RW Data    ZI Data      Debug   Library Member Name

        86          0          0          0          0          0   __dczerorl2.o
         0          0          0          0          0          0   entry.o
         0          0          0          0          0          0   entry10a.o
         0          0          0          0          0          0   entry11a.o
         8          4          0          0          0          0   entry2.o
         4          0          0          0          0          0   entry5.o
         0          0          0          0          0          0   entry7b.o
         0          0          0          0          0          0   entry8b.o
         8          4          0          0          0          0   entry9a.o
        30          0          0          0          0          0   handlers.o
        36          8          0          0          0         68   init.o
         0          0          0          0          0          0   iusefp.o
        30          0          0          0          0         68   llshl.o
        36          0          0          0          0         68   llsshr.o
        32          0          0          0          0         68   llushr.o
        26          0          0          0          0         80   memcmp.o
        36          0          0          0          0         68   memcpya.o
        36          0          0          0          0        108   memseta.o
      2276         86          0          0          0        520   printfa.o
        14          0          0          0          0         68   strlen.o
        44          0          0          0          0         80   uidiv.o
        98          0          0          0          0         92   uldiv.o
        48          0          0          0          0         68   cdcmple.o
        48          0          0          0          0         68   cdrcmple.o
       334          0          0          0          0        148   dadd.o
       222          0          0          0          0        100   ddiv.o
       186          0          0          0          0        176   depilogue.o
        48          0          0          0          0         68   dfixul.o
        34          0          0          0          0         76   dflti.o
        26          0          0          0          0         76   dfltui.o
       228          0          0          0          0         96   dmul.o

    ----------------------------------------------------------------------
      3976        102          0          0          0       2164   Library Totals
         2          0          0          0          0          0   (incl. Padding)

    ----------------------------------------------------------------------

      Code (inc. data)   RO Data    RW Data    ZI Data      Debug   Library Name

      2800        102          0          0          0       1288   mc_w.l
      1174          0          0          0          0        876   mf_w.l

    ----------------------------------------------------------------------
      3976        102          0          0          0       2164   Library Totals

    ----------------------------------------------------------------------

==============================================================================


      Code (inc. data)   RO Data    RW Data    ZI Data      Debug   

     41676       1312       5264        336      85472     656104   Grand Totals
     41676       1312       5264        100      85472     656104   ELF Image Totals (compressed)
     41676       1312       5264        100          0          0   ROM Totals

==============================================================================

    Total RO  Size (Code + RO Data)                46940 (  45.84kB)
    Total RW  Size (RW Data + ZI Data)             85808 (  83.80kB)
    Total ROM Size (Code + RO Data + RW Data)      47040 (  45.94kB)

==============================================================================

