<html>
<body>
<pre>
<h1>µVision Build Log</h1>
<h2>Tool Versions:</h2>
IDE-Version: µVision V5.24.2.0
Copyright (C) 2017 ARM Ltd and ARM Germany GmbH. All rights reserved.
License Information: bui Anh Khoa, abc, LIC=ZB4Y8-3T5U3-PA4DH-W94SG-1DVAT-6DK30
 
Tool Versions:
Toolchain:       MDK-ARM Plus  Version: 5.24.1
Toolchain Path:  C:\Keil_v5\ARM\ARMCC\Bin
C Compiler:      Armcc.exe V5.06 update 5 (build 528)
Assembler:       Armasm.exe V5.06 update 5 (build 528)
Linker/Locator:  ArmLink.exe V5.06 update 5 (build 528)
Library Manager: ArmAr.exe V5.06 update 5 (build 528)
Hex Converter:   FromElf.exe V5.06 update 5 (build 528)
CPU DLL:         SARMCM3.DLL V5.24.1
Dialog DLL:      DCM.DLL V1.16.0.0
Target DLL:      STLink\ST-LINKIII-KEIL_SWO.dll V3.0.1.0
Dialog DLL:      TCM.DLL V1.32.0.0
 
<h2>Project:</h2>
C:\Users\Anh Khoa\Documents\RFID door\firmware\STM32F4xx_Ethernet_Example\Project\Standalone\tcp_echo_client\MDK-ARM\Project.uvproj
Project File Date:  06/15/2018

<h2>Output:</h2>
*** Using Compiler 'V5.06 update 5 (build 528)', folder: 'C:\Keil_v5\ARM\ARMCC\Bin'
*** Warning: Using Microlib and C++ file(s) might cause the linker to fail !
  
Rebuild target 'Discover-More'
compiling system_stm32f4xx.c...
compiling 25lc256.cpp...
compiling function.cpp...
compiling stm32f4x7_eth_bsp.c...
compiling tcp_echoclient.c...
..\src\tcp_echoclient.c(190): warning:  #177-D: variable "i"  was declared but never referenced
  	char i;
..\src\tcp_echoclient.c: 1 warning, 0 errors
compiling AT_Command.cpp...
compiling stm32f4xx_it.c...
..\inc\tcp_echoclient.h(32): warning:  #1295-D: Deprecated declaration get_tcp_pcb - give arg types
  struct tcp_pcb* get_tcp_pcb();
..\src\stm32f4xx_it.c: 1 warning, 0 errors
compiling netconf.c...
compiling main.c...
..\inc\tcp_echoclient.h(32): warning:  #1295-D: Deprecated declaration get_tcp_pcb - give arg types
  struct tcp_pcb* get_tcp_pcb();
..\src\main.c(96): warning:  #177-D: variable "temp"  was declared but never referenced
  	char temp[4];
..\src\main.c(97): warning:  #177-D: variable "i"  was declared but never referenced
  	char i;
..\src\main.c: 3 warnings, 0 errors
compiling U_Print.cpp...
compiling stm32f4xx_usart.c...
compiling misc.c...
compiling stm32f4_discovery.c...
compiling stm32f4xx_adc.c...
compiling stm32f4xx_dma.c...
compiling stm32f4_discovery_lcd.c...
compiling stm32f4xx_exti.c...
compiling stm32f4xx_fsmc.c...
compiling stm32f4xx_gpio.c...
compiling stm32f4xx_sdio.c...
compiling stm32f4xx_syscfg.c...
compiling stm32f4xx_spi.c...
compiling stm32f4xx_rcc.c...
compiling stm32f4xx_wwdg.c...
compiling stm32f4xx_tim.c...
compiling api_msg.c...
compiling err.c...
compiling api_lib.c...
compiling netbuf.c...
compiling netdb.c...
compiling sockets.c...
compiling tcpip.c...
compiling netifapi.c...
compiling dhcp.c...
compiling stm32f4xx_iwdg.c...
compiling dns.c...
compiling init.c...
compiling netif.c...
compiling memp.c...
compiling pbuf.c...
compiling mem.c...
..\..\..\..\Utilities\lwip_v1.3.2\src\core\mem.c(184): warning:  #550-D: variable "mem_sem"  was set but never used
  static sys_sem_t mem_sem;
..\..\..\..\Utilities\lwip_v1.3.2\src\core\mem.c: 1 warning, 0 errors
compiling stm32f4x7_eth.c...
compiling ethernetif.c...
compiling stats.c...
compiling raw.c...
compiling sys.c...
compiling tcp.c...
compiling tcp_in.c...
compiling igmp.c...
compiling autoip.c...
compiling udp.c...
compiling inet.c...
compiling tcp_out.c...
..\..\..\..\Utilities\lwip_v1.3.2\src\core\tcp_out.c(465): warning:  #550-D: variable "tcphdr"  was set but never used
    struct tcp_hdr *tcphdr;
..\..\..\..\Utilities\lwip_v1.3.2\src\core\tcp_out.c(935): warning:  #550-D: variable "tcphdr"  was set but never used
    struct tcp_hdr *tcphdr;
..\..\..\..\Utilities\lwip_v1.3.2\src\core\tcp_out.c: 2 warnings, 0 errors
compiling icmp.c...
compiling inet_chksum.c...
compiling ip_addr.c...
compiling ip.c...
assembling startup_stm32f4xx.s...
compiling slipif.c...
compiling loopif.c...
compiling ip_frag.c...
compiling etharp.c...
linking...
Program Size: Code=43484 RO-data=5264 RW-data=348 ZI-data=85476  
FromELF: creating hex file...
".\Discover-More\Project.axf" - 0 Error(s), 8 Warning(s).
Build Time Elapsed:  00:00:11
</pre>
</body>
</html>
