Component: ARM Compiler 5.06 update 5 (build 528) Tool: armlink [4d35e2]

==============================================================================

Section Cross References

    main.o(.text) refers to stm32f4xx_gpio.o(.text) for GPIO_ReadInputDataBit
    main.o(.text) refers to stm32f4_discovery_lcd.o(.text) for STM32f4_Discovery_LCD_Init
    main.o(.text) refers to stm32f4_discovery.o(.text) for STM_EVAL_PBInit
    main.o(.text) refers to 25lc256.o(.text) for EEPROM_readByte
    main.o(.text) refers to stm32f4x7_eth_bsp.o(.text) for ETH_BSP_Config
    main.o(.text) refers to netconf.o(.text) for LwIP_Init
    main.o(.text) refers to stm32f4x7_eth.o(.text) for ETH_CheckFrameReceived
    main.o(.text) refers to tcp_echoclient.o(.text) for tcp_echoclient_connect
    main.o(.text) refers to tcp_out.o(.text) for tcp_write
    main.o(.text) refers to at_command.o(.text) for CheckAT
    main.o(.text) refers to main.o(.data) for .data
    system_stm32f4xx.o(.text) refers to system_stm32f4xx.o(.data) for .data
    stm32f4xx_it.o(.text) refers to main.o(.text) for Time_Update
    stm32f4xx_it.o(.text) refers to stm32f4xx_exti.o(.text) for EXTI_GetITStatus
    tcp_echoclient.o(.text) refers to tcp.o(.text) for tcp_recv
    tcp_echoclient.o(.text) refers to mem.o(.text) for mem_free
    tcp_echoclient.o(.text) refers to tcp_out.o(.text) for tcp_write
    tcp_echoclient.o(.text) refers to pbuf.o(.text) for pbuf_ref
    tcp_echoclient.o(.text) refers to printfa.o(i.__0sprintf) for __2sprintf
    tcp_echoclient.o(.text) refers to strlen.o(.text) for strlen
    tcp_echoclient.o(.text) refers to inet.o(.text) for htonl
    tcp_echoclient.o(.text) refers to tcp_echoclient.o(.data) for .data
    tcp_echoclient.o(.text) refers to tcp_echoclient.o(.bss) for .bss
    netconf.o(.text) refers to mem.o(.text) for mem_init
    netconf.o(.text) refers to memp.o(.text) for memp_init
    netconf.o(.text) refers to netif.o(.text) for netif_add
    netconf.o(.text) refers to ethernetif.o(.text) for ethernetif_input
    netconf.o(.text) refers to dhcp.o(.text) for dhcp_stop
    netconf.o(.text) refers to printfa.o(i.__0sprintf) for __2sprintf
    netconf.o(.text) refers to stm32f4_discovery_lcd.o(.text) for LCD_GetFont
    netconf.o(.text) refers to inet.o(.text) for htonl
    netconf.o(.text) refers to tcp.o(.text) for tcp_tmr
    netconf.o(.text) refers to etharp.o(.text) for etharp_tmr
    netconf.o(.text) refers to netconf.o(.bss) for .bss
    netconf.o(.text) refers to netconf.o(.data) for .data
    stm32f4x7_eth_bsp.o(.text) refers to stm32f4xx_rcc.o(.text) for RCC_AHB1PeriphClockCmd
    stm32f4x7_eth_bsp.o(.text) refers to stm32f4x7_eth.o(.text) for ETH_DeInit
    stm32f4x7_eth_bsp.o(.text) refers to stm32f4xx_syscfg.o(.text) for SYSCFG_ETH_MediaInterfaceConfig
    stm32f4x7_eth_bsp.o(.text) refers to stm32f4xx_gpio.o(.text) for GPIO_Init
    stm32f4x7_eth_bsp.o(.text) refers to misc.o(.text) for SysTick_CLKSourceConfig
    stm32f4x7_eth_bsp.o(.text) refers to stm32f4_discovery_lcd.o(.text) for LCD_SetTextColor
    stm32f4x7_eth_bsp.o(.text) refers to stm32f4x7_eth_bsp.o(.data) for .data
    function.o(.text) refers to stm32f4xx_gpio.o(.text) for GPIO_SetBits
    function.o(.text) refers to array_new.o(i._Znaj) for operator new[] (unsigned)
    function.o(.text) refers to 25lc256.o(.text) for EEPROM_readByte
    function.o(.text) refers to strstr.o(.text) for strstr
    function.o(.text) refers to u_print.o(.text) for U_Print_Char
    function.o(.text) refers to strcmp.o(.text) for strcmp
    function.o(.text) refers to main.o(.data) for quantity
    function.o(.text) refers to main.o(.data) for time
    function.o(.ARM.exidx) refers to function.o(.text) for .text
    25lc256.o(.text) refers to stm32f4xx_spi.o(.text) for SPI_I2S_GetFlagStatus
    25lc256.o(.text) refers to stm32f4xx_gpio.o(.text) for GPIO_ResetBits
    25lc256.o(.ARM.exidx) refers to 25lc256.o(.text) for .text
    at_command.o(.text) refers to at_command.o(i._ZSt6strstrPcPKc) for std::strstr(char*, const char*)
    at_command.o(.ARM.exidx) refers to at_command.o(.text) for .text
    u_print.o(.text) refers to memseta.o(.text) for __aeabi_memclr4
    u_print.o(.text) refers to printfa.o(i.__0sprintf) for __2sprintf
    u_print.o(.text) refers to stm32f4xx_usart.o(.text) for USART_GetFlagStatus
    u_print.o(.text) refers to f2d.o(.text) for __aeabi_f2d
    u_print.o(.ARM.exidx) refers to u_print.o(.text) for .text
    stm32f4_discovery_lcd.o(.text) refers to stm32f4xx_fsmc.o(.text) for FSMC_NORSRAMCmd
    stm32f4_discovery_lcd.o(.text) refers to stm32f4xx_gpio.o(.text) for GPIO_Init
    stm32f4_discovery_lcd.o(.text) refers to stm32f4xx_rcc.o(.text) for RCC_AHB1PeriphClockCmd
    stm32f4_discovery_lcd.o(.text) refers to stm32f4_discovery_lcd.o(.data) for .data
    stm32f4_discovery_lcd.o(.text) refers to dfltui.o(.text) for __aeabi_ui2d
    stm32f4_discovery_lcd.o(.text) refers to dflti.o(.text) for __aeabi_i2d
[...]
    _printf_u                                0x00000000   Number         0  stubs.o ABSOLUTE
    _printf_wc                               0x00000000   Number         0  stubs.o ABSOLUTE
    _printf_wctomb                           0x00000000   Number         0  stubs.o ABSOLUTE
    _printf_widthprec                        0x00000000   Number         0  stubs.o ABSOLUTE
    _printf_x                                0x00000000   Number         0  stubs.o ABSOLUTE
    SHT$$ARM_EXIDX$$Base                      - Undefined Reference
    SHT$$ARM_EXIDX$$Limit                     - Undefined Reference
    __ARM::default_unexpected_handler()       - Undefined Weak Reference
    __ARM_exceptions_buffer_required          - Undefined Weak Reference
    __aeabi_unwind_cpp_pr1                    - Undefined Weak Reference
    __aeabi_unwind_cpp_pr2                    - Undefined Weak Reference
    __cpp_initialize__aeabi_                  - Undefined Weak Reference
    __cxa_begin_cleanup                       - Undefined Weak Reference
    __cxa_finalize                            - Undefined Weak Reference
    __cxa_type_match                          - Undefined Weak Reference
    _clock_init                               - Undefined Weak Reference
    _microlib_exit                            - Undefined Weak Reference
    __Vectors_Size                           0x00000188   Number         0  startup_stm32f4xx.o ABSOLUTE
    __Vectors                                0x08000000   Data           4  startup_stm32f4xx.o(RESET)
    __Vectors_End                            0x08000188   Data           0  startup_stm32f4xx.o(RESET)
    __main                                   0x08000189   Thumb Code     0  entry.o(.ARM.Collect$$$$00000000)
    _main_stk                                0x08000189   Thumb Code     0  entry2.o(.ARM.Collect$$$$00000001)
    _main_scatterload                        0x0800018d   Thumb Code     0  entry5.o(.ARM.Collect$$$$00000004)
    __main_after_scatterload                 0x08000191   Thumb Code     0  entry5.o(.ARM.Collect$$$$00000004)
    _main_clock                              0x08000191   Thumb Code     0  entry7b.o(.ARM.Collect$$$$00000008)
    _main_cpp_init                           0x08000191   Thumb Code     0  entry8b.o(.ARM.Collect$$$$0000000A)
    _main_init                               0x08000191   Thumb Code     0  entry9a.o(.ARM.Collect$$$$0000000B)
    __rt_final_cpp                           0x08000199   Thumb Code     0  entry10a.o(.ARM.Collect$$$$0000000D)
    __rt_final_exit                          0x08000199   Thumb Code     0  entry11a.o(.ARM.Collect$$$$0000000F)
    Button_State                             0x0800019d   Thumb Code    68  main.o(.text)
    LCD_LED_BUTTON_Init                      0x080001e1   Thumb Code    98  main.o(.text)
    main                                     0x08000243   Thumb Code    90  main.o(.text)
    Delay                                    0x0800029d   Thumb Code    16  main.o(.text)
    Time_Update                              0x080002ad   Thumb Code    10  main.o(.text)
    SystemInit                               0x080003d1   Thumb Code    62  system_stm32f4xx.o(.text)
    SystemCoreClockUpdate                    0x0800040f   Thumb Code   122  system_stm32f4xx.o(.text)
    NMI_Handler                              0x080004ad   Thumb Code     2  stm32f4xx_it.o(.text)
    HardFault_Handler                        0x080004af   Thumb Code     2  stm32f4xx_it.o(.text)
    MemManage_Handler                        0x080004b1   Thumb Code     2  stm32f4xx_it.o(.text)
    BusFault_Handler                         0x080004b3   Thumb Code     2  stm32f4xx_it.o(.text)
    UsageFault_Handler                       0x080004b5   Thumb Code     2  stm32f4xx_it.o(.text)
    SVC_Handler                              0x080004b7   Thumb Code     2  stm32f4xx_it.o(.text)
    DebugMon_Handler                         0x080004b9   Thumb Code     2  stm32f4xx_it.o(.text)
    PendSV_Handler                           0x080004bb   Thumb Code     2  stm32f4xx_it.o(.text)
    SysTick_Handler                          0x080004bd   Thumb Code     4  stm32f4xx_it.o(.text)
    EXTI0_IRQHandler                         0x080004c1   Thumb Code    24  stm32f4xx_it.o(.text)
    get_tcp_pcb                              0x080004d9   Thumb Code     6  tcp_echoclient.o(.text)
    get_data                                 0x080004df   Thumb Code     6  tcp_echoclient.o(.text)
    clear_data                               0x080004e5   Thumb Code     8  tcp_echoclient.o(.text)
    tcp_echoclient_connect                   0x080006d1   Thumb Code    64  tcp_echoclient.o(.text)
    LwIP_Init                                0x0800074d   Thumb Code    58  netconf.o(.text)
    LwIP_Pkt_Handle                          0x08000787   Thumb Code     6  netconf.o(.text)
    LwIP_DHCP_Process_Handle                 0x0800078d   Thumb Code   452  netconf.o(.text)
    LwIP_Periodic_Handle                     0x08000951   Thumb Code   106  netconf.o(.text)
    ETH_BSP_Config                           0x08000c1f   Thumb Code   122  stm32f4x7_eth_bsp.o(.text)
    SPI_ReadWrite                            0x08000cd9   Thumb Code    48  25lc256.o(.text)
    SPI_Write_Reg                            0x08000d09   Thumb Code    52  25lc256.o(.text)
    SPI_Read_Reg                             0x08000d3d   Thumb Code    52  25lc256.o(.text)
    EEPROM_writeEnable                       0x08000d71   Thumb Code    34  25lc256.o(.text)
    EEPROM_readStatus                        0x08000d93   Thumb Code    42  25lc256.o(.text)
    EEPROM_send16BitAddress                  0x08000dbd   Thumb Code    18  25lc256.o(.text)
    EEPROM_readByte                          0x08000dcf   Thumb Code    50  25lc256.o(.text)
    EEPROM_readWord                          0x08000e01   Thumb Code    66  25lc256.o(.text)
    EEPROM_writeByte                         0x08000e43   Thumb Code    58  25lc256.o(.text)
    EEPROM_writeWord                         0x08000e7d   Thumb Code    64  25lc256.o(.text)
    EEPROM_clearAll                          0x08000ebd   Thumb Code    80  25lc256.o(.text)
    CheckAT                                  0x08000f15   Thumb Code   134  at_command.o(.text)
    Check_ID                                 0x08000f9b   Thumb Code    18  at_command.o(.text)
    Check_Door                               0x08000fad   Thumb Code    38  at_command.o(.text)
    LCD_DisplayOff                           0x0800104d   Thumb Code     2  stm32f4_discovery_lcd.o(.text)
    LCD_DeInit                               0x0800104f   Thumb Code   544  stm32f4_discovery_lcd.o(.text)
    LCD_CtrlLinesConfig                      0x0800126f   Thumb Code   356  stm32f4_discovery_lcd.o(.text)
    LCD_FSMCConfig                           0x080013d3   Thumb Code    86  stm32f4_discovery_lcd.o(.text)
    LCD_SetFont                              0x08001429   Thumb Code     6  stm32f4_discovery_lcd.o(.text)
    LCD_WriteRAM                             0x0800142f   Thumb Code     6  stm32f4_discovery_lcd.o(.text)
    LCD_WriteReg                             0x08001435   Thumb Code    12  stm32f4_discovery_lcd.o(.text)
    STM32f4_Discovery_LCD_Init               0x08001479   Thumb Code   342  stm32f4_discovery_lcd.o(.text)
    LCD_SetCursor                            0x080015cf   Thumb Code    22  stm32f4_discovery_lcd.o(.text)
    LCD_ReadReg                              0x080015e5   Thumb Code    12  stm32f4_discovery_lcd.o(.text)
    LCD_WriteRAM_Prepare                     0x080015f1   Thumb Code    10  stm32f4_discovery_lcd.o(.text)
    LCD_ReadRAM                              0x080015fb   Thumb Code     6  stm32f4_discovery_lcd.o(.text)
    LCD_RGB_Test                             0x08001601   Thumb Code    70  stm32f4_discovery_lcd.o(.text)
    LCD_SetColors                            0x08001647   Thumb Code    20  stm32f4_discovery_lcd.o(.text)
    LCD_GetColors                            0x0800165b   Thumb Code    14  stm32f4_discovery_lcd.o(.text)
    LCD_SetTextColor                         0x08001669   Thumb Code    14  stm32f4_discovery_lcd.o(.text)
    LCD_SetBackColor                         0x08001677   Thumb Code    14  stm32f4_discovery_lcd.o(.text)
    LCD_DisplayOn                            0x08001685   Thumb Code     2  stm32f4_discovery_lcd.o(.text)
    LCD_GetFont                              0x08001687   Thumb Code     8  stm32f4_discovery_lcd.o(.text)
    LCD_DrawChar                             0x0800168f   Thumb Code   122  stm32f4_discovery_lcd.o(.text)
    LCD_DisplayChar                          0x08001709   Thumb Code    26  stm32f4_discovery_lcd.o(.text)
    LCD_ClearLine                            0x08001723   Thumb Code    38  stm32f4_discovery_lcd.o(.text)
    LCD_Clear                                0x08001749   Thumb Code    34  stm32f4_discovery_lcd.o(.text)
    LCD_DrawLine                             0x0800176b   Thumb Code    84  stm32f4_discovery_lcd.o(.text)
    LCD_DisplayStringLine                    0x080017d9   Thumb Code    50  stm32f4_discovery_lcd.o(.text)
    LCD_SetDisplayWindow                     0x0800180b   Thumb Code    78  stm32f4_discovery_lcd.o(.text)
    LCD_WindowModeDisable                    0x08001859   Thumb Code     2  stm32f4_discovery_lcd.o(.text)
    LCD_DrawRect                             0x0800185b   Thumb Code    80  stm32f4_discovery_lcd.o(.text)
    LCD_DrawCircle                           0x080018ab   Thumb Code   262  stm32f4_discovery_lcd.o(.text)
    LCD_DrawMonoPict                         0x080019b1   Thumb Code    70  stm32f4_discovery_lcd.o(.text)
    LCD_WriteBMP                             0x080019f7   Thumb Code     2  stm32f4_discovery_lcd.o(.text)
    LCD_DrawFullRect                         0x080019f9   Thumb Code   128  stm32f4_discovery_lcd.o(.text)
    LCD_DrawFullCircle                       0x08001a79   Thumb Code   168  stm32f4_discovery_lcd.o(.text)
    LCD_DrawUniLine                          0x08001b21   Thumb Code   184  stm32f4_discovery_lcd.o(.text)
    LCD_PolyLine                             0x08001bd9   Thumb Code    40  stm32f4_discovery_lcd.o(.text)
    LCD_ClosedPolyLine                       0x08001c61   Thumb Code    34  stm32f4_discovery_lcd.o(.text)
    LCD_PolyLineRelative                     0x08001c83   Thumb Code     4  stm32f4_discovery_lcd.o(.text)
    LCD_ClosedPolyLineRelative               0x08001c87   Thumb Code     4  stm32f4_discovery_lcd.o(.text)
    LCD_FillPolyLine                         0x08001c8b   Thumb Code   458  stm32f4_discovery_lcd.o(.text)
    STM_EVAL_LEDInit                         0x08001e59   Thumb Code    62  stm32f4_discovery.o(.text)
    STM_EVAL_LEDOn                           0x08001e97   Thumb Code    18  stm32f4_discovery.o(.text)
    STM_EVAL_LEDOff                          0x08001ea9   Thumb Code    18  stm32f4_discovery.o(.text)
    STM_EVAL_LEDToggle                       0x08001ebb   Thumb Code    22  stm32f4_discovery.o(.text)
    STM_EVAL_PBInit                          0x08001ed1   Thumb Code   148  stm32f4_discovery.o(.text)
    STM_EVAL_PBGetState                      0x08001f65   Thumb Code    20  stm32f4_discovery.o(.text)
    STM_EVAL_COMInit                         0x08001f79   Thumb Code   192  stm32f4_discovery.o(.text)
    SD_LowLevel_DeInit                       0x08002039   Thumb Code   142  stm32f4_discovery.o(.text)
    SD_LowLevel_Init                         0x080020c7   Thumb Code   178  stm32f4_discovery.o(.text)
    SD_LowLevel_DMA_TxConfig                 0x08002179   Thumb Code   128  stm32f4_discovery.o(.text)
    SD_LowLevel_DMA_RxConfig                 0x080021f9   Thumb Code   156  stm32f4_discovery.o(.text)
    USART_DeInit                             0x08002295   Thumb Code   168  stm32f4xx_usart.o(.text)
    USART_Init                               0x0800233d   Thumb Code   180  stm32f4xx_usart.o(.text)
    USART_StructInit                         0x080023f1   Thumb Code    22  stm32f4xx_usart.o(.text)
    USART_ClockInit                          0x08002407   Thumb Code    28  stm32f4xx_usart.o(.text)
    USART_ClockStructInit                    0x08002423   Thumb Code    12  stm32f4xx_usart.o(.text)
    USART_Cmd                                0x0800242f   Thumb Code    24  stm32f4xx_usart.o(.text)
    USART_SetPrescaler                       0x08002447   Thumb Code    16  stm32f4xx_usart.o(.text)
    USART_OverSampling8Cmd                   0x08002457   Thumb Code    24  stm32f4xx_usart.o(.text)
    USART_OneBitMethodCmd                    0x0800246f   Thumb Code    24  stm32f4xx_usart.o(.text)
    USART_SendData                           0x08002487   Thumb Code     8  stm32f4xx_usart.o(.text)
    USART_ReceiveData                        0x0800248f   Thumb Code     8  stm32f4xx_usart.o(.text)
    USART_SetAddress                         0x08002497   Thumb Code    16  stm32f4xx_usart.o(.text)
    USART_ReceiverWakeUpCmd                  0x080024a7   Thumb Code    24  stm32f4xx_usart.o(.text)
    USART_WakeUpConfig                       0x080024bf   Thumb Code    16  stm32f4xx_usart.o(.text)
    USART_LINBreakDetectLengthConfig         0x080024cf   Thumb Code    16  stm32f4xx_usart.o(.text)
    USART_LINCmd                             0x080024df   Thumb Code    24  stm32f4xx_usart.o(.text)
    USART_SendBreak                          0x080024f7   Thumb Code    10  stm32f4xx_usart.o(.text)
    USART_HalfDuplexCmd                      0x08002501   Thumb Code    24  stm32f4xx_usart.o(.text)
    USART_SetGuardTime                       0x08002519   Thumb Code    16  stm32f4xx_usart.o(.text)
    USART_SmartCardCmd                       0x08002529   Thumb Code    24  stm32f4xx_usart.o(.text)
    USART_SmartCardNACKCmd                   0x08002541   Thumb Code    24  stm32f4xx_usart.o(.text)
    USART_IrDAConfig                         0x08002559   Thumb Code    16  stm32f4xx_usart.o(.text)
    USART_IrDACmd                            0x08002569   Thumb Code    24  stm32f4xx_usart.o(.text)
    USART_DMACmd                             0x08002581   Thumb Code    20  stm32f4xx_usart.o(.text)
    USART_ITConfig                           0x08002595   Thumb Code    54  stm32f4xx_usart.o(.text)
    USART_GetFlagStatus                      0x080025cb   Thumb Code    14  stm32f4xx_usart.o(.text)
    USART_ClearFlag                          0x080025d9   Thumb Code     8  stm32f4xx_usart.o(.text)
    USART_GetITStatus                        0x080025e1   Thumb Code    64  stm32f4xx_usart.o(.text)
    USART_ClearITPendingBit                  0x08002621   Thumb Code    16  stm32f4xx_usart.o(.text)
    NVIC_PriorityGroupConfig                 0x08002649   Thumb Code    10  misc.o(.text)
    NVIC_Init                                0x08002653   Thumb Code    98  misc.o(.text)
    NVIC_SetVectorTable                      0x080026b5   Thumb Code    14  misc.o(.text)
    NVIC_SystemLPConfig                      0x080026c3   Thumb Code    24  misc.o(.text)
    SysTick_CLKSourceConfig                  0x080026db   Thumb Code    28  misc.o(.text)
    DMA_DeInit                               0x08002705   Thumb Code   278  stm32f4xx_dma.o(.text)
    DMA_Init                                 0x0800281b   Thumb Code    80  stm32f4xx_dma.o(.text)
    DMA_StructInit                           0x0800286b   Thumb Code    34  stm32f4xx_dma.o(.text)
    DMA_Cmd                                  0x0800288d   Thumb Code    24  stm32f4xx_dma.o(.text)
    DMA_PeriphIncOffsetSizeConfig            0x080028a5   Thumb Code    24  stm32f4xx_dma.o(.text)
    DMA_FlowControllerConfig                 0x080028bd   Thumb Code    24  stm32f4xx_dma.o(.text)
    DMA_SetCurrDataCounter                   0x080028d5   Thumb Code     4  stm32f4xx_dma.o(.text)
    DMA_GetCurrDataCounter                   0x080028d9   Thumb Code     6  stm32f4xx_dma.o(.text)
    DMA_DoubleBufferModeConfig               0x080028df   Thumb Code    26  stm32f4xx_dma.o(.text)
    DMA_DoubleBufferModeCmd                  0x080028f9   Thumb Code    24  stm32f4xx_dma.o(.text)
    DMA_MemoryTargetConfig                   0x08002911   Thumb Code    12  stm32f4xx_dma.o(.text)
    DMA_GetCurrentMemoryTarget               0x0800291d   Thumb Code    14  stm32f4xx_dma.o(.text)
    DMA_GetCmdStatus                         0x0800292b   Thumb Code    14  stm32f4xx_dma.o(.text)
    DMA_GetFIFOStatus                        0x08002939   Thumb Code     8  stm32f4xx_dma.o(.text)
    DMA_GetFlagStatus                        0x08002941   Thumb Code    42  stm32f4xx_dma.o(.text)
    DMA_ClearFlag                            0x0800296b   Thumb Code    34  stm32f4xx_dma.o(.text)
    DMA_ITConfig                             0x0800298d   Thumb Code    50  stm32f4xx_dma.o(.text)
    DMA_GetITStatus                          0x080029bf   Thumb Code    70  stm32f4xx_dma.o(.text)
    DMA_ClearITPendingBit                    0x08002a05   Thumb Code    34  stm32f4xx_dma.o(.text)
    EXTI_DeInit                              0x08002a49   Thumb Code    28  stm32f4xx_exti.o(.text)
    EXTI_Init                                0x08002a65   Thumb Code   110  stm32f4xx_exti.o(.text)
    EXTI_StructInit                          0x08002ad3   Thumb Code    14  stm32f4xx_exti.o(.text)
    EXTI_GenerateSWInterrupt                 0x08002ae1   Thumb Code    12  stm32f4xx_exti.o(.text)
    EXTI_GetFlagStatus                       0x08002aed   Thumb Code    18  stm32f4xx_exti.o(.text)
    EXTI_ClearFlag                           0x08002aff   Thumb Code     8  stm32f4xx_exti.o(.text)
    EXTI_GetITStatus                         0x08002b07   Thumb Code    28  stm32f4xx_exti.o(.text)
    EXTI_ClearITPendingBit                   0x08002b23   Thumb Code     8  stm32f4xx_exti.o(.text)
    FSMC_NORSRAMDeInit                       0x08002b35   Thumb Code    48  stm32f4xx_fsmc.o(.text)
    FSMC_NORSRAMInit                         0x08002b65   Thumb Code   202  stm32f4xx_fsmc.o(.text)
    FSMC_NORSRAMStructInit                   0x08002c2f   Thumb Code    98  stm32f4xx_fsmc.o(.text)
    FSMC_NORSRAMCmd                          0x08002c91   Thumb Code    30  stm32f4xx_fsmc.o(.text)
    FSMC_NANDDeInit                          0x08002caf   Thumb Code    40  stm32f4xx_fsmc.o(.text)
    FSMC_NANDInit                            0x08002cd7   Thumb Code   104  stm32f4xx_fsmc.o(.text)
    FSMC_NANDStructInit                      0x08002d3f   Thumb Code    54  stm32f4xx_fsmc.o(.text)
    FSMC_NANDCmd                             0x08002d75   Thumb Code    60  stm32f4xx_fsmc.o(.text)
    FSMC_NANDECCCmd                          0x08002db1   Thumb Code    60  stm32f4xx_fsmc.o(.text)
    FSMC_GetECC                              0x08002ded   Thumb Code    18  stm32f4xx_fsmc.o(.text)
    FSMC_PCCARDDeInit                        0x08002dff   Thumb Code    22  stm32f4xx_fsmc.o(.text)
    FSMC_PCCARDInit                          0x08002e15   Thumb Code    98  stm32f4xx_fsmc.o(.text)
    FSMC_PCCARDStructInit                    0x08002e77   Thumb Code    60  stm32f4xx_fsmc.o(.text)
    FSMC_PCCARDCmd                           0x08002eb3   Thumb Code    34  stm32f4xx_fsmc.o(.text)
    FSMC_ITConfig                            0x08002ed5   Thumb Code    86  stm32f4xx_fsmc.o(.text)
    FSMC_GetFlagStatus                       0x08002f2b   Thumb Code    40  stm32f4xx_fsmc.o(.text)
    FSMC_ClearFlag                           0x08002f53   Thumb Code    42  stm32f4xx_fsmc.o(.text)
    FSMC_GetITStatus                         0x08002f7d   Thumb Code    52  stm32f4xx_fsmc.o(.text)
    FSMC_ClearITPendingBit                   0x08002fb1   Thumb Code    48  stm32f4xx_fsmc.o(.text)
    GPIO_DeInit                              0x08002fe9   Thumb Code   240  stm32f4xx_gpio.o(.text)
    GPIO_Init                                0x080030d9   Thumb Code   124  stm32f4xx_gpio.o(.text)
    GPIO_StructInit                          0x08003155   Thumb Code    18  stm32f4xx_gpio.o(.text)
    GPIO_PinLockConfig                       0x08003167   Thumb Code    26  stm32f4xx_gpio.o(.text)
    GPIO_ReadInputDataBit                    0x08003181   Thumb Code    14  stm32f4xx_gpio.o(.text)
    GPIO_ReadInputData                       0x0800318f   Thumb Code     6  stm32f4xx_gpio.o(.text)
    GPIO_ReadOutputDataBit                   0x08003195   Thumb Code    14  stm32f4xx_gpio.o(.text)
    GPIO_ReadOutputData                      0x080031a3   Thumb Code     6  stm32f4xx_gpio.o(.text)
    GPIO_SetBits                             0x080031a9   Thumb Code     4  stm32f4xx_gpio.o(.text)
    GPIO_ResetBits                           0x080031ad   Thumb Code     4  stm32f4xx_gpio.o(.text)
    GPIO_WriteBit                            0x080031b1   Thumb Code    12  stm32f4xx_gpio.o(.text)
    GPIO_Write                               0x080031bd   Thumb Code     4  stm32f4xx_gpio.o(.text)
    GPIO_ToggleBits                          0x080031c1   Thumb Code     8  stm32f4xx_gpio.o(.text)
    GPIO_PinAFConfig                         0x080031c9   Thumb Code    32  stm32f4xx_gpio.o(.text)
    RCC_DeInit                               0x0800320d   Thumb Code    48  stm32f4xx_rcc.o(.text)
    RCC_HSEConfig                            0x0800323d   Thumb Code    12  stm32f4xx_rcc.o(.text)
    RCC_GetFlagStatus                        0x08003249   Thumb Code    50  stm32f4xx_rcc.o(.text)
    RCC_WaitForHSEStartUp                    0x0800327b   Thumb Code    48  stm32f4xx_rcc.o(.text)
    RCC_AdjustHSICalibrationValue            0x080032ab   Thumb Code    16  stm32f4xx_rcc.o(.text)
    RCC_HSICmd                               0x080032bb   Thumb Code     6  stm32f4xx_rcc.o(.text)
    RCC_LSEConfig                            0x080032c1   Thumb Code    30  stm32f4xx_rcc.o(.text)
    RCC_LSICmd                               0x080032df   Thumb Code     6  stm32f4xx_rcc.o(.text)
    RCC_PLLConfig                            0x080032e5   Thumb Code    34  stm32f4xx_rcc.o(.text)
    RCC_PLLCmd                               0x08003307   Thumb Code     6  stm32f4xx_rcc.o(.text)
    RCC_PLLI2SConfig                         0x0800330d   Thumb Code    14  stm32f4xx_rcc.o(.text)
    RCC_PLLI2SCmd                            0x0800331b   Thumb Code     6  stm32f4xx_rcc.o(.text)
    RCC_ClockSecuritySystemCmd               0x08003321   Thumb Code     6  stm32f4xx_rcc.o(.text)
    RCC_MCO1Config                           0x08003327   Thumb Code    18  stm32f4xx_rcc.o(.text)
    RCC_MCO2Config                           0x08003339   Thumb Code    18  stm32f4xx_rcc.o(.text)
    RCC_SYSCLKConfig                         0x0800334b   Thumb Code    16  stm32f4xx_rcc.o(.text)
    RCC_GetSYSCLKSource                      0x0800335b   Thumb Code    12  stm32f4xx_rcc.o(.text)
    RCC_HCLKConfig                           0x08003367   Thumb Code    16  stm32f4xx_rcc.o(.text)
    RCC_PCLK1Config                          0x08003377   Thumb Code    16  stm32f4xx_rcc.o(.text)
    RCC_PCLK2Config                          0x08003387   Thumb Code    18  stm32f4xx_rcc.o(.text)
    RCC_GetClocksFreq                        0x08003399   Thumb Code   150  stm32f4xx_rcc.o(.text)
    RCC_RTCCLKConfig                         0x0800342f   Thumb Code    42  stm32f4xx_rcc.o(.text)
    RCC_RTCCLKCmd                            0x08003459   Thumb Code     8  stm32f4xx_rcc.o(.text)
    RCC_BackupResetCmd                       0x08003461   Thumb Code     8  stm32f4xx_rcc.o(.text)
    RCC_I2SCLKConfig                         0x08003469   Thumb Code     6  stm32f4xx_rcc.o(.text)
    RCC_AHB1PeriphClockCmd                   0x0800346f   Thumb Code    24  stm32f4xx_rcc.o(.text)
    RCC_AHB2PeriphClockCmd                   0x08003487   Thumb Code    24  stm32f4xx_rcc.o(.text)
    RCC_AHB3PeriphClockCmd                   0x0800349f   Thumb Code    24  stm32f4xx_rcc.o(.text)
    RCC_APB1PeriphClockCmd                   0x080034b7   Thumb Code    24  stm32f4xx_rcc.o(.text)
    RCC_APB2PeriphClockCmd                   0x080034cf   Thumb Code    24  stm32f4xx_rcc.o(.text)
    RCC_AHB1PeriphResetCmd                   0x080034e7   Thumb Code    24  stm32f4xx_rcc.o(.text)
    RCC_AHB2PeriphResetCmd                   0x080034ff   Thumb Code    24  stm32f4xx_rcc.o(.text)
    RCC_AHB3PeriphResetCmd                   0x08003517   Thumb Code    24  stm32f4xx_rcc.o(.text)
    RCC_APB1PeriphResetCmd                   0x0800352f   Thumb Code    24  stm32f4xx_rcc.o(.text)
    RCC_APB2PeriphResetCmd                   0x08003547   Thumb Code    24  stm32f4xx_rcc.o(.text)
    RCC_AHB1PeriphClockLPModeCmd             0x0800355f   Thumb Code    24  stm32f4xx_rcc.o(.text)
    RCC_AHB2PeriphClockLPModeCmd             0x08003577   Thumb Code    24  stm32f4xx_rcc.o(.text)
    RCC_AHB3PeriphClockLPModeCmd             0x0800358f   Thumb Code    24  stm32f4xx_rcc.o(.text)
    RCC_APB1PeriphClockLPModeCmd             0x080035a7   Thumb Code    24  stm32f4xx_rcc.o(.text)
    RCC_APB2PeriphClockLPModeCmd             0x080035bf   Thumb Code    24  stm32f4xx_rcc.o(.text)
    RCC_ITConfig                             0x080035d7   Thumb Code    62  stm32f4xx_rcc.o(.text)
    RCC_ClearFlag                            0x08003615   Thumb Code    12  stm32f4xx_rcc.o(.text)
    RCC_GetITStatus                          0x08003621   Thumb Code    18  stm32f4xx_rcc.o(.text)
    RCC_ClearITPendingBit                    0x08003633   Thumb Code     8  stm32f4xx_rcc.o(.text)
    SDIO_DeInit                              0x08003641   Thumb Code    24  stm32f4xx_sdio.o(.text)
    SDIO_Init                                0x08003659   Thumb Code    40  stm32f4xx_sdio.o(.text)
    SDIO_StructInit                          0x08003681   Thumb Code    16  stm32f4xx_sdio.o(.text)
    SDIO_ClockCmd                            0x08003691   Thumb Code     6  stm32f4xx_sdio.o(.text)
    SDIO_SetPowerState                       0x08003697   Thumb Code     8  stm32f4xx_sdio.o(.text)
    SDIO_GetPowerState                       0x0800369f   Thumb Code    12  stm32f4xx_sdio.o(.text)
    SDIO_SendCommand                         0x080036ab   Thumb Code    38  stm32f4xx_sdio.o(.text)
    SDIO_CmdStructInit                       0x080036d1   Thumb Code    14  stm32f4xx_sdio.o(.text)
    SDIO_GetCommandResponse                  0x080036df   Thumb Code    10  stm32f4xx_sdio.o(.text)
    SDIO_GetResponse                         0x080036e9   Thumb Code    16  stm32f4xx_sdio.o(.text)
    SDIO_DataConfig                          0x080036f9   Thumb Code    44  stm32f4xx_sdio.o(.text)
    SDIO_DataStructInit                      0x08003725   Thumb Code    20  stm32f4xx_sdio.o(.text)
    SDIO_GetDataCounter                      0x08003739   Thumb Code     8  stm32f4xx_sdio.o(.text)
    SDIO_ReadData                            0x08003741   Thumb Code     8  stm32f4xx_sdio.o(.text)
    SDIO_WriteData                           0x08003749   Thumb Code     8  stm32f4xx_sdio.o(.text)
    SDIO_GetFIFOCount                        0x08003751   Thumb Code     8  stm32f4xx_sdio.o(.text)
    SDIO_StartSDIOReadWait                   0x08003759   Thumb Code     6  stm32f4xx_sdio.o(.text)
    SDIO_StopSDIOReadWait                    0x0800375f   Thumb Code     8  stm32f4xx_sdio.o(.text)
    SDIO_SetSDIOReadWaitMode                 0x08003767   Thumb Code     8  stm32f4xx_sdio.o(.text)
    SDIO_SetSDIOOperation                    0x0800376f   Thumb Code     8  stm32f4xx_sdio.o(.text)
    SDIO_SendSDIOSuspendCmd                  0x08003777   Thumb Code     6  stm32f4xx_sdio.o(.text)
    SDIO_CommandCompletionCmd                0x0800377d   Thumb Code     8  stm32f4xx_sdio.o(.text)
    SDIO_CEATAITCmd                          0x08003785   Thumb Code    12  stm32f4xx_sdio.o(.text)
    SDIO_SendCEATACmd                        0x08003791   Thumb Code     8  stm32f4xx_sdio.o(.text)
    SDIO_DMACmd                              0x08003799   Thumb Code     8  stm32f4xx_sdio.o(.text)
    SDIO_ITConfig                            0x080037a1   Thumb Code    24  stm32f4xx_sdio.o(.text)
    SDIO_GetFlagStatus                       0x080037b9   Thumb Code    18  stm32f4xx_sdio.o(.text)
    SDIO_ClearFlag                           0x080037cb   Thumb Code     8  stm32f4xx_sdio.o(.text)
    SDIO_GetITStatus                         0x080037d3   Thumb Code    18  stm32f4xx_sdio.o(.text)
    SDIO_ClearITPendingBit                   0x080037e5   Thumb Code     8  stm32f4xx_sdio.o(.text)
    SYSCFG_DeInit                            0x080037fd   Thumb Code    24  stm32f4xx_syscfg.o(.text)
    SYSCFG_MemoryRemapConfig                 0x08003815   Thumb Code     6  stm32f4xx_syscfg.o(.text)
    SYSCFG_EXTILineConfig                    0x0800381b   Thumb Code    38  stm32f4xx_syscfg.o(.text)
    SYSCFG_ETH_MediaInterfaceConfig          0x08003841   Thumb Code     6  stm32f4xx_syscfg.o(.text)
    SYSCFG_CompensationCellCmd               0x08003847   Thumb Code     6  stm32f4xx_syscfg.o(.text)
    SYSCFG_GetCompensationCellStatus         0x0800384d   Thumb Code    16  stm32f4xx_syscfg.o(.text)
    SPI_I2S_DeInit                           0x0800386d   Thumb Code    88  stm32f4xx_spi.o(.text)
    SPI_Init                                 0x080038c5   Thumb Code    56  stm32f4xx_spi.o(.text)
    I2S_Init                                 0x080038fd   Thumb Code   206  stm32f4xx_spi.o(.text)
    SPI_StructInit                           0x080039cb   Thumb Code    24  stm32f4xx_spi.o(.text)
    I2S_StructInit                           0x080039e3   Thumb Code    18  stm32f4xx_spi.o(.text)
    SPI_Cmd                                  0x080039f5   Thumb Code    24  stm32f4xx_spi.o(.text)
    I2S_Cmd                                  0x08003a0d   Thumb Code    24  stm32f4xx_spi.o(.text)
    SPI_DataSizeConfig                       0x08003a25   Thumb Code    16  stm32f4xx_spi.o(.text)
    SPI_BiDirectionalLineConfig              0x08003a35   Thumb Code    26  stm32f4xx_spi.o(.text)
    SPI_NSSInternalSoftwareConfig            0x08003a4f   Thumb Code    28  stm32f4xx_spi.o(.text)
    SPI_SSOutputCmd                          0x08003a6b   Thumb Code    24  stm32f4xx_spi.o(.text)
    SPI_TIModeCmd                            0x08003a83   Thumb Code    24  stm32f4xx_spi.o(.text)
    I2S_FullDuplexConfig                     0x08003a9b   Thumb Code    58  stm32f4xx_spi.o(.text)
    SPI_I2S_ReceiveData                      0x08003ad5   Thumb Code     4  stm32f4xx_spi.o(.text)
    SPI_I2S_SendData                         0x08003ad9   Thumb Code     4  stm32f4xx_spi.o(.text)
    SPI_CalculateCRC                         0x08003add   Thumb Code    24  stm32f4xx_spi.o(.text)
    SPI_TransmitCRC                          0x08003af5   Thumb Code    10  stm32f4xx_spi.o(.text)
    SPI_GetCRC                               0x08003aff   Thumb Code    12  stm32f4xx_spi.o(.text)
    SPI_GetCRCPolynomial                     0x08003b0b   Thumb Code     4  stm32f4xx_spi.o(.text)
    SPI_I2S_DMACmd                           0x08003b0f   Thumb Code    20  stm32f4xx_spi.o(.text)
    SPI_I2S_ITConfig                         0x08003b23   Thumb Code    28  stm32f4xx_spi.o(.text)
    SPI_I2S_GetFlagStatus                    0x08003b3f   Thumb Code    14  stm32f4xx_spi.o(.text)
    SPI_I2S_ClearFlag                        0x08003b4d   Thumb Code     6  stm32f4xx_spi.o(.text)
    SPI_I2S_GetITStatus                      0x08003b53   Thumb Code    44  stm32f4xx_spi.o(.text)
    SPI_I2S_ClearITPendingBit                0x08003b7f   Thumb Code    14  stm32f4xx_spi.o(.text)
    ETH_DeInit                               0x08003bb9   Thumb Code    24  stm32f4x7_eth.o(.text)
    ETH_StructInit                           0x08003bd1   Thumb Code   154  stm32f4x7_eth.o(.text)
    ETH_WritePHYRegister                     0x08003c6b   Thumb Code    80  stm32f4x7_eth.o(.text)
    ETH_ReadPHYRegister                      0x08003cbb   Thumb Code    80  stm32f4x7_eth.o(.text)
    ETH_Init                                 0x08003d0b   Thumb Code   560  stm32f4x7_eth.o(.text)
    ETH_DMAReceptionCmd                      0x08003f3b   Thumb Code    26  stm32f4x7_eth.o(.text)
    ETH_DMATransmissionCmd                   0x08003f55   Thumb Code    26  stm32f4x7_eth.o(.text)
    ETH_MACReceptionCmd                      0x08003f6f   Thumb Code    26  stm32f4x7_eth.o(.text)
    ETH_FlushTransmitFIFO                    0x08003f89   Thumb Code    12  stm32f4x7_eth.o(.text)
    ETH_MACTransmissionCmd                   0x08003f95   Thumb Code    26  stm32f4x7_eth.o(.text)
    ETH_Start                                0x08003faf   Thumb Code    32  stm32f4x7_eth.o(.text)
    ETH_GetFlowControlBusyStatus             0x08003fcf   Thumb Code    14  stm32f4x7_eth.o(.text)
    ETH_InitiatePauseControlFrame            0x08003fdd   Thumb Code    12  stm32f4x7_eth.o(.text)
    ETH_BackPressureActivationCmd            0x08003fe9   Thumb Code    26  stm32f4x7_eth.o(.text)
    ETH_GetMACFlagStatus                     0x08004003   Thumb Code    16  stm32f4x7_eth.o(.text)
    ETH_GetMACITStatus                       0x08004013   Thumb Code    16  stm32f4x7_eth.o(.text)
    ETH_MACITConfig                          0x08004023   Thumb Code    22  stm32f4x7_eth.o(.text)
    ETH_MACAddressConfig                     0x08004039   Thumb Code    96  stm32f4x7_eth.o(.text)
    ETH_GetMACAddress                        0x08004099   Thumb Code    30  stm32f4x7_eth.o(.text)
    ETH_MACAddressPerfectFilterCmd           0x080040b7   Thumb Code    28  stm32f4x7_eth.o(.text)
    ETH_MACAddressFilterConfig               0x080040d3   Thumb Code    28  stm32f4x7_eth.o(.text)
    ETH_MACAddressMaskBytesFilterConfig      0x080040ef   Thumb Code    20  stm32f4x7_eth.o(.text)
    ETH_Get_Received_Frame                   0x08004103   Thumb Code    56  stm32f4x7_eth.o(.text)
    ETH_Get_Received_Frame_interrupt         0x0800413b   Thumb Code   156  stm32f4x7_eth.o(.text)
    ETH_Prepare_Transmit_Descriptors         0x080041d7   Thumb Code   166  stm32f4x7_eth.o(.text)
    ETH_DMARxDescChainInit                   0x0800427d   Thumb Code    78  stm32f4x7_eth.o(.text)
    ETH_CheckFrameReceived                   0x080042cb   Thumb Code   100  stm32f4x7_eth.o(.text)
    ETH_DMATxDescChainInit                   0x0800432f   Thumb Code    62  stm32f4x7_eth.o(.text)
    ETH_GetDMATxDescFlagStatus               0x0800436d   Thumb Code    14  stm32f4x7_eth.o(.text)
    ETH_GetDMATxDescCollisionCount           0x0800437b   Thumb Code     8  stm32f4x7_eth.o(.text)
    ETH_SetDMATxDescOwnBit                   0x08004383   Thumb Code    10  stm32f4x7_eth.o(.text)
    ETH_DMATxDescTransmitITConfig            0x0800438d   Thumb Code    24  stm32f4x7_eth.o(.text)
    ETH_DMATxDescFrameSegmentConfig          0x080043a5   Thumb Code     8  stm32f4x7_eth.o(.text)
    ETH_DMATxDescChecksumInsertionConfig     0x080043ad   Thumb Code     8  stm32f4x7_eth.o(.text)
    ETH_DMATxDescCRCCmd                      0x080043b5   Thumb Code    24  stm32f4x7_eth.o(.text)
    ETH_DMATxDescSecondAddressChainedCmd     0x080043cd   Thumb Code    24  stm32f4x7_eth.o(.text)
    ETH_DMATxDescShortFramePaddingCmd        0x080043e5   Thumb Code    24  stm32f4x7_eth.o(.text)
    ETH_DMATxDescBufferSizeConfig            0x080043fd   Thumb Code    12  stm32f4x7_eth.o(.text)
    ETH_GetDMARxDescFlagStatus               0x08004409   Thumb Code    14  stm32f4x7_eth.o(.text)
    ETH_GetDMAPTPRxDescExtendedFlagStatus    0x08004417   Thumb Code    14  stm32f4x7_eth.o(.text)
    ETH_SetDMARxDescOwnBit                   0x08004425   Thumb Code    10  stm32f4x7_eth.o(.text)
    ETH_GetDMARxDescFrameLength              0x0800442f   Thumb Code     8  stm32f4x7_eth.o(.text)
    ETH_DMARxDescReceiveITConfig             0x08004437   Thumb Code    22  stm32f4x7_eth.o(.text)
    ETH_GetDMARxDescBufferSize               0x0800444d   Thumb Code    18  stm32f4x7_eth.o(.text)
    ETH_GetRxPktSize                         0x0800445f   Thumb Code    50  stm32f4x7_eth.o(.text)
    ETH_EnhancedDescriptorCmd                0x08004491   Thumb Code    26  stm32f4x7_eth.o(.text)
    ETH_SoftwareReset                        0x080044ab   Thumb Code    12  stm32f4x7_eth.o(.text)
    ETH_GetSoftwareResetStatus               0x080044b7   Thumb Code    14  stm32f4x7_eth.o(.text)
    ETH_GetDMAFlagStatus                     0x080044c5   Thumb Code    16  stm32f4x7_eth.o(.text)
    ETH_DMAClearFlag                         0x080044d5   Thumb Code     6  stm32f4x7_eth.o(.text)
    ETH_DMAITConfig                          0x080044db   Thumb Code    22  stm32f4x7_eth.o(.text)
    ETH_GetDMAITStatus                       0x080044f1   Thumb Code    16  stm32f4x7_eth.o(.text)
    ETH_DMAClearITPendingBit                 0x08004501   Thumb Code     6  stm32f4x7_eth.o(.text)
    ETH_GetTransmitProcessState              0x08004507   Thumb Code    10  stm32f4x7_eth.o(.text)
    ETH_GetReceiveProcessState               0x08004511   Thumb Code    10  stm32f4x7_eth.o(.text)
    ETH_GetFlushTransmitFIFOStatus           0x0800451b   Thumb Code    14  stm32f4x7_eth.o(.text)
    ETH_GetDMAOverflowStatus                 0x08004529   Thumb Code    16  stm32f4x7_eth.o(.text)
    ETH_GetRxOverflowMissedFrameCounter      0x08004539   Thumb Code    10  stm32f4x7_eth.o(.text)
    ETH_GetBufferUnavailableMissedFrameCounter 0x08004543   Thumb Code     8  stm32f4x7_eth.o(.text)
    ETH_GetCurrentTxDescStartAddress         0x0800454b   Thumb Code     6  stm32f4x7_eth.o(.text)
    ETH_GetCurrentRxDescStartAddress         0x08004551   Thumb Code     6  stm32f4x7_eth.o(.text)
    ETH_GetCurrentTxBufferAddress            0x08004557   Thumb Code     6  stm32f4x7_eth.o(.text)
    ETH_GetCurrentRxBufferAddress            0x0800455d   Thumb Code     6  stm32f4x7_eth.o(.text)
    ETH_ResumeDMATransmission                0x08004563   Thumb Code     8  stm32f4x7_eth.o(.text)
    ETH_ResumeDMAReception                   0x0800456b   Thumb Code     8  stm32f4x7_eth.o(.text)
    ETH_SetReceiveWatchdogTimer              0x08004573   Thumb Code     6  stm32f4x7_eth.o(.text)
    ETH_PHYLoopBackCmd                       0x08004579   Thumb Code    44  stm32f4x7_eth.o(.text)
    ETH_ResetWakeUpFrameFilterRegisterPointer 0x080045a5   Thumb Code    12  stm32f4x7_eth.o(.text)
    ETH_SetWakeUpFrameFilterRegister         0x080045b1   Thumb Code    18  stm32f4x7_eth.o(.text)
    ETH_GlobalUnicastWakeUpCmd               0x080045c3   Thumb Code    26  stm32f4x7_eth.o(.text)
    ETH_GetPMTFlagStatus                     0x080045dd   Thumb Code    16  stm32f4x7_eth.o(.text)
    ETH_WakeUpFrameDetectionCmd              0x080045ed   Thumb Code    26  stm32f4x7_eth.o(.text)
    ETH_MagicPacketDetectionCmd              0x08004607   Thumb Code    26  stm32f4x7_eth.o(.text)
    ETH_PowerDownCmd                         0x08004621   Thumb Code    26  stm32f4x7_eth.o(.text)
    ETH_MMCCounterFullPreset                 0x0800463b   Thumb Code    12  stm32f4x7_eth.o(.text)
    ETH_MMCCounterHalfPreset                 0x08004647   Thumb Code    20  stm32f4x7_eth.o(.text)
    ETH_MMCCounterFreezeCmd                  0x0800465b   Thumb Code    34  stm32f4x7_eth.o(.text)
    ETH_MMCResetOnReadCmd                    0x0800467d   Thumb Code    34  stm32f4x7_eth.o(.text)
    ETH_MMCCounterRolloverCmd                0x0800469f   Thumb Code    34  stm32f4x7_eth.o(.text)
    ETH_MMCCountersReset                     0x080046c1   Thumb Code    12  stm32f4x7_eth.o(.text)
    ETH_MMCITConfig                          0x080046cd   Thumb Code    62  stm32f4x7_eth.o(.text)
    ETH_GetMMCITStatus                       0x0800470b   Thumb Code    50  stm32f4x7_eth.o(.text)
    ETH_GetMMCRegister                       0x0800473d   Thumb Code     6  stm32f4x7_eth.o(.text)
    ethernetif_input                         0x08004861   Thumb Code    42  ethernetif.o(.text)
    ethernetif_init                          0x0800488b   Thumb Code    30  ethernetif.o(.text)
    dhcp_renew                               0x08004da9   Thumb Code   146  dhcp.o(.text)
    dhcp_coarse_tmr                          0x08004ef3   Thumb Code    58  dhcp.o(.text)
    dhcp_release                             0x08004fd7   Thumb Code   178  dhcp.o(.text)
    dhcp_fine_tmr                            0x08005209   Thumb Code    46  dhcp.o(.text)
    dhcp_stop                                0x08005333   Thumb Code    48  dhcp.o(.text)
    dhcp_start                               0x080054cb   Thumb Code   162  dhcp.o(.text)
    dhcp_inform                              0x0800556d   Thumb Code   150  dhcp.o(.text)
    dhcp_network_changed                     0x08005603   Thumb Code    68  dhcp.o(.text)
    dhcp_arp_reply                           0x080056c9   Thumb Code    28  dhcp.o(.text)
    mem_init                                 0x0800573f   Thumb Code    44  mem.o(.text)
    mem_free                                 0x0800576b   Thumb Code    36  mem.o(.text)
    mem_realloc                              0x0800578f   Thumb Code   198  mem.o(.text)
    mem_malloc                               0x08005855   Thumb Code   180  mem.o(.text)
    mem_calloc                               0x08005909   Thumb Code    28  mem.o(.text)
    memp_init                                0x0800592d   Thumb Code    78  memp.o(.text)
    memp_malloc                              0x0800597b   Thumb Code    30  memp.o(.text)
    memp_free                                0x08005999   Thumb Code    20  memp.o(.text)
    netif_set_gw                             0x080059b5   Thumb Code    14  netif.o(.text)
    netif_set_netmask                        0x080059c3   Thumb Code    14  netif.o(.text)
    netif_set_ipaddr                         0x080059d1   Thumb Code    96  netif.o(.text)
    netif_set_addr                           0x08005a31   Thumb Code    32  netif.o(.text)
    netif_add                                0x08005a51   Thumb Code    70  netif.o(.text)
    netif_set_default                        0x08005a97   Thumb Code     6  netif.o(.text)
    netif_remove                             0x08005a9d   Thumb Code    52  netif.o(.text)
    netif_find                               0x08005ad1   Thumb Code    60  netif.o(.text)
    netif_set_up                             0x08005b0d   Thumb Code    28  netif.o(.text)
    netif_set_down                           0x08005b29   Thumb Code    18  netif.o(.text)
    netif_is_up                              0x08005b3b   Thumb Code    10  netif.o(.text)
    pbuf_free                                0x08005b51   Thumb Code    82  pbuf.o(.text)
    pbuf_alloc                               0x08005ba3   Thumb Code   298  pbuf.o(.text)
    pbuf_realloc                             0x08005ccd   Thumb Code    78  pbuf.o(.text)
    pbuf_header                              0x08005d1b   Thumb Code   104  pbuf.o(.text)
    pbuf_clen                                0x08005d83   Thumb Code    18  pbuf.o(.text)
    pbuf_ref                                 0x08005d95   Thumb Code    12  pbuf.o(.text)
    pbuf_cat                                 0x08005da1   Thumb Code    40  pbuf.o(.text)
    pbuf_chain                               0x08005dc9   Thumb Code    18  pbuf.o(.text)
    pbuf_dechain                             0x08005ddb   Thumb Code    44  pbuf.o(.text)
    pbuf_copy                                0x08005e07   Thumb Code   148  pbuf.o(.text)
    pbuf_copy_partial                        0x08005e9b   Thumb Code   106  pbuf.o(.text)
    pbuf_take                                0x08005f05   Thumb Code    86  pbuf.o(.text)
    pbuf_coalesce                            0x08005f5b   Thumb Code    52  pbuf.o(.text)
    raw_input                                0x08005f91   Thumb Code    98  raw.o(.text)
    raw_bind                                 0x08005ff3   Thumb Code    16  raw.o(.text)
    raw_connect                              0x08006003   Thumb Code    16  raw.o(.text)
    raw_recv                                 0x08006013   Thumb Code     6  raw.o(.text)
    raw_sendto                               0x08006019   Thumb Code   144  raw.o(.text)
    raw_send                                 0x080060a9   Thumb Code     4  raw.o(.text)
    raw_remove                               0x080060ad   Thumb Code    40  raw.o(.text)
    raw_new                                  0x080060d5   Thumb Code    40  raw.o(.text)
    tcp_seg_free                             0x08006101   Thumb Code    32  tcp.o(.text)
    tcp_segs_free                            0x08006121   Thumb Code    26  tcp.o(.text)
    tcp_pcb_purge                            0x0800613b   Thumb Code    48  tcp.o(.text)
    tcp_slowtmr                              0x0800616b   Thumb Code   550  tcp.o(.text)
    tcp_pcb_remove                           0x08006391   Thumb Code    92  tcp.o(.text)
    tcp_close                                0x080063ed   Thumb Code   204  tcp.o(.text)
    tcp_update_rcv_ann_wnd                   0x080064b9   Thumb Code    54  tcp.o(.text)
    tcp_recved                               0x080064ef   Thumb Code    60  tcp.o(.text)
    tcp_recv_null                            0x0800652b   Thumb Code    54  tcp.o(.text)
    tcp_fasttmr                              0x08006561   Thumb Code    86  tcp.o(.text)
    tcp_tmr                                  0x080065b7   Thumb Code    26  tcp.o(.text)
    tcp_abandon                              0x080065d1   Thumb Code   148  tcp.o(.text)
    tcp_bind                                 0x080066bb   Thumb Code   196  tcp.o(.text)
    tcp_listen_with_backlog                  0x08006785   Thumb Code   138  tcp.o(.text)
    tcp_eff_send_mss                         0x0800680f   Thumb Code    32  tcp.o(.text)
    tcp_next_iss                             0x0800682f   Thumb Code    12  tcp.o(.text)
    tcp_connect                              0x0800683b   Thumb Code   198  tcp.o(.text)
    tcp_setprio                              0x08006901   Thumb Code     4  tcp.o(.text)
    tcp_alloc                                0x0800697b   Thumb Code   154  tcp.o(.text)
    tcp_new                                  0x08006a15   Thumb Code     4  tcp.o(.text)
    tcp_arg                                  0x08006a19   Thumb Code     4  tcp.o(.text)
    tcp_recv                                 0x08006a1d   Thumb Code     6  tcp.o(.text)
    tcp_sent                                 0x08006a23   Thumb Code     6  tcp.o(.text)
    tcp_err                                  0x08006a29   Thumb Code     6  tcp.o(.text)
    tcp_accept                               0x08006a2f   Thumb Code     4  tcp.o(.text)
    tcp_poll                                 0x08006a33   Thumb Code    10  tcp.o(.text)
    tcp_debug_state_str                      0x08006a3d   Thumb Code    10  tcp.o(.text)
    tcp_input                                0x080074a7   Thumb Code   834  tcp_in.o(.text)
    tcp_enqueue                              0x08007865   Thumb Code   858  tcp_out.o(.text)
    tcp_send_ctrl                            0x08007bbf   Thumb Code    20  tcp_out.o(.text)
    tcp_write                                0x08007bd3   Thumb Code    46  tcp_out.o(.text)
    tcp_send_empty_ack                       0x08007c01   Thumb Code    86  tcp_out.o(.text)
    tcp_output                               0x08007d01   Thumb Code   416  tcp_out.o(.text)
    tcp_rst                                  0x08007ea1   Thumb Code   158  tcp_out.o(.text)
    tcp_rexmit_rto                           0x08007f3f   Thumb Code    44  tcp_out.o(.text)
    tcp_rexmit                               0x08007f6b   Thumb Code    70  tcp_out.o(.text)
    tcp_rexmit_fast                          0x08007fb1   Thumb Code    96  tcp_out.o(.text)
    tcp_keepalive                            0x08008011   Thumb Code    72  tcp_out.o(.text)
    tcp_zero_window_probe                    0x08008059   Thumb Code   174  tcp_out.o(.text)
    udp_input                                0x08008109   Thumb Code   408  udp.o(.text)
    udp_bind                                 0x080082a1   Thumb Code    94  udp.o(.text)
    udp_sendto_if                            0x080082ff   Thumb Code   182  udp.o(.text)
    udp_sendto                               0x080083b5   Thumb Code    40  udp.o(.text)
    udp_send                                 0x080083dd   Thumb Code     6  udp.o(.text)
    udp_connect                              0x080083e3   Thumb Code    74  udp.o(.text)
    udp_disconnect                           0x0800842d   Thumb Code    20  udp.o(.text)
    udp_recv                                 0x08008441   Thumb Code     6  udp.o(.text)
    udp_remove                               0x08008447   Thumb Code    40  udp.o(.text)
    udp_new                                  0x0800846f   Thumb Code    28  udp.o(.text)
    autoip_init                              0x08008495   Thumb Code     2  autoip.o(.text)
    autoip_start                             0x08008523   Thumb Code    96  autoip.o(.text)
    autoip_network_changed                   0x0800861d   Thumb Code    32  autoip.o(.text)
    autoip_stop                              0x0800863d   Thumb Code    16  autoip.o(.text)
    autoip_tmr                               0x0800864d   Thumb Code   204  autoip.o(.text)
    autoip_arp_reply                         0x08008719   Thumb Code   140  autoip.o(.text)
    icmp_input                               0x080087c5   Thumb Code   324  icmp.o(.text)
    icmp_dest_unreach                        0x08008971   Thumb Code     6  icmp.o(.text)
    icmp_time_exceeded                       0x08008977   Thumb Code     6  icmp.o(.text)
    htonl                                    0x0800897d   Thumb Code    24  inet.o(.text)
    inet_aton                                0x08008995   Thumb Code   276  inet.o(.text)
    inet_addr                                0x08008aa9   Thumb Code    20  inet.o(.text)
    inet_ntoa                                0x08008abd   Thumb Code    92  inet.o(.text)
    htons                                    0x08008b19   Thumb Code    10  inet.o(.text)
    ntohs                                    0x08008b23   Thumb Code     2  inet.o(.text)
    ntohl                                    0x08008b25   Thumb Code     2  inet.o(.text)
    inet_chksum_pseudo                       0x08008b67   Thumb Code   134  inet_chksum.o(.text)
    inet_chksum                              0x08008bed   Thumb Code    12  inet_chksum.o(.text)
    inet_chksum_pbuf                         0x08008bf9   Thumb Code    72  inet_chksum.o(.text)
    ip_route                                 0x08008c41   Thumb Code    62  ip.o(.text)
    ip_input                                 0x08008c7f   Thumb Code   436  ip.o(.text)
    ip_output_if                             0x08008e33   Thumb Code   210  ip.o(.text)
    ip_output                                0x08008f05   Thumb Code    52  ip.o(.text)
    ip_addr_isbroadcast                      0x08008f45   Thumb Code    62  ip_addr.o(.text)
    ip_reass_tmr                             0x0800900f   Thumb Code    40  ip_frag.o(.text)
    ip_reass                                 0x080091e7   Thumb Code   376  ip_frag.o(.text)
    ip_frag                                  0x0800935f   Thumb Code   318  ip_frag.o(.text)
    etharp_tmr                               0x080094bf   Thumb Code    74  etharp.o(.text)
    etharp_find_addr                         0x08009711   Thumb Code    52  etharp.o(.text)
    etharp_ip_input                          0x08009745   Thumb Code    40  etharp.o(.text)
    etharp_arp_input                         0x0800976d   Thumb Code   296  etharp.o(.text)
    etharp_raw                               0x08009895   Thumb Code   194  etharp.o(.text)
    etharp_request                           0x08009957   Thumb Code    34  etharp.o(.text)
    etharp_query                             0x08009979   Thumb Code   278  etharp.o(.text)
    etharp_output                            0x08009a8f   Thumb Code   178  etharp.o(.text)
    ethernet_input                           0x08009b41   Thumb Code    90  etharp.o(.text)
    Reset_Handler                            0x08009ba5   Thumb Code     8  startup_stm32f4xx.o(.text)
    ADC_IRQHandler                           0x08009bbf   Thumb Code     0  startup_stm32f4xx.o(.text)
    CAN1_RX0_IRQHandler                      0x08009bbf   Thumb Code     0  startup_stm32f4xx.o(.text)
    CAN1_RX1_IRQHandler                      0x08009bbf   Thumb Code     0  startup_stm32f4xx.o(.text)
    CAN1_SCE_IRQHandler                      0x08009bbf   Thumb Code     0  startup_stm32f4xx.o(.text)
    CAN1_TX_IRQHandler                       0x08009bbf   Thumb Code     0  startup_stm32f4xx.o(.text)
    CAN2_RX0_IRQHandler                      0x08009bbf   Thumb Code     0  startup_stm32f4xx.o(.text)
    CAN2_RX1_IRQHandler                      0x08009bbf   Thumb Code     0  startup_stm32f4xx.o(.text)
    CAN2_SCE_IRQHandler                      0x08009bbf   Thumb Code     0  startup_stm32f4xx.o(.text)
    CAN2_TX_IRQHandler                       0x08009bbf   Thumb Code     0  startup_stm32f4xx.o(.text)
    CRYP_IRQHandler                          0x08009bbf   Thumb Code     0  startup_stm32f4xx.o(.text)
    DCMI_IRQHandler                          0x08009bbf   Thumb Code     0  startup_stm32f4xx.o(.text)
    DMA1_Stream0_IRQHandler                  0x08009bbf   Thumb Code     0  startup_stm32f4xx.o(.text)
    DMA1_Stream1_IRQHandler                  0x08009bbf   Thumb Code     0  startup_stm32f4xx.o(.text)
    DMA1_Stream2_IRQHandler                  0x08009bbf   Thumb Code     0  startup_stm32f4xx.o(.text)
    DMA1_Stream3_IRQHandler                  0x08009bbf   Thumb Code     0  startup_stm32f4xx.o(.text)
    DMA1_Stream4_IRQHandler                  0x08009bbf   Thumb Code     0  startup_stm32f4xx.o(.text)
    DMA1_Stream5_IRQHandler                  0x08009bbf   Thumb Code     0  startup_stm32f4xx.o(.text)
    DMA1_Stream6_IRQHandler                  0x08009bbf   Thumb Code     0  startup_stm32f4xx.o(.text)
    DMA1_Stream7_IRQHandler                  0x08009bbf   Thumb Code     0  startup_stm32f4xx.o(.text)
    DMA2_Stream0_IRQHandler                  0x08009bbf   Thumb Code     0  startup_stm32f4xx.o(.text)
    DMA2_Stream1_IRQHandler                  0x08009bbf   Thumb Code     0  startup_stm32f4xx.o(.text)
    DMA2_Stream2_IRQHandler                  0x08009bbf   Thumb Code     0  startup_stm32f4xx.o(.text)
    DMA2_Stream3_IRQHandler                  0x08009bbf   Thumb Code     0  startup_stm32f4xx.o(.text)
    DMA2_Stream4_IRQHandler                  0x08009bbf   Thumb Code     0  startup_stm32f4xx.o(.text)
    DMA2_Stream5_IRQHandler                  0x08009bbf   Thumb Code     0  startup_stm32f4xx.o(.text)
    DMA2_Stream6_IRQHandler                  0x08009bbf   Thumb Code     0  startup_stm32f4xx.o(.text)
    DMA2_Stream7_IRQHandler                  0x08009bbf   Thumb Code     0  startup_stm32f4xx.o(.text)
    ETH_IRQHandler                           0x08009bbf   Thumb Code     0  startup_stm32f4xx.o(.text)
    ETH_WKUP_IRQHandler                      0x08009bbf   Thumb Code     0  startup_stm32f4xx.o(.text)
    EXTI15_10_IRQHandler                     0x08009bbf   Thumb Code     0  startup_stm32f4xx.o(.text)
    EXTI1_IRQHandler                         0x08009bbf   Thumb Code     0  startup_stm32f4xx.o(.text)
    EXTI2_IRQHandler                         0x08009bbf   Thumb Code     0  startup_stm32f4xx.o(.text)
    EXTI3_IRQHandler                         0x08009bbf   Thumb Code     0  startup_stm32f4xx.o(.text)
    EXTI4_IRQHandler                         0x08009bbf   Thumb Code     0  startup_stm32f4xx.o(.text)
    EXTI9_5_IRQHandler                       0x08009bbf   Thumb Code     0  startup_stm32f4xx.o(.text)
    FLASH_IRQHandler                         0x08009bbf   Thumb Code     0  startup_stm32f4xx.o(.text)
    FPU_IRQHandler                           0x08009bbf   Thumb Code     0  startup_stm32f4xx.o(.text)
    FSMC_IRQHandler                          0x08009bbf   Thumb Code     0  startup_stm32f4xx.o(.text)
    HASH_RNG_IRQHandler                      0x08009bbf   Thumb Code     0  startup_stm32f4xx.o(.text)
    I2C1_ER_IRQHandler                       0x08009bbf   Thumb Code     0  startup_stm32f4xx.o(.text)
    I2C1_EV_IRQHandler                       0x08009bbf   Thumb Code     0  startup_stm32f4xx.o(.text)
    I2C2_ER_IRQHandler                       0x08009bbf   Thumb Code     0  startup_stm32f4xx.o(.text)
    I2C2_EV_IRQHandler                       0x08009bbf   Thumb Code     0  startup_stm32f4xx.o(.text)
    I2C3_ER_IRQHandler                       0x08009bbf   Thumb Code     0  startup_stm32f4xx.o(.text)
    I2C3_EV_IRQHandler                       0x08009bbf   Thumb Code     0  startup_stm32f4xx.o(.text)
    OTG_FS_IRQHandler                        0x08009bbf   Thumb Code     0  startup_stm32f4xx.o(.text)
    OTG_FS_WKUP_IRQHandler                   0x08009bbf   Thumb Code     0  startup_stm32f4xx.o(.text)
    OTG_HS_EP1_IN_IRQHandler                 0x08009bbf   Thumb Code     0  startup_stm32f4xx.o(.text)
    OTG_HS_EP1_OUT_IRQHandler                0x08009bbf   Thumb Code     0  startup_stm32f4xx.o(.text)
    OTG_HS_IRQHandler                        0x08009bbf   Thumb Code     0  startup_stm32f4xx.o(.text)
    OTG_HS_WKUP_IRQHandler                   0x08009bbf   Thumb Code     0  startup_stm32f4xx.o(.text)
    PVD_IRQHandler                           0x08009bbf   Thumb Code     0  startup_stm32f4xx.o(.text)
    RCC_IRQHandler                           0x08009bbf   Thumb Code     0  startup_stm32f4xx.o(.text)
    RTC_Alarm_IRQHandler                     0x08009bbf   Thumb Code     0  startup_stm32f4xx.o(.text)
    RTC_WKUP_IRQHandler                      0x08009bbf   Thumb Code     0  startup_stm32f4xx.o(.text)
    SDIO_IRQHandler                          0x08009bbf   Thumb Code     0  startup_stm32f4xx.o(.text)
    SPI1_IRQHandler                          0x08009bbf   Thumb Code     0  startup_stm32f4xx.o(.text)
    SPI2_IRQHandler                          0x08009bbf   Thumb Code     0  startup_stm32f4xx.o(.text)
    SPI3_IRQHandler                          0x08009bbf   Thumb Code     0  startup_stm32f4xx.o(.text)
    TAMP_STAMP_IRQHandler                    0x08009bbf   Thumb Code     0  startup_stm32f4xx.o(.text)
    TIM1_BRK_TIM9_IRQHandler                 0x08009bbf   Thumb Code     0  startup_stm32f4xx.o(.text)
    TIM1_CC_IRQHandler                       0x08009bbf   Thumb Code     0  startup_stm32f4xx.o(.text)
    TIM1_TRG_COM_TIM11_IRQHandler            0x08009bbf   Thumb Code     0  startup_stm32f4xx.o(.text)
    TIM1_UP_TIM10_IRQHandler                 0x08009bbf   Thumb Code     0  startup_stm32f4xx.o(.text)
    TIM2_IRQHandler                          0x08009bbf   Thumb Code     0  startup_stm32f4xx.o(.text)
    TIM3_IRQHandler                          0x08009bbf   Thumb Code     0  startup_stm32f4xx.o(.text)
    TIM4_IRQHandler                          0x08009bbf   Thumb Code     0  startup_stm32f4xx.o(.text)
    TIM5_IRQHandler                          0x08009bbf   Thumb Code     0  startup_stm32f4xx.o(.text)
    TIM6_DAC_IRQHandler                      0x08009bbf   Thumb Code     0  startup_stm32f4xx.o(.text)
    TIM7_IRQHandler                          0x08009bbf   Thumb Code     0  startup_stm32f4xx.o(.text)
    TIM8_BRK_TIM12_IRQHandler                0x08009bbf   Thumb Code     0  startup_stm32f4xx.o(.text)
    TIM8_CC_IRQHandler                       0x08009bbf   Thumb Code     0  startup_stm32f4xx.o(.text)
    TIM8_TRG_COM_TIM14_IRQHandler            0x08009bbf   Thumb Code     0  startup_stm32f4xx.o(.text)
    TIM8_UP_TIM13_IRQHandler                 0x08009bbf   Thumb Code     0  startup_stm32f4xx.o(.text)
    UART4_IRQHandler                         0x08009bbf   Thumb Code     0  startup_stm32f4xx.o(.text)
    UART5_IRQHandler                         0x08009bbf   Thumb Code     0  startup_stm32f4xx.o(.text)
    USART1_IRQHandler                        0x08009bbf   Thumb Code     0  startup_stm32f4xx.o(.text)
    USART2_IRQHandler                        0x08009bbf   Thumb Code     0  startup_stm32f4xx.o(.text)
    USART3_IRQHandler                        0x08009bbf   Thumb Code     0  startup_stm32f4xx.o(.text)
    USART6_IRQHandler                        0x08009bbf   Thumb Code     0  startup_stm32f4xx.o(.text)
    WWDG_IRQHandler                          0x08009bbf   Thumb Code     0  startup_stm32f4xx.o(.text)
    __aeabi_memcpy                           0x08009bc9   Thumb Code    36  memcpya.o(.text)
    __aeabi_memcpy4                          0x08009bc9   Thumb Code     0  memcpya.o(.text)
    __aeabi_memcpy8                          0x08009bc9   Thumb Code     0  memcpya.o(.text)
    __aeabi_memset                           0x08009bed   Thumb Code    14  memseta.o(.text)
    __aeabi_memset4                          0x08009bed   Thumb Code     0  memseta.o(.text)
    __aeabi_memset8                          0x08009bed   Thumb Code     0  memseta.o(.text)
    __aeabi_memclr                           0x08009bfb   Thumb Code     4  memseta.o(.text)
    __aeabi_memclr4                          0x08009bfb   Thumb Code     0  memseta.o(.text)
    __aeabi_memclr8                          0x08009bfb   Thumb Code     0  memseta.o(.text)
    _memset$wrapper                          0x08009bff   Thumb Code    18  memseta.o(.text)
    strstr                                   0x08009c11   Thumb Code    36  strstr.o(.text)
    strlen                                   0x08009c35   Thumb Code    14  strlen.o(.text)
    memcmp                                   0x08009c43   Thumb Code    26  memcmp.o(.text)
    __aeabi_i2d                              0x08009c5d   Thumb Code    34  dflti.o(.text)
    __aeabi_ui2d                             0x08009c7f   Thumb Code    26  dfltui.o(.text)
    __aeabi_cdcmpeq                          0x08009c99   Thumb Code     0  cdcmple.o(.text)
    __aeabi_cdcmple                          0x08009c99   Thumb Code    48  cdcmple.o(.text)
    __aeabi_cdrcmple                         0x08009cc9   Thumb Code    48  cdrcmple.o(.text)
    __aeabi_uidiv                            0x08009cf9   Thumb Code     0  uidiv.o(.text)
    __aeabi_uidivmod                         0x08009cf9   Thumb Code    44  uidiv.o(.text)
    __aeabi_uldivmod                         0x08009d25   Thumb Code    98  uldiv.o(.text)
    __I$use$fp                               0x08009d87   Thumb Code     0  iusefp.o(.text)
    _double_round                            0x08009d87   Thumb Code    30  depilogue.o(.text)
    _double_epilogue                         0x08009da5   Thumb Code   156  depilogue.o(.text)
    __aeabi_dadd                             0x08009e41   Thumb Code   322  dadd.o(.text)
    __aeabi_dsub                             0x08009f83   Thumb Code     6  dadd.o(.text)
    __aeabi_drsub                            0x08009f89   Thumb Code     6  dadd.o(.text)
    __aeabi_dmul                             0x08009f8f   Thumb Code   228  dmul.o(.text)
    __aeabi_ddiv                             0x0800a073   Thumb Code   222  ddiv.o(.text)
    __aeabi_d2ulz                            0x0800a151   Thumb Code    48  dfixul.o(.text)
    __scatterload                            0x0800a181   Thumb Code    28  init.o(.text)
    __scatterload_rt2                        0x0800a181   Thumb Code     0  init.o(.text)
    __aeabi_llsl                             0x0800a1a5   Thumb Code    30  llshl.o(.text)
    _ll_shift_l                              0x0800a1a5   Thumb Code     0  llshl.o(.text)
    __aeabi_llsr                             0x0800a1c3   Thumb Code    32  llushr.o(.text)
    _ll_ushift_r                             0x0800a1c3   Thumb Code     0  llushr.o(.text)
    __aeabi_lasr                             0x0800a1e3   Thumb Code    36  llsshr.o(.text)
    _ll_sshift_r                             0x0800a1e3   Thumb Code     0  llsshr.o(.text)
    __decompress                             0x0800a207   Thumb Code     0  __dczerorl2.o(.text)
    __decompress1                            0x0800a207   Thumb Code    86  __dczerorl2.o(.text)
    std::strstr(char*, const char*)          0x0800a25d   Thumb Code     4  at_command.o(i._ZSt6strstrPcPKc)
    __0sprintf                               0x0800a261   Thumb Code    34  printfa.o(i.__0sprintf)
    __1sprintf                               0x0800a261   Thumb Code     0  printfa.o(i.__0sprintf)
    __2sprintf                               0x0800a261   Thumb Code     0  printfa.o(i.__0sprintf)
    __c89sprintf                             0x0800a261   Thumb Code     0  printfa.o(i.__0sprintf)
    sprintf                                  0x0800a261   Thumb Code     0  printfa.o(i.__0sprintf)
    __scatterload_copy                       0x0800a289   Thumb Code    14  handlers.o(i.__scatterload_copy)
    __scatterload_null                       0x0800a297   Thumb Code     2  handlers.o(i.__scatterload_null)
    __scatterload_zeroinit                   0x0800a299   Thumb Code    14  handlers.o(i.__scatterload_zeroinit)
    ASCII16x24_Table                         0x0800ab64   Data        4560  stm32f4_discovery_lcd.o(.constdata)
    BUTTON_PORT_SOURCE                       0x0800bd34   Data           1  stm32f4_discovery.o(.constdata)
    BUTTON_PIN_SOURCE                        0x0800bd35   Data           1  stm32f4_discovery.o(.constdata)
    BUTTON_IRQn                              0x0800bd36   Data           1  stm32f4_discovery.o(.constdata)
    BUTTON_PIN                               0x0800bd38   Data           2  stm32f4_discovery.o(.constdata)
    BUTTON_EXTI_LINE                         0x0800bd3a   Data           2  stm32f4_discovery.o(.constdata)
    BUTTON_CLK                               0x0800bd3c   Data           4  stm32f4_discovery.o(.constdata)
    COM_TX_PIN                               0x0800bd40   Data           4  stm32f4_discovery.o(.constdata)
    COM_RX_PIN                               0x0800bd44   Data           4  stm32f4_discovery.o(.constdata)
    COM_TX_PIN_SOURCE                        0x0800bd48   Data           4  stm32f4_discovery.o(.constdata)
    COM_RX_PIN_SOURCE                        0x0800bd4c   Data           4  stm32f4_discovery.o(.constdata)
    COM_TX_AF                                0x0800bd50   Data           4  stm32f4_discovery.o(.constdata)
    COM_RX_AF                                0x0800bd54   Data           4  stm32f4_discovery.o(.constdata)
    GPIO_PIN                                 0x0800bd58   Data           8  stm32f4_discovery.o(.constdata)
    COM_USART_CLK                            0x0800bd60   Data           8  stm32f4_discovery.o(.constdata)
    COM_TX_PORT_CLK                          0x0800bd68   Data           8  stm32f4_discovery.o(.constdata)
    COM_RX_PORT_CLK                          0x0800bd70   Data           8  stm32f4_discovery.o(.constdata)
    GPIO_CLK                                 0x0800bd78   Data          16  stm32f4_discovery.o(.constdata)
    tcp_persist_backoff                      0x0800bdac   Data           7  tcp.o(.constdata)
    tcp_backoff                              0x0800bdb3   Data          13  tcp.o(.constdata)
    ip_addr_any                              0x0800bdc0   Data           4  ip_addr.o(.constdata)
    ip_addr_broadcast                        0x0800bdc4   Data           4  ip_addr.o(.constdata)
    ethbroadcast                             0x0800bdc8   Data           6  etharp.o(.constdata)
    ethzero                                  0x0800bdce   Data           6  etharp.o(.constdata)
    Region$$Table$$Base                      0x0800be4c   Number         0  anon$$obj.o(Region$$Table)
    Region$$Table$$Limit                     0x0800be6c   Number         0  anon$$obj.o(Region$$Table)
    mode                                     0x20000000   Data           1  main.o(.data)
    quantity                                 0x20000002   Data           2  main.o(.data)
    LocalTime                                0x20000004   Data           4  main.o(.data)
    timingdelay                              0x20000008   Data           4  main.o(.data)
    Button_TimerBack                         0x2000000c   Data           4  main.o(.data)
    Button_Flag                              0x20000010   Data           4  main.o(.data)
    SystemCoreClock                          0x20000014   Data           4  system_stm32f4xx.o(.data)
    AHBPrescTable                            0x20000018   Data          16  system_stm32f4xx.o(.data)
    Tcp_flag                                 0x20000029   Data           1  tcp_echoclient.o(.data)
    str_len                                  0x2000002e   Data           1  tcp_echoclient.o(.data)
    message_count                            0x20000030   Data           4  tcp_echoclient.o(.data)
    tcp_for_global                           0x20000034   Data           4  tcp_echoclient.o(.data)
    str_data                                 0x20000038   Data           4  tcp_echoclient.o(.data)
    echoclient_pcb                           0x2000003c   Data           4  tcp_echoclient.o(.data)
    DHCP_state                               0x20000040   Data           1  netconf.o(.data)
    TCPTimer                                 0x20000044   Data           4  netconf.o(.data)
    ARPTimer                                 0x20000048   Data           4  netconf.o(.data)
    IPaddress                                0x2000004c   Data           4  netconf.o(.data)
    DHCPfineTimer                            0x20000050   Data           4  netconf.o(.data)
    DHCPcoarseTimer                          0x20000054   Data           4  netconf.o(.data)
    EthInitStatus                            0x20000058   Data           4  stm32f4x7_eth_bsp.o(.data)
    Font16x24                                0x20000064   Data           8  stm32f4_discovery_lcd.o(.data)
    BUTTON_PORT                              0x2000006c   Data           4  stm32f4_discovery.o(.data)
    COM_USART                                0x20000070   Data           8  stm32f4_discovery.o(.data)
    COM_TX_PORT                              0x20000078   Data           8  stm32f4_discovery.o(.data)
    COM_RX_PORT                              0x20000080   Data           8  stm32f4_discovery.o(.data)
    GPIO_PORT                                0x20000088   Data          16  stm32f4_discovery.o(.data)
    DMATxDescToSet                           0x200000a8   Data           4  stm32f4x7_eth.o(.data)
    DMARxDescToGet                           0x200000ac   Data           4  stm32f4x7_eth.o(.data)
    DMA_RX_FRAME_infos                       0x200000b0   Data           4  stm32f4x7_eth.o(.data)
    netif_list                               0x200000cc   Data           4  netif.o(.data)
    netif_default                            0x200000d0   Data           4  netif.o(.data)
    tcp_ticks                                0x200000e0   Data           4  tcp.o(.data)
    tcp_bound_pcbs                           0x200000e4   Data           4  tcp.o(.data)
    tcp_listen_pcbs                          0x200000e8   Data           4  tcp.o(.data)
    tcp_active_pcbs                          0x200000ec   Data           4  tcp.o(.data)
    tcp_tw_pcbs                              0x200000f0   Data           4  tcp.o(.data)
    tcp_tmp_pcb                              0x200000f4   Data           4  tcp.o(.data)
    tcp_state_str                            0x200000f8   Data          44  tcp.o(.data)
    tcp_input_pcb                            0x2000013c   Data           4  tcp_in.o(.data)
    udp_pcbs                                 0x20000140   Data           4  udp.o(.data)
    current_netif                            0x20000148   Data           4  ip.o(.data)
    current_header                           0x2000014c   Data           4  ip.o(.data)
    data                                     0x2000015c   Data         100  tcp_echoclient.o(.bss)
    netif                                    0x200001c0   Data          56  netconf.o(.bss)
    DMARxDscrTab                             0x200001f8   Data         160  stm32f4x7_eth.o(.bss)
    DMATxDscrTab                             0x20000298   Data         160  stm32f4x7_eth.o(.bss)
    Rx_Buff                                  0x20000338   Data        7620  stm32f4x7_eth.o(.bss)
    Tx_Buff                                  0x200020fc   Data        7620  stm32f4x7_eth.o(.bss)
    RX_Frame_Descriptor                      0x20003ec0   Data          12  stm32f4x7_eth.o(.bss)
    __initial_sp                             0x20014f40   Data           0  startup_stm32f4xx.o(STACK)



==============================================================================

Memory Map of the image

  Image Entry point : 0x08000189

  Load Region LR_IROM1 (Base: 0x08000000, Size: 0x0000bfc8, Max: 0x00100000, ABSOLUTE, COMPRESSED[0x0000bed0])

    Execution Region ER_IROM1 (Exec base: 0x08000000, Load base: 0x08000000, Size: 0x0000be6c, Max: 0x00100000, ABSOLUTE)

    Exec Addr    Load Addr    Size         Type   Attr      Idx    E Section Name        Object

    0x08000000   0x08000000   0x00000188   Data   RO         1411    RESET               startup_stm32f4xx.o
    0x08000188   0x08000188   0x00000000   Code   RO         1420  * .ARM.Collect$$$$00000000  mc_w.l(entry.o)
    0x08000188   0x08000188   0x00000004   Code   RO         1728    .ARM.Collect$$$$00000001  mc_w.l(entry2.o)
    0x0800018c   0x0800018c   0x00000004   Code   RO         1731    .ARM.Collect$$$$00000004  mc_w.l(entry5.o)
    0x08000190   0x08000190   0x00000000   Code   RO         1733    .ARM.Collect$$$$00000008  mc_w.l(entry7b.o)
    0x08000190   0x08000190   0x00000000   Code   RO         1735    .ARM.Collect$$$$0000000A  mc_w.l(entry8b.o)
    0x08000190   0x08000190   0x00000008   Code   RO         1736    .ARM.Collect$$$$0000000B  mc_w.l(entry9a.o)
    0x08000198   0x08000198   0x00000000   Code   RO         1738    .ARM.Collect$$$$0000000D  mc_w.l(entry10a.o)
    0x08000198   0x08000198   0x00000000   Code   RO         1740    .ARM.Collect$$$$0000000F  mc_w.l(entry11a.o)
    0x08000198   0x08000198   0x00000004   Code   RO         1729    .ARM.Collect$$$$00002712  mc_w.l(entry2.o)
    0x0800019c   0x0800019c   0x0000018c   Code   RO            2    .text               main.o
    0x08000328   0x08000328   0x00000184   Code   RO          239    .text               system_stm32f4xx.o
    0x080004ac   0x080004ac   0x0000002c   Code   RO          261    .text               stm32f4xx_it.o
    0x080004d8   0x080004d8   0x00000274   Code   RO          292    .text               tcp_echoclient.o
    0x0800074c   0x0800074c   0x0000034c   Code   RO          338    .text               netconf.o
    0x08000a98   0x08000a98   0x00000240   Code   RO          380    .text               stm32f4x7_eth_bsp.o
    0x08000cd8   0x08000cd8   0x0000023c   Code   RO          553    .text               25lc256.o
    0x08000f14   0x08000f14   0x00000138   Code   RO          569    .text               at_command.o
    0x0800104c   0x0800104c   0x00000e0c   Code   RO          612    .text               stm32f4_discovery_lcd.o
    0x08001e58   0x08001e58   0x0000043c   Code   RO          644    .text               stm32f4_discovery.o
    0x08002294   0x08002294   0x000003b4   Code   RO          665    .text               stm32f4xx_usart.o
    0x08002648   0x08002648   0x000000bc   Code   RO          681    .text               misc.o
    0x08002704   0x08002704   0x00000344   Code   RO          713    .text               stm32f4xx_dma.o
    0x08002a48   0x08002a48   0x000000ec   Code   RO          729    .text               stm32f4xx_exti.o
    0x08002b34   0x08002b34   0x000004b4   Code   RO          745    .text               stm32f4xx_fsmc.o
    0x08002fe8   0x08002fe8   0x00000224   Code   RO          761    .text               stm32f4xx_gpio.o
    0x0800320c   0x0800320c   0x00000434   Code   RO          777    .text               stm32f4xx_rcc.o
    0x08003640   0x08003640   0x000001bc   Code   RO          795    .text               stm32f4xx_sdio.o
    0x080037fc   0x080037fc   0x00000070   Code   RO          811    .text               stm32f4xx_syscfg.o
    0x0800386c   0x0800386c   0x00000334   Code   RO          827    .text               stm32f4xx_spi.o
    0x08003ba0   0x08003ba0   0x00000bb0   Code   RO          891    .text               stm32f4x7_eth.o
    0x08004750   0x08004750   0x0000017c   Code   RO          919    .text               ethernetif.o
    0x080048cc   0x080048cc   0x00000e24   Code   RO          986    .text               dhcp.o
    0x080056f0   0x080056f0   0x0000023c   Code   RO         1060    .text               mem.o
    0x0800592c   0x0800592c   0x00000088   Code   RO         1075    .text               memp.o
    0x080059b4   0x080059b4   0x0000019c   Code   RO         1105    .text               netif.o
    0x08005b50   0x08005b50   0x0000043e   Code   RO         1127    .text               pbuf.o
    0x08005f8e   0x08005f8e   0x00000002   PAD
    0x08005f90   0x08005f90   0x00000170   Code   RO         1142    .text               raw.o
    0x08006100   0x08006100   0x00000950   Code   RO         1168    .text               tcp.o
    0x08006a50   0x08006a50   0x00000d98   Code   RO         1189    .text               tcp_in.o
    0x080077e8   0x080077e8   0x0000091e   Code   RO         1212    .text               tcp_out.o
    0x08008106   0x08008106   0x00000002   PAD
    0x08008108   0x08008108   0x0000038c   Code   RO         1224    .text               udp.o
    0x08008494   0x08008494   0x00000330   Code   RO         1253    .text               autoip.o
    0x080087c4   0x080087c4   0x000001b8   Code   RO         1265    .text               icmp.o
    0x0800897c   0x0800897c   0x000001b0   Code   RO         1283    .text               inet.o
    0x08008b2c   0x08008b2c   0x00000114   Code   RO         1296    .text               inet_chksum.o
    0x08008c40   0x08008c40   0x00000304   Code   RO         1315    .text               ip.o
    0x08008f44   0x08008f44   0x0000003e   Code   RO         1336    .text               ip_addr.o
    0x08008f82   0x08008f82   0x00000002   PAD
    0x08008f84   0x08008f84   0x0000051c   Code   RO         1359    .text               ip_frag.o
    0x080094a0   0x080094a0   0x00000704   Code   RO         1374    .text               etharp.o
    0x08009ba4   0x08009ba4   0x00000024   Code   RO         1412    .text               startup_stm32f4xx.o
    0x08009bc8   0x08009bc8   0x00000024   Code   RO         1423    .text               mc_w.l(memcpya.o)
    0x08009bec   0x08009bec   0x00000024   Code   RO         1425    .text               mc_w.l(memseta.o)
    0x08009c10   0x08009c10   0x00000024   Code   RO         1427    .text               mc_w.l(strstr.o)
    0x08009c34   0x08009c34   0x0000000e   Code   RO         1429    .text               mc_w.l(strlen.o)
    0x08009c42   0x08009c42   0x0000001a   Code   RO         1433    .text               mc_w.l(memcmp.o)
    0x08009c5c   0x08009c5c   0x00000022   Code   RO         1698    .text               mf_w.l(dflti.o)
    0x08009c7e   0x08009c7e   0x0000001a   Code   RO         1700    .text               mf_w.l(dfltui.o)
    0x08009c98   0x08009c98   0x00000030   Code   RO         1704    .text               mf_w.l(cdcmple.o)
    0x08009cc8   0x08009cc8   0x00000030   Code   RO         1706    .text               mf_w.l(cdrcmple.o)
    0x08009cf8   0x08009cf8   0x0000002c   Code   RO         1745    .text               mc_w.l(uidiv.o)
    0x08009d24   0x08009d24   0x00000062   Code   RO         1747    .text               mc_w.l(uldiv.o)
    0x08009d86   0x08009d86   0x00000000   Code   RO         1749    .text               mc_w.l(iusefp.o)
    0x08009d86   0x08009d86   0x000000ba   Code   RO         1750    .text               mf_w.l(depilogue.o)
    0x08009e40   0x08009e40   0x0000014e   Code   RO         1752    .text               mf_w.l(dadd.o)
    0x08009f8e   0x08009f8e   0x000000e4   Code   RO         1754    .text               mf_w.l(dmul.o)
    0x0800a072   0x0800a072   0x000000de   Code   RO         1756    .text               mf_w.l(ddiv.o)
    0x0800a150   0x0800a150   0x00000030   Code   RO         1758    .text               mf_w.l(dfixul.o)
    0x0800a180   0x0800a180   0x00000024   Code   RO         1888    .text               mc_w.l(init.o)
    0x0800a1a4   0x0800a1a4   0x0000001e   Code   RO         1891    .text               mc_w.l(llshl.o)
    0x0800a1c2   0x0800a1c2   0x00000020   Code   RO         1893    .text               mc_w.l(llushr.o)
    0x0800a1e2   0x0800a1e2   0x00000024   Code   RO         1895    .text               mc_w.l(llsshr.o)
    0x0800a206   0x0800a206   0x00000056   Code   RO         1982    .text               mc_w.l(__dczerorl2.o)
    0x0800a25c   0x0800a25c   0x00000004   Code   RO          579    i._ZSt6strstrPcPKc  at_command.o
    0x0800a260   0x0800a260   0x00000028   Code   RO         1672    i.__0sprintf        mc_w.l(printfa.o)
    0x0800a288   0x0800a288   0x0000000e   Code   RO         1976    i.__scatterload_copy  mc_w.l(handlers.o)
    0x0800a296   0x0800a296   0x00000002   Code   RO         1977    i.__scatterload_null  mc_w.l(handlers.o)
    0x0800a298   0x0800a298   0x0000000e   Code   RO         1978    i.__scatterload_zeroinit  mc_w.l(handlers.o)
    0x0800a2a6   0x0800a2a6   0x00000002   PAD
    0x0800a2a8   0x0800a2a8   0x00000184   Code   RO         1677    i._fp_digits        mc_w.l(printfa.o)
    0x0800a42c   0x0800a42c   0x000006dc   Code   RO         1678    i._printf_core      mc_w.l(printfa.o)
    0x0800ab08   0x0800ab08   0x00000024   Code   RO         1679    i._printf_post_padding  mc_w.l(printfa.o)
    0x0800ab2c   0x0800ab2c   0x0000002e   Code   RO         1680    i._printf_pre_padding  mc_w.l(printfa.o)
    0x0800ab5a   0x0800ab5a   0x0000000a   Code   RO         1682    i._sputc            mc_w.l(printfa.o)
    0x0800ab64   0x0800ab64   0x000011d0   Data   RO          613    .constdata          stm32f4_discovery_lcd.o
    0x0800bd34   0x0800bd34   0x00000054   Data   RO          645    .constdata          stm32f4_discovery.o
    0x0800bd88   0x0800bd88   0x00000024   Data   RO         1077    .constdata          memp.o
    0x0800bdac   0x0800bdac   0x00000014   Data   RO         1169    .constdata          tcp.o
    0x0800bdc0   0x0800bdc0   0x00000004   Data   RO         1337    .constdata          ip_addr.o
    0x0800bdc4   0x0800bdc4   0x00000004   Data   RO         1338    .constdata          ip_addr.o
    0x0800bdc8   0x0800bdc8   0x0000000c   Data   RO         1376    .constdata          etharp.o
    0x0800bdd4   0x0800bdd4   0x00000075   Data   RO         1170    .conststring        tcp.o
    0x0800be49   0x0800be49   0x00000003   PAD
    0x0800be4c   0x0800be4c   0x00000020   Data   RO         1974    Region$$Table       anon$$obj.o


    Execution Region RW_IRAM1 (Exec base: 0x20000000, Load base: 0x0800be6c, Size: 0x00014f40, Max: 0x00020000, ABSOLUTE, COMPRESSED[0x00000064])

    Exec Addr    Load Addr    Size         Type   Attr      Idx    E Section Name        Object

    0x20000000   COMPRESSED   0x00000014   Data   RW            3    .data               main.o
    0x20000014   COMPRESSED   0x00000014   Data   RW          240    .data               system_stm32f4xx.o
    0x20000028   COMPRESSED   0x00000018   Data   RW          295    .data               tcp_echoclient.o
    0x20000040   COMPRESSED   0x00000018   Data   RW          340    .data               netconf.o
    0x20000058   COMPRESSED   0x00000004   Data   RW          381    .data               stm32f4x7_eth_bsp.o
    0x2000005c   COMPRESSED   0x00000010   Data   RW          617    .data               stm32f4_discovery_lcd.o
    0x2000006c   COMPRESSED   0x0000002c   Data   RW          646    .data               stm32f4_discovery.o
    0x20000098   COMPRESSED   0x00000010   Data   RW          778    .data               stm32f4xx_rcc.o
    0x200000a8   COMPRESSED   0x0000000c   Data   RW          897    .data               stm32f4x7_eth.o
    0x200000b4   COMPRESSED   0x00000004   Data   RW          987    .data               dhcp.o
    0x200000b8   COMPRESSED   0x00000010   Data   RW         1062    .data               mem.o
    0x200000c8   COMPRESSED   0x0000000c   Data   RW         1106    .data               netif.o
    0x200000d4   COMPRESSED   0x00000004   Data   RW         1143    .data               raw.o
    0x200000d8   COMPRESSED   0x0000004c   Data   RW         1171    .data               tcp.o
    0x20000124   COMPRESSED   0x0000001c   Data   RW         1191    .data               tcp_in.o
    0x20000140   COMPRESSED   0x00000004   Data   RW         1225    .data               udp.o
    0x20000144   COMPRESSED   0x0000000c   Data   RW         1316    .data               ip.o
    0x20000150   COMPRESSED   0x00000008   Data   RW         1361    .data               ip_frag.o
    0x20000158   COMPRESSED   0x00000001   Data   RW         1377    .data               etharp.o
    0x20000159   COMPRESSED   0x00000003   PAD
    0x2000015c        -       0x00000064   Zero   RW          294    .bss                tcp_echoclient.o
    0x200001c0        -       0x00000038   Zero   RW          339    .bss                netconf.o
    0x200001f8        -       0x000000a0   Zero   RW          892    .bss                stm32f4x7_eth.o
    0x20000298        -       0x000000a0   Zero   RW          893    .bss                stm32f4x7_eth.o
    0x20000338        -       0x00001dc4   Zero   RW          894    .bss                stm32f4x7_eth.o
    0x200020fc        -       0x00001dc4   Zero   RW          895    .bss                stm32f4x7_eth.o
    0x20003ec0        -       0x0000000c   Zero   RW          896    .bss                stm32f4x7_eth.o
    0x20003ecc        -       0x00002814   Zero   RW         1061    .bss                mem.o
    0x200066e0        -       0x00004d8f   Zero   RW         1076    .bss                memp.o
    0x2000b46f   COMPRESSED   0x00000001   PAD
    0x2000b470        -       0x00000014   Zero   RW         1190    .bss                tcp_in.o
    0x2000b484        -       0x00000010   Zero   RW         1284    .bss                inet.o
    0x2000b494        -       0x000005e0   Zero   RW         1360    .bss                ip_frag.o
    0x2000ba74        -       0x000000c8   Zero   RW         1375    .bss                etharp.o
    0x2000bb3c   COMPRESSED   0x00000004   PAD
    0x2000bb40        -       0x00009400   Zero   RW         1409    STACK               startup_stm32f4xx.o


==============================================================================

Image component sizes


      Code (inc. data)   RO Data    RW Data    ZI Data      Debug   Object Name

       572          8          0          0          0       2982   25lc256.o
       316        122          0          0          0       1854   at_command.o
       816         32          0          0          0       4694   autoip.o
      3620         48          0          4          0      17719   dhcp.o
      1796         24         12          1        200      10494   etharp.o
       380         36          0          0          0       3248   ethernetif.o
         0          0          0          0          0       4633   function.o
       440          0          0          0          0       2954   icmp.o
       432         12          0          0         16       3420   inet.o
       276          0          0          0          0       5838   inet_chksum.o
         0          0          0          0          0       2091   init.o
       772         12          0         12          0       6666   ip.o
        62          0          8          0          0       6017   ip_addr.o
      1308          8          0          8       1504       6556   ip_frag.o
       396        114          0         20          0     383664   main.o
       572          8          0         16      10260       4114   mem.o
       136          8         36          0      19855       3402   memp.o
       188         14          0          0          0       2209   misc.o
       844        222          0         24         56      10236   netconf.o
       412         12          0         12          0       5892   netif.o
      1086          0          0          0          0       6100   pbuf.o
       368          4          0          4          0       4005   raw.o
        36          8        392          0      37888        964   startup_stm32f4xx.o
      1084         30         84         44          0       5283   stm32f4_discovery.o
      3596         46       4560         16          0      15094   stm32f4_discovery_lcd.o
      2992         90          0         12      15572      21300   stm32f4x7_eth.o
       576         64          0          4          0      20358   stm32f4x7_eth_bsp.o
       836         34          0          0          0       7129   stm32f4xx_dma.o
       236         10          0          0          0       2695   stm32f4xx_exti.o
      1204          8          0          0          0       6271   stm32f4xx_fsmc.o
       548         36          0          0          0       4693   stm32f4xx_gpio.o
        44          0          0          0          0       1471   stm32f4xx_it.o
      1076         44          0         16          0      12047   stm32f4xx_rcc.o
       444         16          0          0          0       7640   stm32f4xx_sdio.o
       820         20          0          0          0       7581   stm32f4xx_spi.o
       112         16          0          0          0       1687   stm32f4xx_syscfg.o
       948         24          0          0          0       8732   stm32f4xx_usart.o
       388         36          0         20          0       2011   system_stm32f4xx.o
      2384         46        137         76          0      18964   tcp.o
       628         60          0         24        100       5496   tcp_echoclient.o
      3480         66          0         28         20      14196   tcp_in.o
      2334         12          0          0          0       7866   tcp_out.o
       908         10          0          4          0      14515   udp.o

    ----------------------------------------------------------------------
     39472       1360       5264        348      85476     684781   Object Totals
         0          0         32          0          0          0   (incl. Generated)
         6          0          3          3          5          0   (incl. Padding)

    ----------------------------------------------------------------------

      Code (inc. data)   RO Data    RW Data    ZI Data      Debug   Library Member Name

        86          0          0          0          0          0   __dczerorl2.o
         0          0          0          0          0          0   entry.o
         0          0          0          0          0          0   entry10a.o
         0          0          0          0          0          0   entry11a.o
         8          4          0          0          0          0   entry2.o
         4          0          0          0          0          0   entry5.o
         0          0          0          0          0          0   entry7b.o
         0          0          0          0          0          0   entry8b.o
         8          4          0          0          0          0   entry9a.o
        30          0          0          0          0          0   handlers.o
        36          8          0          0          0         68   init.o
         0          0          0          0          0          0   iusefp.o
        30          0          0          0          0         68   llshl.o
        36          0          0          0          0         68   llsshr.o
        32          0          0          0          0         68   llushr.o
        26          0          0          0          0         80   memcmp.o
        36          0          0          0          0         68   memcpya.o
        36          0          0          0          0        108   memseta.o
      2276         86          0          0          0        520   printfa.o
        14          0          0          0          0         68   strlen.o
        36          0          0          0          0         80   strstr.o
        44          0          0          0          0         80   uidiv.o
        98          0          0          0          0         92   uldiv.o
        48          0          0          0          0         68   cdcmple.o
        48          0          0          0          0         68   cdrcmple.o
       334          0          0          0          0        148   dadd.o
       222          0          0          0          0        100   ddiv.o
       186          0          0          0          0        176   depilogue.o
        48          0          0          0          0         68   dfixul.o
        34          0          0          0          0         76   dflti.o
        26          0          0          0          0         76   dfltui.o
       228          0          0          0          0         96   dmul.o

    ----------------------------------------------------------------------
      4012        102          0          0          0       2244   Library Totals
         2          0          0          0          0          0   (incl. Padding)

    ----------------------------------------------------------------------

      Code (inc. data)   RO Data    RW Data    ZI Data      Debug   Library Name

      2836        102          0          0          0       1368   mc_w.l
      1174          0          0          0          0        876   mf_w.l

    ----------------------------------------------------------------------
      4012        102          0          0          0       2244   Library Totals

    ----------------------------------------------------------------------

==============================================================================


      Code (inc. data)   RO Data    RW Data    ZI Data      Debug   

     43484       1462       5264        348      85476     681381   Grand Totals
     43484       1462       5264        100      85476     681381   ELF Image Totals (compressed)
     43484       1462       5264        100          0          0   ROM Totals

==============================================================================

    Total RO  Size (Code + RO Data)                48748 (  47.61kB)
    Total RW  Size (RW Data + ZI Data)             85824 (  83.81kB)
    Total ROM Size (Code + RO Data + RW Data)      48848 (  47.70kB)

==============================================================================

