<html>
<body>
<pre>
<h1>µVision Build Log</h1>
<h2>Tool Versions:</h2>
IDE-Version: µVision V5.24.2.0
Copyright (C) 2017 ARM Ltd and ARM Germany GmbH. All rights reserved.
License Information: bui Anh Khoa, abc, LIC=ZB4Y8-3T5U3-PA4DH-W94SG-1DVAT-6DK30
 
Tool Versions:
Toolchain:       MDK-ARM Plus  Version: 5.24.1
Toolchain Path:  C:\Keil_v5\ARM\ARMCC\Bin
C Compiler:      Armcc.exe V5.06 update 5 (build 528)
Assembler:       Armasm.exe V5.06 update 5 (build 528)
Linker/Locator:  ArmLink.exe V5.06 update 5 (build 528)
Library Manager: ArmAr.exe V5.06 update 5 (build 528)
Hex Converter:   FromElf.exe V5.06 update 5 (build 528)
CPU DLL:         SARMCM3.DLL V5.24.1
Dialog DLL:      DCM.DLL V1.16.0.0
Target DLL:      STLink\ST-LINKIII-KEIL_SWO.dll V3.0.1.0
Dialog DLL:      TCM.DLL V1.32.0.0
 
<h2>Project:</h2>
C:\Users\Anh Khoa\Documents\RFID door\firmware\STM32F4xx_Ethernet_Example\Project\Standalone\tcp_echo_client\MDK-ARM\Project.uvproj
Project File Date:  06/28/2018

<h2>Output:</h2>
*** Using Compiler 'V5.06 update 5 (build 528)', folder: 'C:\Keil_v5\ARM\ARMCC\Bin'
*** Warning: Using Microlib and C++ file(s) might cause the linker to fail !
  
Rebuild target 'Discover-More'
compiling system_stm32f4xx.c...
compiling 25lc256.cpp...
compiling function.cpp...
..\src\function.cpp(140): warning:  #177-D: variable "flag"  was declared but never referenced
  	int j = 0,flag = 0;
..\src\function.cpp: 1 warning, 0 errors
compiling tcp_echoclient.c...
..\inc\DS1307.h(38): warning:  #1295-D: Deprecated declaration DS1307Init - give arg types
  void DS1307Init();
..\inc\DS1307.h(39): warning:  #1295-D: Deprecated declaration I2CInit - give arg types
  void I2CInit();
..\inc\DS1307.h(40): warning:  #1295-D: Deprecated declaration DS1307ReadTime - give arg types
  DATE_TYPE DS1307ReadTime();
..\inc\DS1307.h(41): warning:  #1295-D: Deprecated declaration DS1307SetTime - give arg types
  void DS1307SetTime();
..\inc\DS1307.h(42): warning:  #1295-D: Deprecated declaration DS1307GetTimeString - give arg types
  char* DS1307GetTimeString();
..\inc\function.h(36): warning:  #1295-D: Deprecated declaration GetOutPutText - give arg types
  unsigned char *GetOutPutText();
..\src\tcp_echoclient.c(109): warning:  #120-D: return value type does not match the function type
  	return str_data;
..\src\tcp_echoclient.c(214): warning:  #177-D: variable "i"  was declared but never referenced
  	char i;
..\src\tcp_echoclient.c: 8 warnings, 0 errors
compiling stm32f4x7_eth_bsp.c...
..\inc\DS1307.h(38): warning:  #1295-D: Deprecated declaration DS1307Init - give arg types
  void DS1307Init();
..\inc\DS1307.h(39): warning:  #1295-D: Deprecated declaration I2CInit - give arg types
  void I2CInit();
..\inc\DS1307.h(40): warning:  #1295-D: Deprecated declaration DS1307ReadTime - give arg types
  DATE_TYPE DS1307ReadTime();
..\inc\DS1307.h(41): warning:  #1295-D: Deprecated declaration DS1307SetTime - give arg types
  void DS1307SetTime();
..\inc\DS1307.h(42): warning:  #1295-D: Deprecated declaration DS1307GetTimeString - give arg types
  char* DS1307GetTimeString();
..\inc\function.h(36): warning:  #1295-D: Deprecated declaration GetOutPutText - give arg types
  unsigned char *GetOutPutText();
..\src\stm32f4x7_eth_bsp.c: 6 warnings, 0 errors
compiling stm32f4xx_it.c...
..\inc\DS1307.h(38): warning:  #1295-D: Deprecated declaration DS1307Init - give arg types
  void DS1307Init();
..\inc\DS1307.h(39): warning:  #1295-D: Deprecated declaration I2CInit - give arg types
  void I2CInit();
..\inc\DS1307.h(40): warning:  #1295-D: Deprecated declaration DS1307ReadTime - give arg types
  DATE_TYPE DS1307ReadTime();
..\inc\DS1307.h(41): warning:  #1295-D: Deprecated declaration DS1307SetTime - give arg types
  void DS1307SetTime();
..\inc\DS1307.h(42): warning:  #1295-D: Deprecated declaration DS1307GetTimeString - give arg types
  char* DS1307GetTimeString();
..\inc\function.h(36): warning:  #1295-D: Deprecated declaration GetOutPutText - give arg types
  unsigned char *GetOutPutText();
..\inc\tcp_echoclient.h(32): warning:  #1295-D: Deprecated declaration get_tcp_pcb - give arg types
  struct tcp_pcb* get_tcp_pcb();
..\inc\tcp_echoclient.h(37): warning:  #1295-D: Deprecated declaration GetDataByteType - give arg types
  uint8_t* GetDataByteType();
..\inc\tcp_echoclient.h(38): warning:  #1295-D: Deprecated declaration GetVoidStr - give arg types
  void* GetVoidStr();
..\src\stm32f4xx_it.c: 9 warnings, 0 errors
compiling netconf.c...
..\inc\DS1307.h(38): warning:  #1295-D: Deprecated declaration DS1307Init - give arg types
  void DS1307Init();
..\inc\DS1307.h(39): warning:  #1295-D: Deprecated declaration I2CInit - give arg types
  void I2CInit();
..\inc\DS1307.h(40): warning:  #1295-D: Deprecated declaration DS1307ReadTime - give arg types
  DATE_TYPE DS1307ReadTime();
..\inc\DS1307.h(41): warning:  #1295-D: Deprecated declaration DS1307SetTime - give arg types
  void DS1307SetTime();
..\inc\DS1307.h(42): warning:  #1295-D: Deprecated declaration DS1307GetTimeString - give arg types
  char* DS1307GetTimeString();
..\inc\function.h(36): warning:  #1295-D: Deprecated declaration GetOutPutText - give arg types
  unsigned char *GetOutPutText();
..\src\netconf.c: 6 warnings, 0 errors
compiling main.c...
..\inc\DS1307.h(38): warning:  #1295-D: Deprecated declaration DS1307Init - give arg types
  void DS1307Init();
..\inc\DS1307.h(39): warning:  #1295-D: Deprecated declaration I2CInit - give arg types
  void I2CInit();
..\inc\DS1307.h(40): warning:  #1295-D: Deprecated declaration DS1307ReadTime - give arg types
  DATE_TYPE DS1307ReadTime();
..\inc\DS1307.h(41): warning:  #1295-D: Deprecated declaration DS1307SetTime - give arg types
  void DS1307SetTime();
..\inc\DS1307.h(42): warning:  #1295-D: Deprecated declaration DS1307GetTimeString - give arg types
  char* DS1307GetTimeString();
..\inc\function.h(36): warning:  #1295-D: Deprecated declaration GetOutPutText - give arg types
  unsigned char *GetOutPutText();
..\inc\tcp_echoclient.h(32): warning:  #1295-D: Deprecated declaration get_tcp_pcb - give arg types
  struct tcp_pcb* get_tcp_pcb();
..\inc\tcp_echoclient.h(37): warning:  #1295-D: Deprecated declaration GetDataByteType - give arg types
  uint8_t* GetDataByteType();
..\inc\tcp_echoclient.h(38): warning:  #1295-D: Deprecated declaration GetVoidStr - give arg types
  void* GetVoidStr();
..\src\main.c(85): warning:  #1295-D: Deprecated declaration Init_peripheral - give arg types
  void Init_peripheral();
..\src\main.c(225): warning:  #167-D: argument of type "unsigned char *" is incompatible with parameter of type "char *restrict"
  		strcpy(str,get_data()); // copy data to str
..\src\main.c(105): warning:  #177-D: variable "i"  was declared but never referenced
  	uint8_t i;
..\src\main.c: 12 warnings, 0 errors
compiling AT_Command.cpp...
compiling U_Print.cpp...
compiling misc.c...
compiling stm32f4xx_dma.c...
compiling stm32f4_discovery.c...
compiling stm32f4xx_adc.c...
compiling stm32f4xx_usart.c...
compiling stm32f4_discovery_lcd.c...
compiling DS1307.c...
..\inc\DS1307.h(38): warning:  #1295-D: Deprecated declaration DS1307Init - give arg types
  void DS1307Init();
..\inc\DS1307.h(39): warning:  #1295-D: Deprecated declaration I2CInit - give arg types
  void I2CInit();
..\inc\DS1307.h(40): warning:  #1295-D: Deprecated declaration DS1307ReadTime - give arg types
  DATE_TYPE DS1307ReadTime();
..\inc\DS1307.h(41): warning:  #1295-D: Deprecated declaration DS1307SetTime - give arg types
  void DS1307SetTime();
..\inc\DS1307.h(42): warning:  #1295-D: Deprecated declaration DS1307GetTimeString - give arg types
  char* DS1307GetTimeString();
..\src\DS1307.c(17): warning:  #177-D: variable "NVIC_InitStructure"  was declared but never referenced
  	NVIC_InitTypeDef NVIC_InitStructure;
..\src\DS1307.c: 6 warnings, 0 errors
compiling stm32f4xx_exti.c...
compiling stm32f4xx_sdio.c...
compiling stm32f4xx_syscfg.c...
compiling stm32f4xx_tim.c...
compiling stm32f4xx_fsmc.c...
compiling stm32f4xx_spi.c...
compiling stm32f4xx_wwdg.c...
compiling stm32f4xx_gpio.c...
compiling api_lib.c...
compiling stm32f4xx_rcc.c...
compiling err.c...
compiling netbuf.c...
compiling api_msg.c...
compiling stm32f4xx_iwdg.c...
compiling netdb.c...
compiling stm32f4xx_i2c.c...
compiling tcpip.c...
compiling dns.c...
compiling netifapi.c...
compiling ethernetif.c...
..\inc\DS1307.h(38): warning:  #1295-D: Deprecated declaration DS1307Init - give arg types
  void DS1307Init();
..\inc\function.h(36): warning:  #1295-D: Deprecated declaration GetOutPutText - give arg types
  unsigned char *GetOutPutText();
..\..\..\..\Utilities\lwip_v1.3.2\port\STM32F4x7\Standalone\ethernetif.c: 6 warnings, 0 errors
);
..\inc\DS1307.h(41): warning:  #1295-D: Deprecated declaration DS1307SetTime - give arg types
  void DS1307SetTime();
..\inc\DS1307.h(42): warning:  #1295-D: Deprecated declaration DS1307GetTimeString - give arg types
  char* DS1307GetTimeString();
compiling dhcp.c...
compiling sockets.c...
compiling netif.c...
compiling mem.c...
..\..\..\..\Utilities\lwip_v1.3.2\src\core\mem.c(184): warning:  #550-D: variable "mem_sem"  was set but never used
  static sys_sem_t mem_sem;
..\..\..\..\Utilities\lwip_v1.3.2\src\core\mem.c: 1 warning, 0 errors
compiling stm32f4x7_eth.c...
compiling stats.c...
compiling raw.c...
compiling memp.c...
compiling pbuf.c...
compiling sys.c...
compiling init.c...
compiling icmp.c...
compiling igmp.c...
compiling autoip.c...
compiling tcp_in.c...
compiling tcp.c...
compiling tcp_out.c...
..\..\..\..\Utilities\lwip_v1.3.2\src\core\tcp_out.c(465): warning:  #550-D: variable "tcphdr"  was set but never used
    struct tcp_hdr *tcphdr;
..\..\..\..\Utilities\lwip_v1.3.2\src\core\tcp_out.c(935): warning:  #550-D: variable "tcphdr"  was set but never used
    struct tcp_hdr *tcphdr;
..\..\..\..\Utilities\lwip_v1.3.2\src\core\tcp_out.c: 2 warnings, 0 errors
compiling inet.c...
compiling ip_frag.c...
compiling ip.c...
compiling inet_chksum.c...
compiling udp.c...
compiling loopif.c...
compiling etharp.c...
compiling ip_addr.c...
assembling startup_stm32f4xx.s...
compiling slipif.c...
linking...
Program Size: Code=50760 RO-data=5264 RW-data=384 ZI-data=122928  
FromELF: creating hex file...
".\Discover-More\Project.axf" - 0 Error(s), 55 Warning(s).
Build Time Elapsed:  00:00:14
</pre>
</body>
</html>
