<html>
<body>
<pre>
<h1>µVision Build Log</h1>
<h2>Tool Versions:</h2>
IDE-Version: µVision V5.24.2.0
Copyright (C) 2017 ARM Ltd and ARM Germany GmbH. All rights reserved.
License Information: Bui Anh Khoa, noname, LIC=CZLLQ-NPVYW-7R8X3-AKZWK-DUAXD-LB4KE
 
Tool Versions:
Toolchain:       MDK-ARM Plus  Version: 5.24.1
Toolchain Path:  C:\Keil_v5\ARM\ARMCC\Bin
C Compiler:      Armcc.exe V5.06 update 5 (build 528)
Assembler:       Armasm.exe V5.06 update 5 (build 528)
Linker/Locator:  ArmLink.exe V5.06 update 5 (build 528)
Library Manager: ArmAr.exe V5.06 update 5 (build 528)
Hex Converter:   FromElf.exe V5.06 update 5 (build 528)
CPU DLL:         SARMCM3.DLL V5.24.1
Dialog DLL:      DCM.DLL V1.16.0.0
Target DLL:      STLink\ST-LINKIII-KEIL_SWO.dll V3.0.1.0
Dialog DLL:      TCM.DLL V1.32.0.0
 
<h2>Project:</h2>
C:\Users\Anh Khoa\Documents\RFID door\firmware\STM32F4-master\STM32F4-master\STM32F4 Discovery Software Examples\STM32F4xx_Ethernet_Example\Project\Standalone\httpserver\MDK-ARM\Project.uvproj
Project File Date:  11/07/2017

<h2>Output:</h2>
*** Using Compiler 'V5.06 update 5 (build 528)', folder: 'C:\Keil_v5\ARM\ARMCC\Bin'
Rebuild target 'Discover-More'
compiling fs.c...
compiling system_stm32f4xx.c...
compiling stm32f4x7_eth_bsp.c...
compiling main.c...
compiling httpd_cgi_ssi.c...
compiling netconf.c...
..\src\netconf.c(92): warning:  #177-D: variable "iptab"  was declared but never referenced
    uint8_t iptab[4];
..\src\netconf.c(93): warning:  #177-D: variable "iptxt"  was declared but never referenced
    uint8_t iptxt[20];
..\src\netconf.c: 2 warnings, 0 errors
compiling stm32f4xx_it.c...
compiling httpd.c...
..\src\httpd.c(2047): warning:  #177-D: variable "lpcb"  was declared but never referenced
    struct tcp_pcb_listen *lpcb = (struct tcp_pcb_listen*)arg;
..\src\httpd.c: 1 warning, 0 errors
compiling stm32f4_discovery_lcd.c...
compiling stm32f4_discovery.c...
compiling misc.c...
compiling stm32f4xx_dma.c...
compiling stm32f4xx_usart.c...
compiling stm32f4xx_exti.c...
compiling stm32f4xx_adc.c...
compiling stm32f4xx_fsmc.c...
compiling stm32f4xx_gpio.c...
compiling api_lib.c...
compiling stm32f4xx_rcc.c...
compiling err.c...
compiling api_msg.c...
compiling netbuf.c...
compiling netdb.c...
compiling tcpip.c...
compiling sockets.c...
compiling netifapi.c...
compiling stm32f4xx_sdio.c...
compiling stm32f4xx_syscfg.c...
compiling dns.c...
compiling ethernetif.c...
compiling dhcp.c...
compiling netif.c...
compiling pbuf.c...
compiling memp.c...
compiling mem.c...
..\..\..\..\Utilities\lwip_v1.3.2\src\core\mem.c(184): warning:  #550-D: variable "mem_sem"  was set but never used
  static sys_sem_t mem_sem;
..\..\..\..\Utilities\lwip_v1.3.2\src\core\mem.c: 1 warning, 0 errors
compiling stm32f4x7_eth.c...
compiling init.c...
compiling stats.c...
compiling raw.c...
compiling sys.c...
compiling udp.c...
compiling tcp.c...
compiling autoip.c...
compiling tcp_in.c...
compiling igmp.c...
compiling icmp.c...
compiling tcp_out.c...
..\..\..\..\Utilities\lwip_v1.3.2\src\core\tcp_out.c(465): warning:  #550-D: variable "tcphdr"  was set but never used
    struct tcp_hdr *tcphdr;
..\..\..\..\Utilities\lwip_v1.3.2\src\core\tcp_out.c(935): warning:  #550-D: variable "tcphdr"  was set but never used
    struct tcp_hdr *tcphdr;
..\..\..\..\Utilities\lwip_v1.3.2\src\core\tcp_out.c: 2 warnings, 0 errors
compiling inet.c...
compiling loopif.c...
compiling ip_addr.c...
compiling slipif.c...
compiling inet_chksum.c...
compiling etharp.c...
compiling ip_frag.c...
compiling ip.c...
assembling startup_stm32f4xx.s...
linking...
Program Size: Code=25196 RO-data=57576 RW-data=332 ZI-data=39172  
".\Discover-More\Project.axf" - 0 Error(s), 6 Warning(s).
Build Time Elapsed:  00:00:07
</pre>
</body>
</html>
